stm32f407_can_driver.c:2:10:CAN_Driver_TSR	16	static
stm32f407_can_driver.c:14:9:CAN_SetUpID	24	static
stm32f407_can_driver.c:23:9:CAN_SetUpLD	24	static
stm32f407_can_driver.c:32:9:CAN_WriteData	24	static
stm32f407_can_driver.c:49:9:CAN_IPVSetTransmission	16	static
stm32f407_can_driver.c:58:9:CAN_StatusMailBox	16	static
stm32f407_can_driver.c:69:10:CAN_GetID	16	static
stm32f407_can_driver.c:78:9:CAN_GetDataLength	16	static
stm32f407_can_driver.c:87:9:CAN_ReadData	24	static
stm32f407_can_driver.c:103:9:CAN_Release	16	static
stm32f407_can_driver.c:112:9:CAN_ExitSleepMode	16	static
stm32f407_can_driver.c:121:9:CAN_RXTimeTrigger	24	static
stm32f407_can_driver.c:136:9:CAN_AutoRetransmit	16	static
stm32f407_can_driver.c:145:9:CAN_LockFIFOMode	16	static
stm32f407_can_driver.c:154:9:CAN_SetBitTime	24	static
stm32f407_can_driver.c:167:9:CAN_SetMCRINRQ	24	static
stm32f407_can_driver.c:184:9:CAN_InitModeFilter	24	static
stm32f407_can_driver.c:202:9:CAN_DeInitFilter	24	static
stm32f407_can_driver.c:210:9:CAN_FilterScale	24	static
stm32f407_can_driver.c:229:9:CAN_FilterMode	24	static
stm32f407_can_driver.c:238:9:CAN_FilterFIFOAs	24	static
stm32f407_can_driver.c:247:9:CAN_InitFilter	24	static
stm32f407_can_driver.c:255:9:CAN_SetBitTime1	24	static
stm32f407_can_driver.c:263:9:CAN_SetBitTime2	24	static
stm32f407_can_driver.c:271:9:CAN_setBitBRP	24	static
