Archive member included to satisfy reference by file (symbol)

d:/programs/st/stm32cubeide_1.4.0/stm32cubeide/plugins/com.st.stm32cube.ide.mcu.externaltools.gnu-tools-for-stm32.7-2018-q2-update.win32_1.4.0.202007081208/tools/bin/../lib/gcc/arm-none-eabi/7.3.1/../../../../arm-none-eabi/lib/thumb/v7e-m/fpv4-sp/hard\libc_nano.a(lib_a-errno.o)
                              Src/syscalls.o (__errno)
d:/programs/st/stm32cubeide_1.4.0/stm32cubeide/plugins/com.st.stm32cube.ide.mcu.externaltools.gnu-tools-for-stm32.7-2018-q2-update.win32_1.4.0.202007081208/tools/bin/../lib/gcc/arm-none-eabi/7.3.1/../../../../arm-none-eabi/lib/thumb/v7e-m/fpv4-sp/hard\libc_nano.a(lib_a-exit.o)
                              d:/programs/st/stm32cubeide_1.4.0/stm32cubeide/plugins/com.st.stm32cube.ide.mcu.externaltools.gnu-tools-for-stm32.7-2018-q2-update.win32_1.4.0.202007081208/tools/bin/../lib/gcc/arm-none-eabi/7.3.1/../../../../arm-none-eabi/lib/thumb/v7e-m/fpv4-sp/hard/crt0.o (exit)
d:/programs/st/stm32cubeide_1.4.0/stm32cubeide/plugins/com.st.stm32cube.ide.mcu.externaltools.gnu-tools-for-stm32.7-2018-q2-update.win32_1.4.0.202007081208/tools/bin/../lib/gcc/arm-none-eabi/7.3.1/../../../../arm-none-eabi/lib/thumb/v7e-m/fpv4-sp/hard\libc_nano.a(lib_a-impure.o)
                              d:/programs/st/stm32cubeide_1.4.0/stm32cubeide/plugins/com.st.stm32cube.ide.mcu.externaltools.gnu-tools-for-stm32.7-2018-q2-update.win32_1.4.0.202007081208/tools/bin/../lib/gcc/arm-none-eabi/7.3.1/../../../../arm-none-eabi/lib/thumb/v7e-m/fpv4-sp/hard\libc_nano.a(lib_a-exit.o) (_global_impure_ptr)
d:/programs/st/stm32cubeide_1.4.0/stm32cubeide/plugins/com.st.stm32cube.ide.mcu.externaltools.gnu-tools-for-stm32.7-2018-q2-update.win32_1.4.0.202007081208/tools/bin/../lib/gcc/arm-none-eabi/7.3.1/../../../../arm-none-eabi/lib/thumb/v7e-m/fpv4-sp/hard\libc_nano.a(lib_a-init.o)
                              d:/programs/st/stm32cubeide_1.4.0/stm32cubeide/plugins/com.st.stm32cube.ide.mcu.externaltools.gnu-tools-for-stm32.7-2018-q2-update.win32_1.4.0.202007081208/tools/bin/../lib/gcc/arm-none-eabi/7.3.1/../../../../arm-none-eabi/lib/thumb/v7e-m/fpv4-sp/hard/crt0.o (__libc_init_array)
d:/programs/st/stm32cubeide_1.4.0/stm32cubeide/plugins/com.st.stm32cube.ide.mcu.externaltools.gnu-tools-for-stm32.7-2018-q2-update.win32_1.4.0.202007081208/tools/bin/../lib/gcc/arm-none-eabi/7.3.1/../../../../arm-none-eabi/lib/thumb/v7e-m/fpv4-sp/hard\libc_nano.a(lib_a-memset.o)
                              d:/programs/st/stm32cubeide_1.4.0/stm32cubeide/plugins/com.st.stm32cube.ide.mcu.externaltools.gnu-tools-for-stm32.7-2018-q2-update.win32_1.4.0.202007081208/tools/bin/../lib/gcc/arm-none-eabi/7.3.1/../../../../arm-none-eabi/lib/thumb/v7e-m/fpv4-sp/hard/crt0.o (memset)

Allocating common symbols
Common symbol       size              file

RxFifo              0x4               Src/main.o
DataNode1           0x4               Src/main.o
huart5              0x4               Src/main.o
DataNode2           0x4               Src/main.o
TxMailbox           0x4               Src/main.o
BufferRead          0x4               Src/main.o
RxData              0x8               Src/main.o
hcan1               0x24              Src/main.o
TxHeader            0x14              Src/main.o
RxHeader            0x1c              Src/main.o

Discarded input sections

 .text          0x0000000000000000        0x0 d:/programs/st/stm32cubeide_1.4.0/stm32cubeide/plugins/com.st.stm32cube.ide.mcu.externaltools.gnu-tools-for-stm32.7-2018-q2-update.win32_1.4.0.202007081208/tools/bin/../lib/gcc/arm-none-eabi/7.3.1/thumb/v7e-m/fpv4-sp/hard/crti.o
 .data          0x0000000000000000        0x0 d:/programs/st/stm32cubeide_1.4.0/stm32cubeide/plugins/com.st.stm32cube.ide.mcu.externaltools.gnu-tools-for-stm32.7-2018-q2-update.win32_1.4.0.202007081208/tools/bin/../lib/gcc/arm-none-eabi/7.3.1/thumb/v7e-m/fpv4-sp/hard/crti.o
 .bss           0x0000000000000000        0x0 d:/programs/st/stm32cubeide_1.4.0/stm32cubeide/plugins/com.st.stm32cube.ide.mcu.externaltools.gnu-tools-for-stm32.7-2018-q2-update.win32_1.4.0.202007081208/tools/bin/../lib/gcc/arm-none-eabi/7.3.1/thumb/v7e-m/fpv4-sp/hard/crti.o
 .data          0x0000000000000000        0x4 d:/programs/st/stm32cubeide_1.4.0/stm32cubeide/plugins/com.st.stm32cube.ide.mcu.externaltools.gnu-tools-for-stm32.7-2018-q2-update.win32_1.4.0.202007081208/tools/bin/../lib/gcc/arm-none-eabi/7.3.1/thumb/v7e-m/fpv4-sp/hard/crtbegin.o
 .text          0x0000000000000000       0x74 d:/programs/st/stm32cubeide_1.4.0/stm32cubeide/plugins/com.st.stm32cube.ide.mcu.externaltools.gnu-tools-for-stm32.7-2018-q2-update.win32_1.4.0.202007081208/tools/bin/../lib/gcc/arm-none-eabi/7.3.1/../../../../arm-none-eabi/lib/thumb/v7e-m/fpv4-sp/hard/crt0.o
 .data          0x0000000000000000        0x0 d:/programs/st/stm32cubeide_1.4.0/stm32cubeide/plugins/com.st.stm32cube.ide.mcu.externaltools.gnu-tools-for-stm32.7-2018-q2-update.win32_1.4.0.202007081208/tools/bin/../lib/gcc/arm-none-eabi/7.3.1/../../../../arm-none-eabi/lib/thumb/v7e-m/fpv4-sp/hard/crt0.o
 .bss           0x0000000000000000        0x0 d:/programs/st/stm32cubeide_1.4.0/stm32cubeide/plugins/com.st.stm32cube.ide.mcu.externaltools.gnu-tools-for-stm32.7-2018-q2-update.win32_1.4.0.202007081208/tools/bin/../lib/gcc/arm-none-eabi/7.3.1/../../../../arm-none-eabi/lib/thumb/v7e-m/fpv4-sp/hard/crt0.o
 .ARM.extab     0x0000000000000000        0x0 d:/programs/st/stm32cubeide_1.4.0/stm32cubeide/plugins/com.st.stm32cube.ide.mcu.externaltools.gnu-tools-for-stm32.7-2018-q2-update.win32_1.4.0.202007081208/tools/bin/../lib/gcc/arm-none-eabi/7.3.1/../../../../arm-none-eabi/lib/thumb/v7e-m/fpv4-sp/hard/crt0.o
 .ARM.exidx     0x0000000000000000        0x8 d:/programs/st/stm32cubeide_1.4.0/stm32cubeide/plugins/com.st.stm32cube.ide.mcu.externaltools.gnu-tools-for-stm32.7-2018-q2-update.win32_1.4.0.202007081208/tools/bin/../lib/gcc/arm-none-eabi/7.3.1/../../../../arm-none-eabi/lib/thumb/v7e-m/fpv4-sp/hard/crt0.o
 .ARM.attributes
                0x0000000000000000       0x20 d:/programs/st/stm32cubeide_1.4.0/stm32cubeide/plugins/com.st.stm32cube.ide.mcu.externaltools.gnu-tools-for-stm32.7-2018-q2-update.win32_1.4.0.202007081208/tools/bin/../lib/gcc/arm-none-eabi/7.3.1/../../../../arm-none-eabi/lib/thumb/v7e-m/fpv4-sp/hard/crt0.o
 .group         0x0000000000000000        0xc Src/app/stm32f407_can_app.o
 .group         0x0000000000000000        0xc Src/app/stm32f407_can_app.o
 .group         0x0000000000000000        0xc Src/app/stm32f407_can_app.o
 .group         0x0000000000000000        0xc Src/app/stm32f407_can_app.o
 .group         0x0000000000000000        0xc Src/app/stm32f407_can_app.o
 .group         0x0000000000000000        0xc Src/app/stm32f407_can_app.o
 .group         0x0000000000000000        0xc Src/app/stm32f407_can_app.o
 .group         0x0000000000000000        0xc Src/app/stm32f407_can_app.o
 .group         0x0000000000000000        0xc Src/app/stm32f407_can_app.o
 .group         0x0000000000000000        0xc Src/app/stm32f407_can_app.o
 .group         0x0000000000000000        0xc Src/app/stm32f407_can_app.o
 .text          0x0000000000000000        0x0 Src/app/stm32f407_can_app.o
 .data          0x0000000000000000        0x0 Src/app/stm32f407_can_app.o
 .bss           0x0000000000000000        0x0 Src/app/stm32f407_can_app.o
 .text.CAN_AddTxMessage
                0x0000000000000000       0x32 Src/app/stm32f407_can_app.o
 .group         0x0000000000000000        0xc Src/app/stm32f407_flash_app.o
 .group         0x0000000000000000        0xc Src/app/stm32f407_flash_app.o
 .group         0x0000000000000000        0xc Src/app/stm32f407_flash_app.o
 .group         0x0000000000000000        0xc Src/app/stm32f407_flash_app.o
 .group         0x0000000000000000        0xc Src/app/stm32f407_flash_app.o
 .group         0x0000000000000000        0xc Src/app/stm32f407_flash_app.o
 .group         0x0000000000000000        0xc Src/app/stm32f407_flash_app.o
 .group         0x0000000000000000        0xc Src/app/stm32f407_flash_app.o
 .group         0x0000000000000000        0xc Src/app/stm32f407_flash_app.o
 .group         0x0000000000000000        0xc Src/app/stm32f407_flash_app.o
 .group         0x0000000000000000        0xc Src/app/stm32f407_flash_app.o
 .group         0x0000000000000000        0xc Src/app/stm32f407_flash_app.o
 .text          0x0000000000000000        0x0 Src/app/stm32f407_flash_app.o
 .data          0x0000000000000000        0x0 Src/app/stm32f407_flash_app.o
 .bss           0x0000000000000000        0x0 Src/app/stm32f407_flash_app.o
 .debug_macro   0x0000000000000000      0xa60 Src/app/stm32f407_flash_app.o
 .debug_macro   0x0000000000000000       0x22 Src/app/stm32f407_flash_app.o
 .debug_macro   0x0000000000000000       0x8e Src/app/stm32f407_flash_app.o
 .debug_macro   0x0000000000000000       0x51 Src/app/stm32f407_flash_app.o
 .debug_macro   0x0000000000000000       0xef Src/app/stm32f407_flash_app.o
 .debug_macro   0x0000000000000000       0x6a Src/app/stm32f407_flash_app.o
 .debug_macro   0x0000000000000000      0x1df Src/app/stm32f407_flash_app.o
 .debug_macro   0x0000000000000000       0x16 Src/app/stm32f407_flash_app.o
 .debug_macro   0x0000000000000000       0x8e Src/app/stm32f407_flash_app.o
 .debug_macro   0x0000000000000000      0x33f Src/app/stm32f407_flash_app.o
 .group         0x0000000000000000        0xc Src/driver/stm32f407_can_driver.o
 .group         0x0000000000000000        0xc Src/driver/stm32f407_can_driver.o
 .group         0x0000000000000000        0xc Src/driver/stm32f407_can_driver.o
 .group         0x0000000000000000        0xc Src/driver/stm32f407_can_driver.o
 .group         0x0000000000000000        0xc Src/driver/stm32f407_can_driver.o
 .group         0x0000000000000000        0xc Src/driver/stm32f407_can_driver.o
 .group         0x0000000000000000        0xc Src/driver/stm32f407_can_driver.o
 .group         0x0000000000000000        0xc Src/driver/stm32f407_can_driver.o
 .group         0x0000000000000000        0xc Src/driver/stm32f407_can_driver.o
 .group         0x0000000000000000        0xc Src/driver/stm32f407_can_driver.o
 .group         0x0000000000000000        0xc Src/driver/stm32f407_can_driver.o
 .text          0x0000000000000000        0x0 Src/driver/stm32f407_can_driver.o
 .data          0x0000000000000000        0x0 Src/driver/stm32f407_can_driver.o
 .bss           0x0000000000000000        0x0 Src/driver/stm32f407_can_driver.o
 .text.CAN_Driver_TSR
                0x0000000000000000       0x20 Src/driver/stm32f407_can_driver.o
 .text.CAN_SetUpID
                0x0000000000000000       0x2c Src/driver/stm32f407_can_driver.o
 .text.CAN_SetUpLD
                0x0000000000000000       0x28 Src/driver/stm32f407_can_driver.o
 .text.CAN_WriteData
                0x0000000000000000       0x74 Src/driver/stm32f407_can_driver.o
 .text.CAN_IPVSetTransmission
                0x0000000000000000       0x2c Src/driver/stm32f407_can_driver.o
 .text.CAN_SetBitTime
                0x0000000000000000       0x40 Src/driver/stm32f407_can_driver.o
 .debug_macro   0x0000000000000000      0xa60 Src/driver/stm32f407_can_driver.o
 .debug_macro   0x0000000000000000       0x22 Src/driver/stm32f407_can_driver.o
 .debug_macro   0x0000000000000000       0x8e Src/driver/stm32f407_can_driver.o
 .debug_macro   0x0000000000000000       0x51 Src/driver/stm32f407_can_driver.o
 .debug_macro   0x0000000000000000       0xef Src/driver/stm32f407_can_driver.o
 .debug_macro   0x0000000000000000       0x6a Src/driver/stm32f407_can_driver.o
 .debug_macro   0x0000000000000000      0x1df Src/driver/stm32f407_can_driver.o
 .debug_macro   0x0000000000000000       0x16 Src/driver/stm32f407_can_driver.o
 .debug_macro   0x0000000000000000       0x8e Src/driver/stm32f407_can_driver.o
 .debug_macro   0x0000000000000000      0x33f Src/driver/stm32f407_can_driver.o
 .group         0x0000000000000000        0xc Src/driver/stm32f407_flash_driver.o
 .group         0x0000000000000000        0xc Src/driver/stm32f407_flash_driver.o
 .group         0x0000000000000000        0xc Src/driver/stm32f407_flash_driver.o
 .group         0x0000000000000000        0xc Src/driver/stm32f407_flash_driver.o
 .group         0x0000000000000000        0xc Src/driver/stm32f407_flash_driver.o
 .group         0x0000000000000000        0xc Src/driver/stm32f407_flash_driver.o
 .group         0x0000000000000000        0xc Src/driver/stm32f407_flash_driver.o
 .group         0x0000000000000000        0xc Src/driver/stm32f407_flash_driver.o
 .group         0x0000000000000000        0xc Src/driver/stm32f407_flash_driver.o
 .group         0x0000000000000000        0xc Src/driver/stm32f407_flash_driver.o
 .group         0x0000000000000000        0xc Src/driver/stm32f407_flash_driver.o
 .group         0x0000000000000000        0xc Src/driver/stm32f407_flash_driver.o
 .text          0x0000000000000000        0x0 Src/driver/stm32f407_flash_driver.o
 .data          0x0000000000000000        0x0 Src/driver/stm32f407_flash_driver.o
 .bss           0x0000000000000000        0x0 Src/driver/stm32f407_flash_driver.o
 .debug_macro   0x0000000000000000      0xa60 Src/driver/stm32f407_flash_driver.o
 .debug_macro   0x0000000000000000       0x22 Src/driver/stm32f407_flash_driver.o
 .debug_macro   0x0000000000000000       0x8e Src/driver/stm32f407_flash_driver.o
 .debug_macro   0x0000000000000000       0x51 Src/driver/stm32f407_flash_driver.o
 .debug_macro   0x0000000000000000       0xef Src/driver/stm32f407_flash_driver.o
 .debug_macro   0x0000000000000000       0x6a Src/driver/stm32f407_flash_driver.o
 .debug_macro   0x0000000000000000      0x1df Src/driver/stm32f407_flash_driver.o
 .debug_macro   0x0000000000000000       0x16 Src/driver/stm32f407_flash_driver.o
 .debug_macro   0x0000000000000000       0x8e Src/driver/stm32f407_flash_driver.o
 .debug_macro   0x0000000000000000      0x160 Src/driver/stm32f407_flash_driver.o
 .debug_macro   0x0000000000000000      0x33f Src/driver/stm32f407_flash_driver.o
 .debug_macro   0x0000000000000000      0x1c6 Src/driver/stm32f407_flash_driver.o
 .group         0x0000000000000000        0xc Src/driver/stm32f407_gpio_driver.o
 .group         0x0000000000000000        0xc Src/driver/stm32f407_gpio_driver.o
 .group         0x0000000000000000        0xc Src/driver/stm32f407_gpio_driver.o
 .group         0x0000000000000000        0xc Src/driver/stm32f407_gpio_driver.o
 .group         0x0000000000000000        0xc Src/driver/stm32f407_gpio_driver.o
 .group         0x0000000000000000        0xc Src/driver/stm32f407_gpio_driver.o
 .group         0x0000000000000000        0xc Src/driver/stm32f407_gpio_driver.o
 .group         0x0000000000000000        0xc Src/driver/stm32f407_gpio_driver.o
 .group         0x0000000000000000        0xc Src/driver/stm32f407_gpio_driver.o
 .group         0x0000000000000000        0xc Src/driver/stm32f407_gpio_driver.o
 .group         0x0000000000000000        0xc Src/driver/stm32f407_gpio_driver.o
 .text          0x0000000000000000        0x0 Src/driver/stm32f407_gpio_driver.o
 .data          0x0000000000000000        0x0 Src/driver/stm32f407_gpio_driver.o
 .bss           0x0000000000000000        0x0 Src/driver/stm32f407_gpio_driver.o
 .text.GPIO_ReadFromInputPin
                0x0000000000000000       0x2c Src/driver/stm32f407_gpio_driver.o
 .text.GPIO_ReadFromInputPort
                0x0000000000000000       0x1a Src/driver/stm32f407_gpio_driver.o
 .text.GPIO_WriteOutputPort
                0x0000000000000000       0x1e Src/driver/stm32f407_gpio_driver.o
 .text.GPIO_WriteOutputPin
                0x0000000000000000       0x50 Src/driver/stm32f407_gpio_driver.o
 .text.GPIO_IRQInterruptConfig
                0x0000000000000000      0x154 Src/driver/stm32f407_gpio_driver.o
 .text.GPIO_IRQPriorityConfig
                0x0000000000000000       0x5c Src/driver/stm32f407_gpio_driver.o
 .text.GPIO_IRQHandling
                0x0000000000000000       0x40 Src/driver/stm32f407_gpio_driver.o
 .debug_macro   0x0000000000000000      0xa60 Src/driver/stm32f407_gpio_driver.o
 .debug_macro   0x0000000000000000       0x22 Src/driver/stm32f407_gpio_driver.o
 .debug_macro   0x0000000000000000       0x8e Src/driver/stm32f407_gpio_driver.o
 .debug_macro   0x0000000000000000       0x51 Src/driver/stm32f407_gpio_driver.o
 .debug_macro   0x0000000000000000       0xef Src/driver/stm32f407_gpio_driver.o
 .debug_macro   0x0000000000000000       0x6a Src/driver/stm32f407_gpio_driver.o
 .debug_macro   0x0000000000000000      0x1df Src/driver/stm32f407_gpio_driver.o
 .debug_macro   0x0000000000000000       0x16 Src/driver/stm32f407_gpio_driver.o
 .debug_macro   0x0000000000000000       0x8e Src/driver/stm32f407_gpio_driver.o
 .debug_macro   0x0000000000000000      0x160 Src/driver/stm32f407_gpio_driver.o
 .debug_macro   0x0000000000000000      0x33f Src/driver/stm32f407_gpio_driver.o
 .group         0x0000000000000000        0xc Src/driver/stm32f407_rcc_driver.o
 .group         0x0000000000000000        0xc Src/driver/stm32f407_rcc_driver.o
 .group         0x0000000000000000        0xc Src/driver/stm32f407_rcc_driver.o
 .group         0x0000000000000000        0xc Src/driver/stm32f407_rcc_driver.o
 .group         0x0000000000000000        0xc Src/driver/stm32f407_rcc_driver.o
 .group         0x0000000000000000        0xc Src/driver/stm32f407_rcc_driver.o
 .group         0x0000000000000000        0xc Src/driver/stm32f407_rcc_driver.o
 .group         0x0000000000000000        0xc Src/driver/stm32f407_rcc_driver.o
 .group         0x0000000000000000        0xc Src/driver/stm32f407_rcc_driver.o
 .group         0x0000000000000000        0xc Src/driver/stm32f407_rcc_driver.o
 .group         0x0000000000000000        0xc Src/driver/stm32f407_rcc_driver.o
 .text          0x0000000000000000        0x0 Src/driver/stm32f407_rcc_driver.o
 .data          0x0000000000000000        0x0 Src/driver/stm32f407_rcc_driver.o
 .bss           0x0000000000000000        0x0 Src/driver/stm32f407_rcc_driver.o
 .data.AHB_PreScaler
                0x0000000000000000       0x10 Src/driver/stm32f407_rcc_driver.o
 .data.APB1_PreScaler
                0x0000000000000000        0x4 Src/driver/stm32f407_rcc_driver.o
 .text.RCC_GetPCLK1Value
                0x0000000000000000       0xb4 Src/driver/stm32f407_rcc_driver.o
 .text.RCC_GetPCLK2Value
                0x0000000000000000       0xa0 Src/driver/stm32f407_rcc_driver.o
 .debug_info    0x0000000000000000      0x3ab Src/driver/stm32f407_rcc_driver.o
 .debug_abbrev  0x0000000000000000      0x102 Src/driver/stm32f407_rcc_driver.o
 .debug_aranges
                0x0000000000000000       0x28 Src/driver/stm32f407_rcc_driver.o
 .debug_ranges  0x0000000000000000       0x18 Src/driver/stm32f407_rcc_driver.o
 .debug_macro   0x0000000000000000       0xa5 Src/driver/stm32f407_rcc_driver.o
 .debug_macro   0x0000000000000000      0xa60 Src/driver/stm32f407_rcc_driver.o
 .debug_macro   0x0000000000000000       0x22 Src/driver/stm32f407_rcc_driver.o
 .debug_macro   0x0000000000000000       0x8e Src/driver/stm32f407_rcc_driver.o
 .debug_macro   0x0000000000000000       0x51 Src/driver/stm32f407_rcc_driver.o
 .debug_macro   0x0000000000000000       0xef Src/driver/stm32f407_rcc_driver.o
 .debug_macro   0x0000000000000000       0x6a Src/driver/stm32f407_rcc_driver.o
 .debug_macro   0x0000000000000000      0x1df Src/driver/stm32f407_rcc_driver.o
 .debug_macro   0x0000000000000000       0x16 Src/driver/stm32f407_rcc_driver.o
 .debug_macro   0x0000000000000000       0x8e Src/driver/stm32f407_rcc_driver.o
 .debug_macro   0x0000000000000000      0x160 Src/driver/stm32f407_rcc_driver.o
 .debug_macro   0x0000000000000000      0x33f Src/driver/stm32f407_rcc_driver.o
 .debug_line    0x0000000000000000      0x47a Src/driver/stm32f407_rcc_driver.o
 .debug_str     0x0000000000000000     0x5c21 Src/driver/stm32f407_rcc_driver.o
 .comment       0x0000000000000000       0x7c Src/driver/stm32f407_rcc_driver.o
 .debug_frame   0x0000000000000000       0x5c Src/driver/stm32f407_rcc_driver.o
 .ARM.attributes
                0x0000000000000000       0x39 Src/driver/stm32f407_rcc_driver.o
 .group         0x0000000000000000        0xc Src/driver/stm32f407_usart_driver.o
 .group         0x0000000000000000        0xc Src/driver/stm32f407_usart_driver.o
 .group         0x0000000000000000        0xc Src/driver/stm32f407_usart_driver.o
 .group         0x0000000000000000        0xc Src/driver/stm32f407_usart_driver.o
 .group         0x0000000000000000        0xc Src/driver/stm32f407_usart_driver.o
 .group         0x0000000000000000        0xc Src/driver/stm32f407_usart_driver.o
 .group         0x0000000000000000        0xc Src/driver/stm32f407_usart_driver.o
 .group         0x0000000000000000        0xc Src/driver/stm32f407_usart_driver.o
 .group         0x0000000000000000        0xc Src/driver/stm32f407_usart_driver.o
 .group         0x0000000000000000        0xc Src/driver/stm32f407_usart_driver.o
 .group         0x0000000000000000        0xc Src/driver/stm32f407_usart_driver.o
 .text          0x0000000000000000        0x0 Src/driver/stm32f407_usart_driver.o
 .data          0x0000000000000000        0x0 Src/driver/stm32f407_usart_driver.o
 .bss           0x0000000000000000        0x0 Src/driver/stm32f407_usart_driver.o
 .text.USART_Init
                0x0000000000000000       0xb0 Src/driver/stm32f407_usart_driver.o
 .text.UART_Transmit
                0x0000000000000000       0x50 Src/driver/stm32f407_usart_driver.o
 .text.USART_SentData
                0x0000000000000000       0x28 Src/driver/stm32f407_usart_driver.o
 .text.USART_ReceiveData
                0x0000000000000000       0x1e Src/driver/stm32f407_usart_driver.o
 .text.USART_ITConfig
                0x0000000000000000       0x40 Src/driver/stm32f407_usart_driver.o
 .text.USART_GetITStatus
                0x0000000000000000        0xe Src/driver/stm32f407_usart_driver.o
 .text.USART_ClearPendingBit
                0x0000000000000000        0xe Src/driver/stm32f407_usart_driver.o
 .text.USART_GetFlagStatus
                0x0000000000000000       0x44 Src/driver/stm32f407_usart_driver.o
 .text.USART_ClearFlag
                0x0000000000000000       0x48 Src/driver/stm32f407_usart_driver.o
 .text.UART_Transmit1
                0x0000000000000000       0x50 Src/driver/stm32f407_usart_driver.o
 .debug_macro   0x0000000000000000      0xa60 Src/driver/stm32f407_usart_driver.o
 .debug_macro   0x0000000000000000       0x22 Src/driver/stm32f407_usart_driver.o
 .debug_macro   0x0000000000000000       0x8e Src/driver/stm32f407_usart_driver.o
 .debug_macro   0x0000000000000000       0x51 Src/driver/stm32f407_usart_driver.o
 .debug_macro   0x0000000000000000       0xef Src/driver/stm32f407_usart_driver.o
 .debug_macro   0x0000000000000000       0x6a Src/driver/stm32f407_usart_driver.o
 .debug_macro   0x0000000000000000      0x1df Src/driver/stm32f407_usart_driver.o
 .debug_macro   0x0000000000000000       0x16 Src/driver/stm32f407_usart_driver.o
 .debug_macro   0x0000000000000000      0x160 Src/driver/stm32f407_usart_driver.o
 .debug_macro   0x0000000000000000      0x33f Src/driver/stm32f407_usart_driver.o
 .group         0x0000000000000000        0xc Src/main.o
 .group         0x0000000000000000        0xc Src/main.o
 .group         0x0000000000000000        0xc Src/main.o
 .group         0x0000000000000000        0xc Src/main.o
 .group         0x0000000000000000        0xc Src/main.o
 .group         0x0000000000000000        0xc Src/main.o
 .group         0x0000000000000000        0xc Src/main.o
 .group         0x0000000000000000        0xc Src/main.o
 .group         0x0000000000000000        0xc Src/main.o
 .group         0x0000000000000000        0xc Src/main.o
 .group         0x0000000000000000        0xc Src/main.o
 .group         0x0000000000000000        0xc Src/main.o
 .group         0x0000000000000000        0xc Src/main.o
 .group         0x0000000000000000        0xc Src/main.o
 .group         0x0000000000000000        0xc Src/main.o
 .group         0x0000000000000000        0xc Src/main.o
 .group         0x0000000000000000        0xc Src/main.o
 .group         0x0000000000000000        0xc Src/main.o
 .group         0x0000000000000000        0xc Src/main.o
 .group         0x0000000000000000        0xc Src/main.o
 .group         0x0000000000000000        0xc Src/main.o
 .group         0x0000000000000000        0xc Src/main.o
 .group         0x0000000000000000        0xc Src/main.o
 .group         0x0000000000000000        0xc Src/main.o
 .group         0x0000000000000000        0xc Src/main.o
 .group         0x0000000000000000        0xc Src/main.o
 .group         0x0000000000000000        0xc Src/main.o
 .group         0x0000000000000000        0xc Src/main.o
 .group         0x0000000000000000        0xc Src/main.o
 .group         0x0000000000000000        0xc Src/main.o
 .group         0x0000000000000000        0xc Src/main.o
 .group         0x0000000000000000        0xc Src/main.o
 .group         0x0000000000000000        0xc Src/main.o
 .group         0x0000000000000000        0xc Src/main.o
 .group         0x0000000000000000        0xc Src/main.o
 .group         0x0000000000000000        0xc Src/main.o
 .group         0x0000000000000000        0xc Src/main.o
 .text          0x0000000000000000        0x0 Src/main.o
 .data          0x0000000000000000        0x0 Src/main.o
 .bss           0x0000000000000000        0x0 Src/main.o
 .data.pSyst_CSR
                0x0000000000000000        0x4 Src/main.o
 .data.pSYST_RVR
                0x0000000000000000        0x4 Src/main.o
 .data.pSYST_CVR
                0x0000000000000000        0x4 Src/main.o
 .data.TxData   0x0000000000000000        0x8 Src/main.o
 .data.s        0x0000000000000000        0x4 Src/main.o
 .data.BufferWrite
                0x0000000000000000        0xc Src/main.o
 .debug_macro   0x0000000000000000      0xa60 Src/main.o
 .debug_macro   0x0000000000000000       0x22 Src/main.o
 .debug_macro   0x0000000000000000       0x8e Src/main.o
 .debug_macro   0x0000000000000000       0x51 Src/main.o
 .debug_macro   0x0000000000000000       0xef Src/main.o
 .debug_macro   0x0000000000000000       0x6a Src/main.o
 .debug_macro   0x0000000000000000      0x1df Src/main.o
 .debug_macro   0x0000000000000000       0x16 Src/main.o
 .debug_macro   0x0000000000000000       0x8e Src/main.o
 .debug_macro   0x0000000000000000      0x160 Src/main.o
 .debug_macro   0x0000000000000000      0x33f Src/main.o
 .debug_macro   0x0000000000000000      0x1c6 Src/main.o
 .group         0x0000000000000000        0xc Src/syscalls.o
 .group         0x0000000000000000        0xc Src/syscalls.o
 .group         0x0000000000000000        0xc Src/syscalls.o
 .group         0x0000000000000000        0xc Src/syscalls.o
 .group         0x0000000000000000        0xc Src/syscalls.o
 .group         0x0000000000000000        0xc Src/syscalls.o
 .group         0x0000000000000000        0xc Src/syscalls.o
 .group         0x0000000000000000        0xc Src/syscalls.o
 .group         0x0000000000000000        0xc Src/syscalls.o
 .group         0x0000000000000000        0xc Src/syscalls.o
 .group         0x0000000000000000        0xc Src/syscalls.o
 .group         0x0000000000000000        0xc Src/syscalls.o
 .group         0x0000000000000000        0xc Src/syscalls.o
 .group         0x0000000000000000        0xc Src/syscalls.o
 .group         0x0000000000000000        0xc Src/syscalls.o
 .group         0x0000000000000000        0xc Src/syscalls.o
 .group         0x0000000000000000        0xc Src/syscalls.o
 .group         0x0000000000000000        0xc Src/syscalls.o
 .group         0x0000000000000000        0xc Src/syscalls.o
 .group         0x0000000000000000        0xc Src/syscalls.o
 .group         0x0000000000000000        0xc Src/syscalls.o
 .group         0x0000000000000000        0xc Src/syscalls.o
 .group         0x0000000000000000        0xc Src/syscalls.o
 .group         0x0000000000000000        0xc Src/syscalls.o
 .group         0x0000000000000000        0xc Src/syscalls.o
 .group         0x0000000000000000        0xc Src/syscalls.o
 .group         0x0000000000000000        0xc Src/syscalls.o
 .group         0x0000000000000000        0xc Src/syscalls.o
 .group         0x0000000000000000        0xc Src/syscalls.o
 .group         0x0000000000000000        0xc Src/syscalls.o
 .group         0x0000000000000000        0xc Src/syscalls.o
 .group         0x0000000000000000        0xc Src/syscalls.o
 .group         0x0000000000000000        0xc Src/syscalls.o
 .group         0x0000000000000000        0xc Src/syscalls.o
 .group         0x0000000000000000        0xc Src/syscalls.o
 .group         0x0000000000000000        0xc Src/syscalls.o
 .group         0x0000000000000000        0xc Src/syscalls.o
 .group         0x0000000000000000        0xc Src/syscalls.o
 .group         0x0000000000000000        0xc Src/syscalls.o
 .group         0x0000000000000000        0xc Src/syscalls.o
 .group         0x0000000000000000        0xc Src/syscalls.o
 .group         0x0000000000000000        0xc Src/syscalls.o
 .group         0x0000000000000000        0xc Src/syscalls.o
 .group         0x0000000000000000        0xc Src/syscalls.o
 .text          0x0000000000000000        0x0 Src/syscalls.o
 .data          0x0000000000000000        0x0 Src/syscalls.o
 .bss           0x0000000000000000        0x0 Src/syscalls.o
 .bss.__env     0x0000000000000000        0x4 Src/syscalls.o
 .data.environ  0x0000000000000000        0x4 Src/syscalls.o
 .text.initialise_monitor_handles
                0x0000000000000000        0xe Src/syscalls.o
 .text._getpid  0x0000000000000000       0x10 Src/syscalls.o
 .text._kill    0x0000000000000000       0x20 Src/syscalls.o
 .text._exit    0x0000000000000000       0x14 Src/syscalls.o
 .text._read    0x0000000000000000       0x3a Src/syscalls.o
 .text._write   0x0000000000000000       0x38 Src/syscalls.o
 .text._close   0x0000000000000000       0x18 Src/syscalls.o
 .text._fstat   0x0000000000000000       0x20 Src/syscalls.o
 .text._isatty  0x0000000000000000       0x16 Src/syscalls.o
 .text._lseek   0x0000000000000000       0x1a Src/syscalls.o
 .text._open    0x0000000000000000       0x1c Src/syscalls.o
 .text._wait    0x0000000000000000       0x1e Src/syscalls.o
 .text._unlink  0x0000000000000000       0x1e Src/syscalls.o
 .text._times   0x0000000000000000       0x18 Src/syscalls.o
 .text._stat    0x0000000000000000       0x20 Src/syscalls.o
 .text._link    0x0000000000000000       0x20 Src/syscalls.o
 .text._fork    0x0000000000000000       0x16 Src/syscalls.o
 .text._execve  0x0000000000000000       0x22 Src/syscalls.o
 .debug_info    0x0000000000000000      0xebd Src/syscalls.o
 .debug_abbrev  0x0000000000000000      0x261 Src/syscalls.o
 .debug_aranges
                0x0000000000000000       0xa8 Src/syscalls.o
 .debug_ranges  0x0000000000000000       0x98 Src/syscalls.o
 .debug_macro   0x0000000000000000      0x243 Src/syscalls.o
 .debug_macro   0x0000000000000000      0xa60 Src/syscalls.o
 .debug_macro   0x0000000000000000       0x22 Src/syscalls.o
 .debug_macro   0x0000000000000000       0x40 Src/syscalls.o
 .debug_macro   0x0000000000000000       0x18 Src/syscalls.o
 .debug_macro   0x0000000000000000       0x94 Src/syscalls.o
 .debug_macro   0x0000000000000000       0x3c Src/syscalls.o
 .debug_macro   0x0000000000000000       0x34 Src/syscalls.o
 .debug_macro   0x0000000000000000       0x57 Src/syscalls.o
 .debug_macro   0x0000000000000000      0x174 Src/syscalls.o
 .debug_macro   0x0000000000000000      0x330 Src/syscalls.o
 .debug_macro   0x0000000000000000       0x52 Src/syscalls.o
 .debug_macro   0x0000000000000000       0x1f Src/syscalls.o
 .debug_macro   0x0000000000000000       0x43 Src/syscalls.o
 .debug_macro   0x0000000000000000       0x20 Src/syscalls.o
 .debug_macro   0x0000000000000000      0x1a3 Src/syscalls.o
 .debug_macro   0x0000000000000000       0x10 Src/syscalls.o
 .debug_macro   0x0000000000000000       0x35 Src/syscalls.o
 .debug_macro   0x0000000000000000       0x10 Src/syscalls.o
 .debug_macro   0x0000000000000000       0x10 Src/syscalls.o
 .debug_macro   0x0000000000000000       0x10 Src/syscalls.o
 .debug_macro   0x0000000000000000       0x6a Src/syscalls.o
 .debug_macro   0x0000000000000000       0x1c Src/syscalls.o
 .debug_macro   0x0000000000000000       0x52 Src/syscalls.o
 .debug_macro   0x0000000000000000       0x40 Src/syscalls.o
 .debug_macro   0x0000000000000000       0x10 Src/syscalls.o
 .debug_macro   0x0000000000000000       0x40 Src/syscalls.o
 .debug_macro   0x0000000000000000       0xd7 Src/syscalls.o
 .debug_macro   0x0000000000000000       0x1c Src/syscalls.o
 .debug_macro   0x0000000000000000       0x3d Src/syscalls.o
 .debug_macro   0x0000000000000000       0x35 Src/syscalls.o
 .debug_macro   0x0000000000000000      0x122 Src/syscalls.o
 .debug_macro   0x0000000000000000       0x16 Src/syscalls.o
 .debug_macro   0x0000000000000000       0x16 Src/syscalls.o
 .debug_macro   0x0000000000000000       0x29 Src/syscalls.o
 .debug_macro   0x0000000000000000       0x10 Src/syscalls.o
 .debug_macro   0x0000000000000000      0x241 Src/syscalls.o
 .debug_macro   0x0000000000000000       0x1c Src/syscalls.o
 .debug_macro   0x0000000000000000       0x10 Src/syscalls.o
 .debug_macro   0x0000000000000000       0x10 Src/syscalls.o
 .debug_macro   0x0000000000000000       0x16 Src/syscalls.o
 .debug_macro   0x0000000000000000      0x145 Src/syscalls.o
 .debug_macro   0x0000000000000000      0x189 Src/syscalls.o
 .debug_macro   0x0000000000000000       0x16 Src/syscalls.o
 .debug_macro   0x0000000000000000       0x88 Src/syscalls.o
 .debug_line    0x0000000000000000      0x766 Src/syscalls.o
 .debug_str     0x0000000000000000     0x8884 Src/syscalls.o
 .comment       0x0000000000000000       0x7c Src/syscalls.o
 .debug_frame   0x0000000000000000      0x2ac Src/syscalls.o
 .ARM.attributes
                0x0000000000000000       0x39 Src/syscalls.o
 .group         0x0000000000000000        0xc Src/sysmem.o
 .group         0x0000000000000000        0xc Src/sysmem.o
 .group         0x0000000000000000        0xc Src/sysmem.o
 .group         0x0000000000000000        0xc Src/sysmem.o
 .group         0x0000000000000000        0xc Src/sysmem.o
 .group         0x0000000000000000        0xc Src/sysmem.o
 .group         0x0000000000000000        0xc Src/sysmem.o
 .group         0x0000000000000000        0xc Src/sysmem.o
 .group         0x0000000000000000        0xc Src/sysmem.o
 .group         0x0000000000000000        0xc Src/sysmem.o
 .group         0x0000000000000000        0xc Src/sysmem.o
 .group         0x0000000000000000        0xc Src/sysmem.o
 .group         0x0000000000000000        0xc Src/sysmem.o
 .group         0x0000000000000000        0xc Src/sysmem.o
 .group         0x0000000000000000        0xc Src/sysmem.o
 .group         0x0000000000000000        0xc Src/sysmem.o
 .group         0x0000000000000000        0xc Src/sysmem.o
 .group         0x0000000000000000        0xc Src/sysmem.o
 .group         0x0000000000000000        0xc Src/sysmem.o
 .text          0x0000000000000000        0x0 Src/sysmem.o
 .data          0x0000000000000000        0x0 Src/sysmem.o
 .bss           0x0000000000000000        0x0 Src/sysmem.o
 .bss.__sbrk_heap_end
                0x0000000000000000        0x4 Src/sysmem.o
 .text._sbrk    0x0000000000000000       0x6c Src/sysmem.o
 .debug_info    0x0000000000000000      0x985 Src/sysmem.o
 .debug_abbrev  0x0000000000000000      0x19b Src/sysmem.o
 .debug_aranges
                0x0000000000000000       0x20 Src/sysmem.o
 .debug_ranges  0x0000000000000000       0x10 Src/sysmem.o
 .debug_macro   0x0000000000000000       0xee Src/sysmem.o
 .debug_macro   0x0000000000000000      0xa60 Src/sysmem.o
 .debug_macro   0x0000000000000000       0x10 Src/sysmem.o
 .debug_macro   0x0000000000000000       0x22 Src/sysmem.o
 .debug_macro   0x0000000000000000       0x40 Src/sysmem.o
 .debug_macro   0x0000000000000000       0x18 Src/sysmem.o
 .debug_macro   0x0000000000000000       0x94 Src/sysmem.o
 .debug_macro   0x0000000000000000       0x3c Src/sysmem.o
 .debug_macro   0x0000000000000000       0x34 Src/sysmem.o
 .debug_macro   0x0000000000000000      0x174 Src/sysmem.o
 .debug_macro   0x0000000000000000       0x57 Src/sysmem.o
 .debug_macro   0x0000000000000000       0x52 Src/sysmem.o
 .debug_macro   0x0000000000000000       0x1f Src/sysmem.o
 .debug_macro   0x0000000000000000       0x43 Src/sysmem.o
 .debug_macro   0x0000000000000000       0x20 Src/sysmem.o
 .debug_macro   0x0000000000000000      0x1a3 Src/sysmem.o
 .debug_macro   0x0000000000000000      0x23b Src/sysmem.o
 .debug_macro   0x0000000000000000       0xef Src/sysmem.o
 .debug_macro   0x0000000000000000       0x6a Src/sysmem.o
 .debug_macro   0x0000000000000000      0x1df Src/sysmem.o
 .debug_line    0x0000000000000000      0x4ef Src/sysmem.o
 .debug_str     0x0000000000000000     0x5f52 Src/sysmem.o
 .comment       0x0000000000000000       0x7c Src/sysmem.o
 .debug_frame   0x0000000000000000       0x34 Src/sysmem.o
 .ARM.attributes
                0x0000000000000000       0x39 Src/sysmem.o
 .group         0x0000000000000000        0xc Src/middleware/stm32f407_can_middleware.o
 .group         0x0000000000000000        0xc Src/middleware/stm32f407_can_middleware.o
 .group         0x0000000000000000        0xc Src/middleware/stm32f407_can_middleware.o
 .group         0x0000000000000000        0xc Src/middleware/stm32f407_can_middleware.o
 .group         0x0000000000000000        0xc Src/middleware/stm32f407_can_middleware.o
 .group         0x0000000000000000        0xc Src/middleware/stm32f407_can_middleware.o
 .group         0x0000000000000000        0xc Src/middleware/stm32f407_can_middleware.o
 .group         0x0000000000000000        0xc Src/middleware/stm32f407_can_middleware.o
 .group         0x0000000000000000        0xc Src/middleware/stm32f407_can_middleware.o
 .group         0x0000000000000000        0xc Src/middleware/stm32f407_can_middleware.o
 .group         0x0000000000000000        0xc Src/middleware/stm32f407_can_middleware.o
 .text          0x0000000000000000        0x0 Src/middleware/stm32f407_can_middleware.o
 .data          0x0000000000000000        0x0 Src/middleware/stm32f407_can_middleware.o
 .bss           0x0000000000000000        0x0 Src/middleware/stm32f407_can_middleware.o
 .text.STM32F4_CANTransmit
                0x0000000000000000       0x80 Src/middleware/stm32f407_can_middleware.o
 .debug_macro   0x0000000000000000      0xa60 Src/middleware/stm32f407_can_middleware.o
 .debug_macro   0x0000000000000000       0x22 Src/middleware/stm32f407_can_middleware.o
 .debug_macro   0x0000000000000000       0x8e Src/middleware/stm32f407_can_middleware.o
 .debug_macro   0x0000000000000000       0x51 Src/middleware/stm32f407_can_middleware.o
 .debug_macro   0x0000000000000000       0xef Src/middleware/stm32f407_can_middleware.o
 .debug_macro   0x0000000000000000       0x6a Src/middleware/stm32f407_can_middleware.o
 .debug_macro   0x0000000000000000      0x1df Src/middleware/stm32f407_can_middleware.o
 .debug_macro   0x0000000000000000       0x16 Src/middleware/stm32f407_can_middleware.o
 .debug_macro   0x0000000000000000       0x8e Src/middleware/stm32f407_can_middleware.o
 .debug_macro   0x0000000000000000      0x160 Src/middleware/stm32f407_can_middleware.o
 .debug_macro   0x0000000000000000      0x33f Src/middleware/stm32f407_can_middleware.o
 .group         0x0000000000000000        0xc Src/middleware/stm32f407_flash_middleware.o
 .group         0x0000000000000000        0xc Src/middleware/stm32f407_flash_middleware.o
 .group         0x0000000000000000        0xc Src/middleware/stm32f407_flash_middleware.o
 .group         0x0000000000000000        0xc Src/middleware/stm32f407_flash_middleware.o
 .group         0x0000000000000000        0xc Src/middleware/stm32f407_flash_middleware.o
 .group         0x0000000000000000        0xc Src/middleware/stm32f407_flash_middleware.o
 .group         0x0000000000000000        0xc Src/middleware/stm32f407_flash_middleware.o
 .group         0x0000000000000000        0xc Src/middleware/stm32f407_flash_middleware.o
 .group         0x0000000000000000        0xc Src/middleware/stm32f407_flash_middleware.o
 .group         0x0000000000000000        0xc Src/middleware/stm32f407_flash_middleware.o
 .group         0x0000000000000000        0xc Src/middleware/stm32f407_flash_middleware.o
 .group         0x0000000000000000        0xc Src/middleware/stm32f407_flash_middleware.o
 .text          0x0000000000000000        0x0 Src/middleware/stm32f407_flash_middleware.o
 .data          0x0000000000000000        0x0 Src/middleware/stm32f407_flash_middleware.o
 .bss           0x0000000000000000        0x0 Src/middleware/stm32f407_flash_middleware.o
 .debug_macro   0x0000000000000000      0xa60 Src/middleware/stm32f407_flash_middleware.o
 .debug_macro   0x0000000000000000       0x22 Src/middleware/stm32f407_flash_middleware.o
 .debug_macro   0x0000000000000000       0x8e Src/middleware/stm32f407_flash_middleware.o
 .debug_macro   0x0000000000000000       0x51 Src/middleware/stm32f407_flash_middleware.o
 .debug_macro   0x0000000000000000       0xef Src/middleware/stm32f407_flash_middleware.o
 .debug_macro   0x0000000000000000       0x6a Src/middleware/stm32f407_flash_middleware.o
 .debug_macro   0x0000000000000000      0x1df Src/middleware/stm32f407_flash_middleware.o
 .debug_macro   0x0000000000000000       0x16 Src/middleware/stm32f407_flash_middleware.o
 .debug_macro   0x0000000000000000       0x8e Src/middleware/stm32f407_flash_middleware.o
 .debug_macro   0x0000000000000000      0x160 Src/middleware/stm32f407_flash_middleware.o
 .debug_macro   0x0000000000000000      0x33f Src/middleware/stm32f407_flash_middleware.o
 .debug_macro   0x0000000000000000      0x1c6 Src/middleware/stm32f407_flash_middleware.o
 .text          0x0000000000000000       0x14 Startup/startup_stm32f407vgtx.o
 .data          0x0000000000000000        0x0 Startup/startup_stm32f407vgtx.o
 .bss           0x0000000000000000        0x0 Startup/startup_stm32f407vgtx.o
 .text          0x0000000000000000        0x0 d:/programs/st/stm32cubeide_1.4.0/stm32cubeide/plugins/com.st.stm32cube.ide.mcu.externaltools.gnu-tools-for-stm32.7-2018-q2-update.win32_1.4.0.202007081208/tools/bin/../lib/gcc/arm-none-eabi/7.3.1/../../../../arm-none-eabi/lib/thumb/v7e-m/fpv4-sp/hard\libc_nano.a(lib_a-errno.o)
 .data          0x0000000000000000        0x0 d:/programs/st/stm32cubeide_1.4.0/stm32cubeide/plugins/com.st.stm32cube.ide.mcu.externaltools.gnu-tools-for-stm32.7-2018-q2-update.win32_1.4.0.202007081208/tools/bin/../lib/gcc/arm-none-eabi/7.3.1/../../../../arm-none-eabi/lib/thumb/v7e-m/fpv4-sp/hard\libc_nano.a(lib_a-errno.o)
 .bss           0x0000000000000000        0x0 d:/programs/st/stm32cubeide_1.4.0/stm32cubeide/plugins/com.st.stm32cube.ide.mcu.externaltools.gnu-tools-for-stm32.7-2018-q2-update.win32_1.4.0.202007081208/tools/bin/../lib/gcc/arm-none-eabi/7.3.1/../../../../arm-none-eabi/lib/thumb/v7e-m/fpv4-sp/hard\libc_nano.a(lib_a-errno.o)
 .text.__errno  0x0000000000000000        0xc d:/programs/st/stm32cubeide_1.4.0/stm32cubeide/plugins/com.st.stm32cube.ide.mcu.externaltools.gnu-tools-for-stm32.7-2018-q2-update.win32_1.4.0.202007081208/tools/bin/../lib/gcc/arm-none-eabi/7.3.1/../../../../arm-none-eabi/lib/thumb/v7e-m/fpv4-sp/hard\libc_nano.a(lib_a-errno.o)
 .debug_frame   0x0000000000000000       0x20 d:/programs/st/stm32cubeide_1.4.0/stm32cubeide/plugins/com.st.stm32cube.ide.mcu.externaltools.gnu-tools-for-stm32.7-2018-q2-update.win32_1.4.0.202007081208/tools/bin/../lib/gcc/arm-none-eabi/7.3.1/../../../../arm-none-eabi/lib/thumb/v7e-m/fpv4-sp/hard\libc_nano.a(lib_a-errno.o)
 .ARM.attributes
                0x0000000000000000       0x34 d:/programs/st/stm32cubeide_1.4.0/stm32cubeide/plugins/com.st.stm32cube.ide.mcu.externaltools.gnu-tools-for-stm32.7-2018-q2-update.win32_1.4.0.202007081208/tools/bin/../lib/gcc/arm-none-eabi/7.3.1/../../../../arm-none-eabi/lib/thumb/v7e-m/fpv4-sp/hard\libc_nano.a(lib_a-errno.o)
 .text          0x0000000000000000        0x0 d:/programs/st/stm32cubeide_1.4.0/stm32cubeide/plugins/com.st.stm32cube.ide.mcu.externaltools.gnu-tools-for-stm32.7-2018-q2-update.win32_1.4.0.202007081208/tools/bin/../lib/gcc/arm-none-eabi/7.3.1/../../../../arm-none-eabi/lib/thumb/v7e-m/fpv4-sp/hard\libc_nano.a(lib_a-exit.o)
 .data          0x0000000000000000        0x0 d:/programs/st/stm32cubeide_1.4.0/stm32cubeide/plugins/com.st.stm32cube.ide.mcu.externaltools.gnu-tools-for-stm32.7-2018-q2-update.win32_1.4.0.202007081208/tools/bin/../lib/gcc/arm-none-eabi/7.3.1/../../../../arm-none-eabi/lib/thumb/v7e-m/fpv4-sp/hard\libc_nano.a(lib_a-exit.o)
 .bss           0x0000000000000000        0x0 d:/programs/st/stm32cubeide_1.4.0/stm32cubeide/plugins/com.st.stm32cube.ide.mcu.externaltools.gnu-tools-for-stm32.7-2018-q2-update.win32_1.4.0.202007081208/tools/bin/../lib/gcc/arm-none-eabi/7.3.1/../../../../arm-none-eabi/lib/thumb/v7e-m/fpv4-sp/hard\libc_nano.a(lib_a-exit.o)
 .text.exit     0x0000000000000000       0x28 d:/programs/st/stm32cubeide_1.4.0/stm32cubeide/plugins/com.st.stm32cube.ide.mcu.externaltools.gnu-tools-for-stm32.7-2018-q2-update.win32_1.4.0.202007081208/tools/bin/../lib/gcc/arm-none-eabi/7.3.1/../../../../arm-none-eabi/lib/thumb/v7e-m/fpv4-sp/hard\libc_nano.a(lib_a-exit.o)
 .debug_frame   0x0000000000000000       0x28 d:/programs/st/stm32cubeide_1.4.0/stm32cubeide/plugins/com.st.stm32cube.ide.mcu.externaltools.gnu-tools-for-stm32.7-2018-q2-update.win32_1.4.0.202007081208/tools/bin/../lib/gcc/arm-none-eabi/7.3.1/../../../../arm-none-eabi/lib/thumb/v7e-m/fpv4-sp/hard\libc_nano.a(lib_a-exit.o)
 .ARM.attributes
                0x0000000000000000       0x34 d:/programs/st/stm32cubeide_1.4.0/stm32cubeide/plugins/com.st.stm32cube.ide.mcu.externaltools.gnu-tools-for-stm32.7-2018-q2-update.win32_1.4.0.202007081208/tools/bin/../lib/gcc/arm-none-eabi/7.3.1/../../../../arm-none-eabi/lib/thumb/v7e-m/fpv4-sp/hard\libc_nano.a(lib_a-exit.o)
 .text          0x0000000000000000        0x0 d:/programs/st/stm32cubeide_1.4.0/stm32cubeide/plugins/com.st.stm32cube.ide.mcu.externaltools.gnu-tools-for-stm32.7-2018-q2-update.win32_1.4.0.202007081208/tools/bin/../lib/gcc/arm-none-eabi/7.3.1/../../../../arm-none-eabi/lib/thumb/v7e-m/fpv4-sp/hard\libc_nano.a(lib_a-impure.o)
 .data          0x0000000000000000        0x0 d:/programs/st/stm32cubeide_1.4.0/stm32cubeide/plugins/com.st.stm32cube.ide.mcu.externaltools.gnu-tools-for-stm32.7-2018-q2-update.win32_1.4.0.202007081208/tools/bin/../lib/gcc/arm-none-eabi/7.3.1/../../../../arm-none-eabi/lib/thumb/v7e-m/fpv4-sp/hard\libc_nano.a(lib_a-impure.o)
 .bss           0x0000000000000000        0x0 d:/programs/st/stm32cubeide_1.4.0/stm32cubeide/plugins/com.st.stm32cube.ide.mcu.externaltools.gnu-tools-for-stm32.7-2018-q2-update.win32_1.4.0.202007081208/tools/bin/../lib/gcc/arm-none-eabi/7.3.1/../../../../arm-none-eabi/lib/thumb/v7e-m/fpv4-sp/hard\libc_nano.a(lib_a-impure.o)
 .data._impure_ptr
                0x0000000000000000        0x4 d:/programs/st/stm32cubeide_1.4.0/stm32cubeide/plugins/com.st.stm32cube.ide.mcu.externaltools.gnu-tools-for-stm32.7-2018-q2-update.win32_1.4.0.202007081208/tools/bin/../lib/gcc/arm-none-eabi/7.3.1/../../../../arm-none-eabi/lib/thumb/v7e-m/fpv4-sp/hard\libc_nano.a(lib_a-impure.o)
 .data.impure_data
                0x0000000000000000       0x60 d:/programs/st/stm32cubeide_1.4.0/stm32cubeide/plugins/com.st.stm32cube.ide.mcu.externaltools.gnu-tools-for-stm32.7-2018-q2-update.win32_1.4.0.202007081208/tools/bin/../lib/gcc/arm-none-eabi/7.3.1/../../../../arm-none-eabi/lib/thumb/v7e-m/fpv4-sp/hard\libc_nano.a(lib_a-impure.o)
 .rodata._global_impure_ptr
                0x0000000000000000        0x4 d:/programs/st/stm32cubeide_1.4.0/stm32cubeide/plugins/com.st.stm32cube.ide.mcu.externaltools.gnu-tools-for-stm32.7-2018-q2-update.win32_1.4.0.202007081208/tools/bin/../lib/gcc/arm-none-eabi/7.3.1/../../../../arm-none-eabi/lib/thumb/v7e-m/fpv4-sp/hard\libc_nano.a(lib_a-impure.o)
 .ARM.attributes
                0x0000000000000000       0x34 d:/programs/st/stm32cubeide_1.4.0/stm32cubeide/plugins/com.st.stm32cube.ide.mcu.externaltools.gnu-tools-for-stm32.7-2018-q2-update.win32_1.4.0.202007081208/tools/bin/../lib/gcc/arm-none-eabi/7.3.1/../../../../arm-none-eabi/lib/thumb/v7e-m/fpv4-sp/hard\libc_nano.a(lib_a-impure.o)
 .text          0x0000000000000000        0x0 d:/programs/st/stm32cubeide_1.4.0/stm32cubeide/plugins/com.st.stm32cube.ide.mcu.externaltools.gnu-tools-for-stm32.7-2018-q2-update.win32_1.4.0.202007081208/tools/bin/../lib/gcc/arm-none-eabi/7.3.1/../../../../arm-none-eabi/lib/thumb/v7e-m/fpv4-sp/hard\libc_nano.a(lib_a-init.o)
 .data          0x0000000000000000        0x0 d:/programs/st/stm32cubeide_1.4.0/stm32cubeide/plugins/com.st.stm32cube.ide.mcu.externaltools.gnu-tools-for-stm32.7-2018-q2-update.win32_1.4.0.202007081208/tools/bin/../lib/gcc/arm-none-eabi/7.3.1/../../../../arm-none-eabi/lib/thumb/v7e-m/fpv4-sp/hard\libc_nano.a(lib_a-init.o)
 .bss           0x0000000000000000        0x0 d:/programs/st/stm32cubeide_1.4.0/stm32cubeide/plugins/com.st.stm32cube.ide.mcu.externaltools.gnu-tools-for-stm32.7-2018-q2-update.win32_1.4.0.202007081208/tools/bin/../lib/gcc/arm-none-eabi/7.3.1/../../../../arm-none-eabi/lib/thumb/v7e-m/fpv4-sp/hard\libc_nano.a(lib_a-init.o)
 .text          0x0000000000000000        0x0 d:/programs/st/stm32cubeide_1.4.0/stm32cubeide/plugins/com.st.stm32cube.ide.mcu.externaltools.gnu-tools-for-stm32.7-2018-q2-update.win32_1.4.0.202007081208/tools/bin/../lib/gcc/arm-none-eabi/7.3.1/../../../../arm-none-eabi/lib/thumb/v7e-m/fpv4-sp/hard\libc_nano.a(lib_a-memset.o)
 .data          0x0000000000000000        0x0 d:/programs/st/stm32cubeide_1.4.0/stm32cubeide/plugins/com.st.stm32cube.ide.mcu.externaltools.gnu-tools-for-stm32.7-2018-q2-update.win32_1.4.0.202007081208/tools/bin/../lib/gcc/arm-none-eabi/7.3.1/../../../../arm-none-eabi/lib/thumb/v7e-m/fpv4-sp/hard\libc_nano.a(lib_a-memset.o)
 .bss           0x0000000000000000        0x0 d:/programs/st/stm32cubeide_1.4.0/stm32cubeide/plugins/com.st.stm32cube.ide.mcu.externaltools.gnu-tools-for-stm32.7-2018-q2-update.win32_1.4.0.202007081208/tools/bin/../lib/gcc/arm-none-eabi/7.3.1/../../../../arm-none-eabi/lib/thumb/v7e-m/fpv4-sp/hard\libc_nano.a(lib_a-memset.o)
 .text.memset   0x0000000000000000       0x10 d:/programs/st/stm32cubeide_1.4.0/stm32cubeide/plugins/com.st.stm32cube.ide.mcu.externaltools.gnu-tools-for-stm32.7-2018-q2-update.win32_1.4.0.202007081208/tools/bin/../lib/gcc/arm-none-eabi/7.3.1/../../../../arm-none-eabi/lib/thumb/v7e-m/fpv4-sp/hard\libc_nano.a(lib_a-memset.o)
 .debug_frame   0x0000000000000000       0x20 d:/programs/st/stm32cubeide_1.4.0/stm32cubeide/plugins/com.st.stm32cube.ide.mcu.externaltools.gnu-tools-for-stm32.7-2018-q2-update.win32_1.4.0.202007081208/tools/bin/../lib/gcc/arm-none-eabi/7.3.1/../../../../arm-none-eabi/lib/thumb/v7e-m/fpv4-sp/hard\libc_nano.a(lib_a-memset.o)
 .ARM.attributes
                0x0000000000000000       0x34 d:/programs/st/stm32cubeide_1.4.0/stm32cubeide/plugins/com.st.stm32cube.ide.mcu.externaltools.gnu-tools-for-stm32.7-2018-q2-update.win32_1.4.0.202007081208/tools/bin/../lib/gcc/arm-none-eabi/7.3.1/../../../../arm-none-eabi/lib/thumb/v7e-m/fpv4-sp/hard\libc_nano.a(lib_a-memset.o)
 .text          0x0000000000000000        0x0 d:/programs/st/stm32cubeide_1.4.0/stm32cubeide/plugins/com.st.stm32cube.ide.mcu.externaltools.gnu-tools-for-stm32.7-2018-q2-update.win32_1.4.0.202007081208/tools/bin/../lib/gcc/arm-none-eabi/7.3.1/thumb/v7e-m/fpv4-sp/hard/crtend.o
 .data          0x0000000000000000        0x0 d:/programs/st/stm32cubeide_1.4.0/stm32cubeide/plugins/com.st.stm32cube.ide.mcu.externaltools.gnu-tools-for-stm32.7-2018-q2-update.win32_1.4.0.202007081208/tools/bin/../lib/gcc/arm-none-eabi/7.3.1/thumb/v7e-m/fpv4-sp/hard/crtend.o
 .bss           0x0000000000000000        0x0 d:/programs/st/stm32cubeide_1.4.0/stm32cubeide/plugins/com.st.stm32cube.ide.mcu.externaltools.gnu-tools-for-stm32.7-2018-q2-update.win32_1.4.0.202007081208/tools/bin/../lib/gcc/arm-none-eabi/7.3.1/thumb/v7e-m/fpv4-sp/hard/crtend.o
 .eh_frame      0x0000000000000000        0x4 d:/programs/st/stm32cubeide_1.4.0/stm32cubeide/plugins/com.st.stm32cube.ide.mcu.externaltools.gnu-tools-for-stm32.7-2018-q2-update.win32_1.4.0.202007081208/tools/bin/../lib/gcc/arm-none-eabi/7.3.1/thumb/v7e-m/fpv4-sp/hard/crtend.o
 .ARM.attributes
                0x0000000000000000       0x34 d:/programs/st/stm32cubeide_1.4.0/stm32cubeide/plugins/com.st.stm32cube.ide.mcu.externaltools.gnu-tools-for-stm32.7-2018-q2-update.win32_1.4.0.202007081208/tools/bin/../lib/gcc/arm-none-eabi/7.3.1/thumb/v7e-m/fpv4-sp/hard/crtend.o
 .text          0x0000000000000000        0x0 d:/programs/st/stm32cubeide_1.4.0/stm32cubeide/plugins/com.st.stm32cube.ide.mcu.externaltools.gnu-tools-for-stm32.7-2018-q2-update.win32_1.4.0.202007081208/tools/bin/../lib/gcc/arm-none-eabi/7.3.1/thumb/v7e-m/fpv4-sp/hard/crtn.o
 .data          0x0000000000000000        0x0 d:/programs/st/stm32cubeide_1.4.0/stm32cubeide/plugins/com.st.stm32cube.ide.mcu.externaltools.gnu-tools-for-stm32.7-2018-q2-update.win32_1.4.0.202007081208/tools/bin/../lib/gcc/arm-none-eabi/7.3.1/thumb/v7e-m/fpv4-sp/hard/crtn.o
 .bss           0x0000000000000000        0x0 d:/programs/st/stm32cubeide_1.4.0/stm32cubeide/plugins/com.st.stm32cube.ide.mcu.externaltools.gnu-tools-for-stm32.7-2018-q2-update.win32_1.4.0.202007081208/tools/bin/../lib/gcc/arm-none-eabi/7.3.1/thumb/v7e-m/fpv4-sp/hard/crtn.o

Memory Configuration

Name             Origin             Length             Attributes
RAM              0x0000000020000000 0x0000000000020000 xrw
ROM              0x0000000008000000 0x0000000000100000 xr
*default*        0x0000000000000000 0xffffffffffffffff

Linker script and memory map

LOAD d:/programs/st/stm32cubeide_1.4.0/stm32cubeide/plugins/com.st.stm32cube.ide.mcu.externaltools.gnu-tools-for-stm32.7-2018-q2-update.win32_1.4.0.202007081208/tools/bin/../lib/gcc/arm-none-eabi/7.3.1/thumb/v7e-m/fpv4-sp/hard/crti.o
LOAD d:/programs/st/stm32cubeide_1.4.0/stm32cubeide/plugins/com.st.stm32cube.ide.mcu.externaltools.gnu-tools-for-stm32.7-2018-q2-update.win32_1.4.0.202007081208/tools/bin/../lib/gcc/arm-none-eabi/7.3.1/thumb/v7e-m/fpv4-sp/hard/crtbegin.o
LOAD d:/programs/st/stm32cubeide_1.4.0/stm32cubeide/plugins/com.st.stm32cube.ide.mcu.externaltools.gnu-tools-for-stm32.7-2018-q2-update.win32_1.4.0.202007081208/tools/bin/../lib/gcc/arm-none-eabi/7.3.1/../../../../arm-none-eabi/lib/thumb/v7e-m/fpv4-sp/hard/crt0.o
LOAD Src/app/stm32f407_can_app.o
LOAD Src/app/stm32f407_flash_app.o
LOAD Src/driver/stm32f407_can_driver.o
LOAD Src/driver/stm32f407_flash_driver.o
LOAD Src/driver/stm32f407_gpio_driver.o
LOAD Src/driver/stm32f407_rcc_driver.o
LOAD Src/driver/stm32f407_usart_driver.o
LOAD Src/main.o
LOAD Src/syscalls.o
LOAD Src/sysmem.o
LOAD Src/middleware/stm32f407_can_middleware.o
LOAD Src/middleware/stm32f407_flash_middleware.o
LOAD Startup/startup_stm32f407vgtx.o
START GROUP
LOAD d:/programs/st/stm32cubeide_1.4.0/stm32cubeide/plugins/com.st.stm32cube.ide.mcu.externaltools.gnu-tools-for-stm32.7-2018-q2-update.win32_1.4.0.202007081208/tools/bin/../lib/gcc/arm-none-eabi/7.3.1/../../../../arm-none-eabi/lib/thumb/v7e-m/fpv4-sp/hard\libc_nano.a
LOAD d:/programs/st/stm32cubeide_1.4.0/stm32cubeide/plugins/com.st.stm32cube.ide.mcu.externaltools.gnu-tools-for-stm32.7-2018-q2-update.win32_1.4.0.202007081208/tools/bin/../lib/gcc/arm-none-eabi/7.3.1/../../../../arm-none-eabi/lib/thumb/v7e-m/fpv4-sp/hard\libm.a
END GROUP
START GROUP
LOAD d:/programs/st/stm32cubeide_1.4.0/stm32cubeide/plugins/com.st.stm32cube.ide.mcu.externaltools.gnu-tools-for-stm32.7-2018-q2-update.win32_1.4.0.202007081208/tools/bin/../lib/gcc/arm-none-eabi/7.3.1/thumb/v7e-m/fpv4-sp/hard\libgcc.a
LOAD d:/programs/st/stm32cubeide_1.4.0/stm32cubeide/plugins/com.st.stm32cube.ide.mcu.externaltools.gnu-tools-for-stm32.7-2018-q2-update.win32_1.4.0.202007081208/tools/bin/../lib/gcc/arm-none-eabi/7.3.1/../../../../arm-none-eabi/lib/thumb/v7e-m/fpv4-sp/hard\libc_nano.a
END GROUP
START GROUP
LOAD d:/programs/st/stm32cubeide_1.4.0/stm32cubeide/plugins/com.st.stm32cube.ide.mcu.externaltools.gnu-tools-for-stm32.7-2018-q2-update.win32_1.4.0.202007081208/tools/bin/../lib/gcc/arm-none-eabi/7.3.1/thumb/v7e-m/fpv4-sp/hard\libgcc.a
LOAD d:/programs/st/stm32cubeide_1.4.0/stm32cubeide/plugins/com.st.stm32cube.ide.mcu.externaltools.gnu-tools-for-stm32.7-2018-q2-update.win32_1.4.0.202007081208/tools/bin/../lib/gcc/arm-none-eabi/7.3.1/../../../../arm-none-eabi/lib/thumb/v7e-m/fpv4-sp/hard\libc_nano.a
LOAD d:/programs/st/stm32cubeide_1.4.0/stm32cubeide/plugins/com.st.stm32cube.ide.mcu.externaltools.gnu-tools-for-stm32.7-2018-q2-update.win32_1.4.0.202007081208/tools/bin/../lib/gcc/arm-none-eabi/7.3.1/../../../../arm-none-eabi/lib/thumb/v7e-m/fpv4-sp/hard\libnosys.a
END GROUP
START GROUP
LOAD d:/programs/st/stm32cubeide_1.4.0/stm32cubeide/plugins/com.st.stm32cube.ide.mcu.externaltools.gnu-tools-for-stm32.7-2018-q2-update.win32_1.4.0.202007081208/tools/bin/../lib/gcc/arm-none-eabi/7.3.1/thumb/v7e-m/fpv4-sp/hard\libgcc.a
LOAD d:/programs/st/stm32cubeide_1.4.0/stm32cubeide/plugins/com.st.stm32cube.ide.mcu.externaltools.gnu-tools-for-stm32.7-2018-q2-update.win32_1.4.0.202007081208/tools/bin/../lib/gcc/arm-none-eabi/7.3.1/../../../../arm-none-eabi/lib/thumb/v7e-m/fpv4-sp/hard\libc_nano.a
LOAD d:/programs/st/stm32cubeide_1.4.0/stm32cubeide/plugins/com.st.stm32cube.ide.mcu.externaltools.gnu-tools-for-stm32.7-2018-q2-update.win32_1.4.0.202007081208/tools/bin/../lib/gcc/arm-none-eabi/7.3.1/../../../../arm-none-eabi/lib/thumb/v7e-m/fpv4-sp/hard\libnosys.a
END GROUP
LOAD d:/programs/st/stm32cubeide_1.4.0/stm32cubeide/plugins/com.st.stm32cube.ide.mcu.externaltools.gnu-tools-for-stm32.7-2018-q2-update.win32_1.4.0.202007081208/tools/bin/../lib/gcc/arm-none-eabi/7.3.1/thumb/v7e-m/fpv4-sp/hard/crtend.o
LOAD d:/programs/st/stm32cubeide_1.4.0/stm32cubeide/plugins/com.st.stm32cube.ide.mcu.externaltools.gnu-tools-for-stm32.7-2018-q2-update.win32_1.4.0.202007081208/tools/bin/../lib/gcc/arm-none-eabi/7.3.1/thumb/v7e-m/fpv4-sp/hard/crtn.o
                0x0000000020020000                _estack = (ORIGIN (RAM) + LENGTH (RAM))
                0x0000000000000200                _Min_Heap_Size = 0x200
                0x0000000000000400                _Min_Stack_Size = 0x400

.isr_vector     0x0000000008000000      0x1a8
                0x0000000008000000                . = ALIGN (0x4)
 *(.isr_vector)
 .isr_vector    0x0000000008000000      0x1a8 Startup/startup_stm32f407vgtx.o
                0x0000000008000000                g_pfnVectors
                0x00000000080001a8                . = ALIGN (0x4)

.text           0x00000000080001a8     0x1410
                0x00000000080001a8                . = ALIGN (0x4)
 *(.text)
 .text          0x00000000080001a8       0x40 d:/programs/st/stm32cubeide_1.4.0/stm32cubeide/plugins/com.st.stm32cube.ide.mcu.externaltools.gnu-tools-for-stm32.7-2018-q2-update.win32_1.4.0.202007081208/tools/bin/../lib/gcc/arm-none-eabi/7.3.1/thumb/v7e-m/fpv4-sp/hard/crtbegin.o
 *(.text*)
 .text.CAN_GetRxMessage
                0x00000000080001e8       0x32 Src/app/stm32f407_can_app.o
                0x00000000080001e8                CAN_GetRxMessage
 .text.CAN_Init
                0x000000000800021a       0x26 Src/app/stm32f407_can_app.o
                0x000000000800021a                CAN_Init
 .text.CAN_Start
                0x0000000008000240       0x26 Src/app/stm32f407_can_app.o
                0x0000000008000240                CAN_Start
 .text.CAN_ConfigFilter
                0x0000000008000266       0x2a Src/app/stm32f407_can_app.o
                0x0000000008000266                CAN_ConfigFilter
 .text.CAN_BaudRate
                0x0000000008000290       0x26 Src/app/stm32f407_can_app.o
                0x0000000008000290                CAN_BaudRate
 *fill*         0x00000000080002b6        0x2 
 .text.Fls_Read
                0x00000000080002b8       0x34 Src/app/stm32f407_flash_app.o
                0x00000000080002b8                Fls_Read
 .text.Fls_Write
                0x00000000080002ec       0x38 Src/app/stm32f407_flash_app.o
                0x00000000080002ec                Fls_Write
 .text.Fls_Erase
                0x0000000008000324       0x34 Src/app/stm32f407_flash_app.o
                0x0000000008000324                Fls_Erase
 .text.CAN_StatusMailBox
                0x0000000008000358       0x2c Src/driver/stm32f407_can_driver.o
                0x0000000008000358                CAN_StatusMailBox
 .text.CAN_GetID
                0x0000000008000384       0x2c Src/driver/stm32f407_can_driver.o
                0x0000000008000384                CAN_GetID
 .text.CAN_GetDataLength
                0x00000000080003b0       0x2c Src/driver/stm32f407_can_driver.o
                0x00000000080003b0                CAN_GetDataLength
 .text.CAN_ReadData
                0x00000000080003dc       0x98 Src/driver/stm32f407_can_driver.o
                0x00000000080003dc                CAN_ReadData
 .text.CAN_Release
                0x0000000008000474       0x28 Src/driver/stm32f407_can_driver.o
                0x0000000008000474                CAN_Release
 .text.CAN_ExitSleepMode
                0x000000000800049c       0x28 Src/driver/stm32f407_can_driver.o
                0x000000000800049c                CAN_ExitSleepMode
 .text.CAN_RXTimeTrigger
                0x00000000080004c4       0x48 Src/driver/stm32f407_can_driver.o
                0x00000000080004c4                CAN_RXTimeTrigger
 .text.CAN_AutoRetransmit
                0x000000000800050c       0x28 Src/driver/stm32f407_can_driver.o
                0x000000000800050c                CAN_AutoRetransmit
 .text.CAN_LockFIFOMode
                0x0000000008000534       0x28 Src/driver/stm32f407_can_driver.o
                0x0000000008000534                CAN_LockFIFOMode
 .text.CAN_SetMCRINRQ
                0x000000000800055c       0x40 Src/driver/stm32f407_can_driver.o
                0x000000000800055c                CAN_SetMCRINRQ
 .text.CAN_InitModeFilter
                0x000000000800059c       0x50 Src/driver/stm32f407_can_driver.o
                0x000000000800059c                CAN_InitModeFilter
 .text.CAN_DeInitFilter
                0x00000000080005ec       0x30 Src/driver/stm32f407_can_driver.o
                0x00000000080005ec                CAN_DeInitFilter
 .text.CAN_FilterScale
                0x000000000800061c       0x68 Src/driver/stm32f407_can_driver.o
                0x000000000800061c                CAN_FilterScale
 .text.CAN_FilterMode
                0x0000000008000684       0x30 Src/driver/stm32f407_can_driver.o
                0x0000000008000684                CAN_FilterMode
 .text.CAN_FilterFIFOAs
                0x00000000080006b4       0x30 Src/driver/stm32f407_can_driver.o
                0x00000000080006b4                CAN_FilterFIFOAs
 .text.CAN_InitFilter
                0x00000000080006e4       0x30 Src/driver/stm32f407_can_driver.o
                0x00000000080006e4                CAN_InitFilter
 .text.CAN_SetBitTime1
                0x0000000008000714       0x34 Src/driver/stm32f407_can_driver.o
                0x0000000008000714                CAN_SetBitTime1
 .text.CAN_SetBitTime2
                0x0000000008000748       0x34 Src/driver/stm32f407_can_driver.o
                0x0000000008000748                CAN_SetBitTime2
 .text.CAN_setBitBRP
                0x000000000800077c       0x2c Src/driver/stm32f407_can_driver.o
                0x000000000800077c                CAN_setBitBRP
 .text.Flash_Read_Driver
                0x00000000080007a8       0x4a Src/driver/stm32f407_flash_driver.o
                0x00000000080007a8                Flash_Read_Driver
 *fill*         0x00000000080007f2        0x2 
 .text.FLASH_Write_Word
                0x00000000080007f4       0xa8 Src/driver/stm32f407_flash_driver.o
                0x00000000080007f4                FLASH_Write_Word
 .text.Flash_ASync_Erase
                0x000000000800089c       0x1a Src/driver/stm32f407_flash_driver.o
                0x000000000800089c                Flash_ASync_Erase
 *fill*         0x00000000080008b6        0x2 
 .text.Flash_Sync_Erase
                0x00000000080008b8       0xc0 Src/driver/stm32f407_flash_driver.o
                0x00000000080008b8                Flash_Sync_Erase
 .text.Linh_FLASH_Unlock
                0x0000000008000978       0x34 Src/driver/stm32f407_flash_driver.o
                0x0000000008000978                Linh_FLASH_Unlock
 .text.GPIO_PeriClockControl
                0x00000000080009ac      0x1d4 Src/driver/stm32f407_gpio_driver.o
                0x00000000080009ac                GPIO_PeriClockControl
 .text.GPIO_Init
                0x0000000008000b80      0x15a Src/driver/stm32f407_gpio_driver.o
                0x0000000008000b80                GPIO_Init
 .text.GPIO_TogglePin
                0x0000000008000cda       0x2a Src/driver/stm32f407_gpio_driver.o
                0x0000000008000cda                GPIO_TogglePin
 .text.UART5_Config
                0x0000000008000d04       0xa4 Src/driver/stm32f407_usart_driver.o
                0x0000000008000d04                UART5_Config
 .text.main     0x0000000008000da8       0xa0 Src/main.o
                0x0000000008000da8                main
 .text.CAN_SetInterrupt
                0x0000000008000e48       0x2c Src/main.o
 .text.CAN1_RX0_IRQHandler
                0x0000000008000e74       0x78 Src/main.o
                0x0000000008000e74                CAN1_RX0_IRQHandler
 .text.Systick_Delay_ms
                0x0000000008000eec       0x48 Src/main.o
                0x0000000008000eec                Systick_Delay_ms
 .text.MX_CAN1_Init
                0x0000000008000f34       0xc4 Src/main.o
 .text.GPIO_Lib_Config
                0x0000000008000ff8       0x80 Src/main.o
 .text.TachSo   0x0000000008001078      0x144 Src/main.o
                0x0000000008001078                TachSo
 .text.STM32F4_CANRecive
                0x00000000080011bc       0x8e Src/middleware/stm32f407_can_middleware.o
                0x00000000080011bc                STM32F4_CANRecive
 .text.STM32F4_CANInit
                0x000000000800124a       0x7a Src/middleware/stm32f407_can_middleware.o
                0x000000000800124a                STM32F4_CANInit
 .text.STM32F4_CANStart
                0x00000000080012c4       0x26 Src/middleware/stm32f407_can_middleware.o
                0x00000000080012c4                STM32F4_CANStart
 .text.STM32F4_CANConfigFilter
                0x00000000080012ea       0x96 Src/middleware/stm32f407_can_middleware.o
                0x00000000080012ea                STM32F4_CANConfigFilter
 .text.STM32F4_CANSetBaudrate
                0x0000000008001380       0xf0 Src/middleware/stm32f407_can_middleware.o
                0x0000000008001380                STM32F4_CANSetBaudrate
 .text.Fls_IPW_Read
                0x0000000008001470       0x28 Src/middleware/stm32f407_flash_middleware.o
                0x0000000008001470                Fls_IPW_Read
 .text.Fls_IPW_SectorWrite
                0x0000000008001498       0x26 Src/middleware/stm32f407_flash_middleware.o
                0x0000000008001498                Fls_IPW_SectorWrite
 .text.Fls_IPW_SectorErase
                0x00000000080014be       0x46 Src/middleware/stm32f407_flash_middleware.o
                0x00000000080014be                Fls_IPW_SectorErase
 .text.Reset_Handler
                0x0000000008001504       0x50 Startup/startup_stm32f407vgtx.o
                0x0000000008001504                Reset_Handler
 .text.Default_Handler
                0x0000000008001554        0x2 Startup/startup_stm32f407vgtx.o
                0x0000000008001554                RTC_Alarm_IRQHandler
                0x0000000008001554                HASH_RNG_IRQHandler
                0x0000000008001554                EXTI2_IRQHandler
                0x0000000008001554                TIM8_CC_IRQHandler
                0x0000000008001554                DebugMon_Handler
                0x0000000008001554                TIM1_CC_IRQHandler
                0x0000000008001554                DMA2_Stream5_IRQHandler
                0x0000000008001554                HardFault_Handler
                0x0000000008001554                DMA1_Stream5_IRQHandler
                0x0000000008001554                SysTick_Handler
                0x0000000008001554                PVD_IRQHandler
                0x0000000008001554                SDIO_IRQHandler
                0x0000000008001554                TAMP_STAMP_IRQHandler
                0x0000000008001554                PendSV_Handler
                0x0000000008001554                NMI_Handler
                0x0000000008001554                CAN2_RX1_IRQHandler
                0x0000000008001554                EXTI3_IRQHandler
                0x0000000008001554                TIM8_TRG_COM_TIM14_IRQHandler
                0x0000000008001554                TIM1_UP_TIM10_IRQHandler
                0x0000000008001554                TIM8_UP_TIM13_IRQHandler
                0x0000000008001554                I2C3_ER_IRQHandler
                0x0000000008001554                LCD_TFT_IRQHandler
                0x0000000008001554                EXTI0_IRQHandler
                0x0000000008001554                I2C2_EV_IRQHandler
                0x0000000008001554                DMA1_Stream2_IRQHandler
                0x0000000008001554                FPU_IRQHandler
                0x0000000008001554                OTG_HS_WKUP_IRQHandler
                0x0000000008001554                UsageFault_Handler
                0x0000000008001554                CAN2_SCE_IRQHandler
                0x0000000008001554                DMA2_Stream2_IRQHandler
                0x0000000008001554                SPI1_IRQHandler
                0x0000000008001554                TIM6_DAC_IRQHandler
                0x0000000008001554                TIM1_BRK_TIM9_IRQHandler
                0x0000000008001554                DCMI_IRQHandler
                0x0000000008001554                CAN2_RX0_IRQHandler
                0x0000000008001554                DMA2_Stream3_IRQHandler
                0x0000000008001554                USART6_IRQHandler
                0x0000000008001554                USART3_IRQHandler
                0x0000000008001554                CRYP_IRQHandler
                0x0000000008001554                CAN1_RX1_IRQHandler
                0x0000000008001554                UART5_IRQHandler
                0x0000000008001554                DMA2_Stream0_IRQHandler
                0x0000000008001554                TIM4_IRQHandler
                0x0000000008001554                I2C1_EV_IRQHandler
                0x0000000008001554                DMA1_Stream6_IRQHandler
                0x0000000008001554                DMA1_Stream1_IRQHandler
                0x0000000008001554                UART4_IRQHandler
                0x0000000008001554                LCD_TFT_1_IRQHandler
                0x0000000008001554                TIM3_IRQHandler
                0x0000000008001554                RCC_IRQHandler
                0x0000000008001554                TIM8_BRK_TIM12_IRQHandler
                0x0000000008001554                Default_Handler
                0x0000000008001554                EXTI15_10_IRQHandler
                0x0000000008001554                ADC_IRQHandler
                0x0000000008001554                DMA1_Stream7_IRQHandler
                0x0000000008001554                TIM7_IRQHandler
                0x0000000008001554                CAN2_TX_IRQHandler
                0x0000000008001554                TIM5_IRQHandler
                0x0000000008001554                DMA2_Stream7_IRQHandler
                0x0000000008001554                I2C3_EV_IRQHandler
                0x0000000008001554                EXTI9_5_IRQHandler
                0x0000000008001554                RTC_WKUP_IRQHandler
                0x0000000008001554                ETH_WKUP_IRQHandler
                0x0000000008001554                SPI2_IRQHandler
                0x0000000008001554                OTG_HS_EP1_IN_IRQHandler
                0x0000000008001554                MemManage_Handler
                0x0000000008001554                DMA1_Stream0_IRQHandler
                0x0000000008001554                CAN1_TX_IRQHandler
                0x0000000008001554                SVC_Handler
                0x0000000008001554                EXTI4_IRQHandler
                0x0000000008001554                FSMC_IRQHandler
                0x0000000008001554                ETH_IRQHandler
                0x0000000008001554                OTG_HS_EP1_OUT_IRQHandler
                0x0000000008001554                WWDG_IRQHandler
                0x0000000008001554                TIM2_IRQHandler
                0x0000000008001554                OTG_FS_WKUP_IRQHandler
                0x0000000008001554                TIM1_TRG_COM_TIM11_IRQHandler
                0x0000000008001554                OTG_HS_IRQHandler
                0x0000000008001554                EXTI1_IRQHandler
                0x0000000008001554                USART2_IRQHandler
                0x0000000008001554                I2C2_ER_IRQHandler
                0x0000000008001554                DMA2_Stream1_IRQHandler
                0x0000000008001554                CAN1_SCE_IRQHandler
                0x0000000008001554                DMA2_Stream4_IRQHandler
                0x0000000008001554                BusFault_Handler
                0x0000000008001554                USART1_IRQHandler
                0x0000000008001554                OTG_FS_IRQHandler
                0x0000000008001554                SPI3_IRQHandler
                0x0000000008001554                DMA1_Stream4_IRQHandler
                0x0000000008001554                I2C1_ER_IRQHandler
                0x0000000008001554                DMA2_Stream6_IRQHandler
                0x0000000008001554                DMA1_Stream3_IRQHandler
 *fill*         0x0000000008001556        0x2 
 .text.__libc_init_array
                0x0000000008001558       0x48 d:/programs/st/stm32cubeide_1.4.0/stm32cubeide/plugins/com.st.stm32cube.ide.mcu.externaltools.gnu-tools-for-stm32.7-2018-q2-update.win32_1.4.0.202007081208/tools/bin/../lib/gcc/arm-none-eabi/7.3.1/../../../../arm-none-eabi/lib/thumb/v7e-m/fpv4-sp/hard\libc_nano.a(lib_a-init.o)
                0x0000000008001558                __libc_init_array
 *(.glue_7)
 .glue_7        0x00000000080015a0        0x0 linker stubs
 *(.glue_7t)
 .glue_7t       0x00000000080015a0        0x0 linker stubs
 *(.eh_frame)
 .eh_frame      0x00000000080015a0        0x0 d:/programs/st/stm32cubeide_1.4.0/stm32cubeide/plugins/com.st.stm32cube.ide.mcu.externaltools.gnu-tools-for-stm32.7-2018-q2-update.win32_1.4.0.202007081208/tools/bin/../lib/gcc/arm-none-eabi/7.3.1/thumb/v7e-m/fpv4-sp/hard/crtbegin.o
 *(.init)
 .init          0x00000000080015a0        0x4 d:/programs/st/stm32cubeide_1.4.0/stm32cubeide/plugins/com.st.stm32cube.ide.mcu.externaltools.gnu-tools-for-stm32.7-2018-q2-update.win32_1.4.0.202007081208/tools/bin/../lib/gcc/arm-none-eabi/7.3.1/thumb/v7e-m/fpv4-sp/hard/crti.o
                0x00000000080015a0                _init
 .init          0x00000000080015a4        0x8 d:/programs/st/stm32cubeide_1.4.0/stm32cubeide/plugins/com.st.stm32cube.ide.mcu.externaltools.gnu-tools-for-stm32.7-2018-q2-update.win32_1.4.0.202007081208/tools/bin/../lib/gcc/arm-none-eabi/7.3.1/thumb/v7e-m/fpv4-sp/hard/crtn.o
 *(.fini)
 .fini          0x00000000080015ac        0x4 d:/programs/st/stm32cubeide_1.4.0/stm32cubeide/plugins/com.st.stm32cube.ide.mcu.externaltools.gnu-tools-for-stm32.7-2018-q2-update.win32_1.4.0.202007081208/tools/bin/../lib/gcc/arm-none-eabi/7.3.1/thumb/v7e-m/fpv4-sp/hard/crti.o
                0x00000000080015ac                _fini
 .fini          0x00000000080015b0        0x8 d:/programs/st/stm32cubeide_1.4.0/stm32cubeide/plugins/com.st.stm32cube.ide.mcu.externaltools.gnu-tools-for-stm32.7-2018-q2-update.win32_1.4.0.202007081208/tools/bin/../lib/gcc/arm-none-eabi/7.3.1/thumb/v7e-m/fpv4-sp/hard/crtn.o
                0x00000000080015b8                . = ALIGN (0x4)
                0x00000000080015b8                _etext = .

.vfp11_veneer   0x00000000080015b8        0x0
 .vfp11_veneer  0x00000000080015b8        0x0 linker stubs

.v4_bx          0x00000000080015b8        0x0
 .v4_bx         0x00000000080015b8        0x0 linker stubs

.iplt           0x00000000080015b8        0x0
 .iplt          0x00000000080015b8        0x0 d:/programs/st/stm32cubeide_1.4.0/stm32cubeide/plugins/com.st.stm32cube.ide.mcu.externaltools.gnu-tools-for-stm32.7-2018-q2-update.win32_1.4.0.202007081208/tools/bin/../lib/gcc/arm-none-eabi/7.3.1/thumb/v7e-m/fpv4-sp/hard/crtbegin.o

.rel.dyn        0x00000000080015b8        0x0
 .rel.iplt      0x00000000080015b8        0x0 d:/programs/st/stm32cubeide_1.4.0/stm32cubeide/plugins/com.st.stm32cube.ide.mcu.externaltools.gnu-tools-for-stm32.7-2018-q2-update.win32_1.4.0.202007081208/tools/bin/../lib/gcc/arm-none-eabi/7.3.1/thumb/v7e-m/fpv4-sp/hard/crtbegin.o

.rodata         0x00000000080015b8        0x0
                0x00000000080015b8                . = ALIGN (0x4)
 *(.rodata)
 *(.rodata*)
                0x00000000080015b8                . = ALIGN (0x4)

.ARM.extab      0x00000000080015b8        0x0
                0x00000000080015b8                . = ALIGN (0x4)
 *(.ARM.extab* .gnu.linkonce.armextab.*)
                0x00000000080015b8                . = ALIGN (0x4)

.ARM            0x00000000080015b8        0x0
                0x00000000080015b8                . = ALIGN (0x4)
                0x00000000080015b8                __exidx_start = .
 *(.ARM.exidx*)
                0x00000000080015b8                __exidx_end = .
                0x00000000080015b8                . = ALIGN (0x4)

.preinit_array  0x00000000080015b8        0x0
                0x00000000080015b8                . = ALIGN (0x4)
                0x00000000080015b8                PROVIDE (__preinit_array_start = .)
 *(.preinit_array*)
                0x00000000080015b8                PROVIDE (__preinit_array_end = .)
                0x00000000080015b8                . = ALIGN (0x4)

.init_array     0x00000000080015b8        0x4
                0x00000000080015b8                . = ALIGN (0x4)
                0x00000000080015b8                PROVIDE (__init_array_start = .)
 *(SORT_BY_NAME(.init_array.*))
 *(.init_array*)
 .init_array    0x00000000080015b8        0x4 d:/programs/st/stm32cubeide_1.4.0/stm32cubeide/plugins/com.st.stm32cube.ide.mcu.externaltools.gnu-tools-for-stm32.7-2018-q2-update.win32_1.4.0.202007081208/tools/bin/../lib/gcc/arm-none-eabi/7.3.1/thumb/v7e-m/fpv4-sp/hard/crtbegin.o
                0x00000000080015bc                PROVIDE (__init_array_end = .)
                0x00000000080015bc                . = ALIGN (0x4)

.fini_array     0x00000000080015bc        0x4
                0x00000000080015bc                . = ALIGN (0x4)
                [!provide]                        PROVIDE (__fini_array_start = .)
 *(SORT_BY_NAME(.fini_array.*))
 *(.fini_array*)
 .fini_array    0x00000000080015bc        0x4 d:/programs/st/stm32cubeide_1.4.0/stm32cubeide/plugins/com.st.stm32cube.ide.mcu.externaltools.gnu-tools-for-stm32.7-2018-q2-update.win32_1.4.0.202007081208/tools/bin/../lib/gcc/arm-none-eabi/7.3.1/thumb/v7e-m/fpv4-sp/hard/crtbegin.o
                [!provide]                        PROVIDE (__fini_array_end = .)
                0x00000000080015c0                . = ALIGN (0x4)
                0x00000000080015c0                _sidata = LOADADDR (.data)

.data           0x0000000020000000        0xc load address 0x00000000080015c0
                0x0000000020000000                . = ALIGN (0x4)
                0x0000000020000000                _sdata = .
 *(.data)
 *(.data*)
 .data.v        0x0000000020000000        0x4 Src/main.o
                0x0000000020000000                v
 .data.p        0x0000000020000004        0x4 Src/main.o
                0x0000000020000004                p
 .data.Total    0x0000000020000008        0x4 Src/main.o
                0x0000000020000008                Total
                0x000000002000000c                . = ALIGN (0x4)
                0x000000002000000c                _edata = .

.igot.plt       0x000000002000000c        0x0 load address 0x00000000080015cc
 .igot.plt      0x000000002000000c        0x0 d:/programs/st/stm32cubeide_1.4.0/stm32cubeide/plugins/com.st.stm32cube.ide.mcu.externaltools.gnu-tools-for-stm32.7-2018-q2-update.win32_1.4.0.202007081208/tools/bin/../lib/gcc/arm-none-eabi/7.3.1/thumb/v7e-m/fpv4-sp/hard/crtbegin.o
                0x000000002000000c                . = ALIGN (0x4)

.bss            0x000000002000000c       0xa0 load address 0x00000000080015cc
                0x000000002000000c                _sbss = .
                0x000000002000000c                __bss_start__ = _sbss
 *(.bss)
 .bss           0x000000002000000c       0x1c d:/programs/st/stm32cubeide_1.4.0/stm32cubeide/plugins/com.st.stm32cube.ide.mcu.externaltools.gnu-tools-for-stm32.7-2018-q2-update.win32_1.4.0.202007081208/tools/bin/../lib/gcc/arm-none-eabi/7.3.1/thumb/v7e-m/fpv4-sp/hard/crtbegin.o
 *(.bss*)
 .bss.Fls_eJobResult
                0x0000000020000028        0x1 Src/app/stm32f407_flash_app.o
 *fill*         0x0000000020000029        0x3 
 .bss.UartTx    0x000000002000002c        0x9 Src/main.o
                0x000000002000002c                UartTx
 *(COMMON)
 *fill*         0x0000000020000035        0x3 
 COMMON         0x0000000020000038       0x74 Src/main.o
                0x0000000020000038                RxFifo
                0x000000002000003c                DataNode1
                0x0000000020000040                huart5
                0x0000000020000044                DataNode2
                0x0000000020000048                TxMailbox
                0x000000002000004c                BufferRead
                0x0000000020000050                RxData
                0x0000000020000058                hcan1
                0x000000002000007c                TxHeader
                0x0000000020000090                RxHeader
                0x00000000200000ac                . = ALIGN (0x4)
                0x00000000200000ac                _ebss = .
                0x00000000200000ac                __bss_end__ = _ebss

._user_heap_stack
                0x00000000200000ac      0x604 load address 0x00000000080015cc
                0x00000000200000b0                . = ALIGN (0x8)
 *fill*         0x00000000200000ac        0x4 
                [!provide]                        PROVIDE (end = .)
                0x00000000200000b0                PROVIDE (_end = .)
                0x00000000200002b0                . = (. + _Min_Heap_Size)
 *fill*         0x00000000200000b0      0x200 
                0x00000000200006b0                . = (. + _Min_Stack_Size)
 *fill*         0x00000000200002b0      0x400 
                0x00000000200006b0                . = ALIGN (0x8)

/DISCARD/
 libc.a(*)
 libm.a(*)
 libgcc.a(*)

.ARM.attributes
                0x0000000000000000       0x30
 *(.ARM.attributes)
 .ARM.attributes
                0x0000000000000000       0x22 d:/programs/st/stm32cubeide_1.4.0/stm32cubeide/plugins/com.st.stm32cube.ide.mcu.externaltools.gnu-tools-for-stm32.7-2018-q2-update.win32_1.4.0.202007081208/tools/bin/../lib/gcc/arm-none-eabi/7.3.1/thumb/v7e-m/fpv4-sp/hard/crti.o
 .ARM.attributes
                0x0000000000000022       0x34 d:/programs/st/stm32cubeide_1.4.0/stm32cubeide/plugins/com.st.stm32cube.ide.mcu.externaltools.gnu-tools-for-stm32.7-2018-q2-update.win32_1.4.0.202007081208/tools/bin/../lib/gcc/arm-none-eabi/7.3.1/thumb/v7e-m/fpv4-sp/hard/crtbegin.o
 .ARM.attributes
                0x0000000000000056       0x39 Src/app/stm32f407_can_app.o
 .ARM.attributes
                0x000000000000008f       0x39 Src/app/stm32f407_flash_app.o
 .ARM.attributes
                0x00000000000000c8       0x39 Src/driver/stm32f407_can_driver.o
 .ARM.attributes
                0x0000000000000101       0x39 Src/driver/stm32f407_flash_driver.o
 .ARM.attributes
                0x000000000000013a       0x39 Src/driver/stm32f407_gpio_driver.o
 .ARM.attributes
                0x0000000000000173       0x39 Src/driver/stm32f407_usart_driver.o
 .ARM.attributes
                0x00000000000001ac       0x39 Src/main.o
 .ARM.attributes
                0x00000000000001e5       0x39 Src/middleware/stm32f407_can_middleware.o
 .ARM.attributes
                0x000000000000021e       0x39 Src/middleware/stm32f407_flash_middleware.o
 .ARM.attributes
                0x0000000000000257       0x21 Startup/startup_stm32f407vgtx.o
 .ARM.attributes
                0x0000000000000278       0x34 d:/programs/st/stm32cubeide_1.4.0/stm32cubeide/plugins/com.st.stm32cube.ide.mcu.externaltools.gnu-tools-for-stm32.7-2018-q2-update.win32_1.4.0.202007081208/tools/bin/../lib/gcc/arm-none-eabi/7.3.1/../../../../arm-none-eabi/lib/thumb/v7e-m/fpv4-sp/hard\libc_nano.a(lib_a-init.o)
 .ARM.attributes
                0x00000000000002ac       0x22 d:/programs/st/stm32cubeide_1.4.0/stm32cubeide/plugins/com.st.stm32cube.ide.mcu.externaltools.gnu-tools-for-stm32.7-2018-q2-update.win32_1.4.0.202007081208/tools/bin/../lib/gcc/arm-none-eabi/7.3.1/thumb/v7e-m/fpv4-sp/hard/crtn.o
OUTPUT(Mydriver.elf elf32-littlearm)

.debug_info     0x0000000000000000     0x429c
 .debug_info    0x0000000000000000      0x518 Src/app/stm32f407_can_app.o
 .debug_info    0x0000000000000518      0x256 Src/app/stm32f407_flash_app.o
 .debug_info    0x000000000000076e      0x9ad Src/driver/stm32f407_can_driver.o
 .debug_info    0x000000000000111b      0x2ad Src/driver/stm32f407_flash_driver.o
 .debug_info    0x00000000000013c8      0x7d0 Src/driver/stm32f407_gpio_driver.o
 .debug_info    0x0000000000001b98      0x849 Src/driver/stm32f407_usart_driver.o
 .debug_info    0x00000000000023e1     0x1686 Src/main.o
 .debug_info    0x0000000000003a67      0x582 Src/middleware/stm32f407_can_middleware.o
 .debug_info    0x0000000000003fe9      0x291 Src/middleware/stm32f407_flash_middleware.o
 .debug_info    0x000000000000427a       0x22 Startup/startup_stm32f407vgtx.o

.debug_abbrev   0x0000000000000000      0xbea
 .debug_abbrev  0x0000000000000000      0x105 Src/app/stm32f407_can_app.o
 .debug_abbrev  0x0000000000000105       0xbc Src/app/stm32f407_flash_app.o
 .debug_abbrev  0x00000000000001c1      0x1a3 Src/driver/stm32f407_can_driver.o
 .debug_abbrev  0x0000000000000364      0x143 Src/driver/stm32f407_flash_driver.o
 .debug_abbrev  0x00000000000004a7      0x139 Src/driver/stm32f407_gpio_driver.o
 .debug_abbrev  0x00000000000005e0      0x144 Src/driver/stm32f407_usart_driver.o
 .debug_abbrev  0x0000000000000724      0x2ab Src/main.o
 .debug_abbrev  0x00000000000009cf      0x114 Src/middleware/stm32f407_can_middleware.o
 .debug_abbrev  0x0000000000000ae3       0xf5 Src/middleware/stm32f407_flash_middleware.o
 .debug_abbrev  0x0000000000000bd8       0x12 Startup/startup_stm32f407vgtx.o

.debug_aranges  0x0000000000000000      0x360
 .debug_aranges
                0x0000000000000000       0x48 Src/app/stm32f407_can_app.o
 .debug_aranges
                0x0000000000000048       0x30 Src/app/stm32f407_flash_app.o
 .debug_aranges
                0x0000000000000078       0xe0 Src/driver/stm32f407_can_driver.o
 .debug_aranges
                0x0000000000000158       0x40 Src/driver/stm32f407_flash_driver.o
 .debug_aranges
                0x0000000000000198       0x68 Src/driver/stm32f407_gpio_driver.o
 .debug_aranges
                0x0000000000000200       0x70 Src/driver/stm32f407_usart_driver.o
 .debug_aranges
                0x0000000000000270       0x50 Src/main.o
 .debug_aranges
                0x00000000000002c0       0x48 Src/middleware/stm32f407_can_middleware.o
 .debug_aranges
                0x0000000000000308       0x30 Src/middleware/stm32f407_flash_middleware.o
 .debug_aranges
                0x0000000000000338       0x28 Startup/startup_stm32f407vgtx.o

.debug_ranges   0x0000000000000000      0x2c8
 .debug_ranges  0x0000000000000000       0x38 Src/app/stm32f407_can_app.o
 .debug_ranges  0x0000000000000038       0x20 Src/app/stm32f407_flash_app.o
 .debug_ranges  0x0000000000000058       0xd0 Src/driver/stm32f407_can_driver.o
 .debug_ranges  0x0000000000000128       0x30 Src/driver/stm32f407_flash_driver.o
 .debug_ranges  0x0000000000000158       0x58 Src/driver/stm32f407_gpio_driver.o
 .debug_ranges  0x00000000000001b0       0x60 Src/driver/stm32f407_usart_driver.o
 .debug_ranges  0x0000000000000210       0x40 Src/main.o
 .debug_ranges  0x0000000000000250       0x38 Src/middleware/stm32f407_can_middleware.o
 .debug_ranges  0x0000000000000288       0x20 Src/middleware/stm32f407_flash_middleware.o
 .debug_ranges  0x00000000000002a8       0x20 Startup/startup_stm32f407vgtx.o

.debug_macro    0x0000000000000000     0x2c46
 .debug_macro   0x0000000000000000       0xb5 Src/app/stm32f407_can_app.o
 .debug_macro   0x00000000000000b5      0xa60 Src/app/stm32f407_can_app.o
 .debug_macro   0x0000000000000b15       0x22 Src/app/stm32f407_can_app.o
 .debug_macro   0x0000000000000b37       0x8e Src/app/stm32f407_can_app.o
 .debug_macro   0x0000000000000bc5       0x51 Src/app/stm32f407_can_app.o
 .debug_macro   0x0000000000000c16       0xef Src/app/stm32f407_can_app.o
 .debug_macro   0x0000000000000d05       0x6a Src/app/stm32f407_can_app.o
 .debug_macro   0x0000000000000d6f      0x1df Src/app/stm32f407_can_app.o
 .debug_macro   0x0000000000000f4e       0x16 Src/app/stm32f407_can_app.o
 .debug_macro   0x0000000000000f64       0x8e Src/app/stm32f407_can_app.o
 .debug_macro   0x0000000000000ff2      0x160 Src/app/stm32f407_can_app.o
 .debug_macro   0x0000000000001152      0x33f Src/app/stm32f407_can_app.o
 .debug_macro   0x0000000000001491       0xb8 Src/app/stm32f407_flash_app.o
 .debug_macro   0x0000000000001549      0x160 Src/app/stm32f407_flash_app.o
 .debug_macro   0x00000000000016a9      0x1c6 Src/app/stm32f407_flash_app.o
 .debug_macro   0x000000000000186f       0xab Src/driver/stm32f407_can_driver.o
 .debug_macro   0x000000000000191a      0x15a Src/driver/stm32f407_can_driver.o
 .debug_macro   0x0000000000001a74       0xaa Src/driver/stm32f407_flash_driver.o
 .debug_macro   0x0000000000001b1e       0xa5 Src/driver/stm32f407_gpio_driver.o
 .debug_macro   0x0000000000001bc3       0xab Src/driver/stm32f407_usart_driver.o
 .debug_macro   0x0000000000001c6e       0x88 Src/driver/stm32f407_usart_driver.o
 .debug_macro   0x0000000000001cf6      0x233 Src/main.o
 .debug_macro   0x0000000000001f29       0x46 Src/main.o
 .debug_macro   0x0000000000001f6f       0x18 Src/main.o
 .debug_macro   0x0000000000001f87       0x3c Src/main.o
 .debug_macro   0x0000000000001fc3       0x34 Src/main.o
 .debug_macro   0x0000000000001ff7       0x16 Src/main.o
 .debug_macro   0x000000000000200d       0x97 Src/main.o
 .debug_macro   0x00000000000020a4      0x330 Src/main.o
 .debug_macro   0x00000000000023d4       0xfd Src/main.o
 .debug_macro   0x00000000000024d1       0x10 Src/main.o
 .debug_macro   0x00000000000024e1       0x52 Src/main.o
 .debug_macro   0x0000000000002533       0x1f Src/main.o
 .debug_macro   0x0000000000002552       0x43 Src/main.o
 .debug_macro   0x0000000000002595       0x20 Src/main.o
 .debug_macro   0x00000000000025b5      0x1a3 Src/main.o
 .debug_macro   0x0000000000002758       0x10 Src/main.o
 .debug_macro   0x0000000000002768       0x1c Src/main.o
 .debug_macro   0x0000000000002784       0x52 Src/main.o
 .debug_macro   0x00000000000027d6       0x40 Src/main.o
 .debug_macro   0x0000000000002816       0x10 Src/main.o
 .debug_macro   0x0000000000002826       0x40 Src/main.o
 .debug_macro   0x0000000000002866       0xd7 Src/main.o
 .debug_macro   0x000000000000293d       0x1c Src/main.o
 .debug_macro   0x0000000000002959       0x3d Src/main.o
 .debug_macro   0x0000000000002996       0x16 Src/main.o
 .debug_macro   0x00000000000029ac      0x145 Src/main.o
 .debug_macro   0x0000000000002af1       0xab Src/middleware/stm32f407_can_middleware.o
 .debug_macro   0x0000000000002b9c       0xaa Src/middleware/stm32f407_flash_middleware.o

.debug_line     0x0000000000000000     0x32a8
 .debug_line    0x0000000000000000      0x4fb Src/app/stm32f407_can_app.o
 .debug_line    0x00000000000004fb      0x4e2 Src/app/stm32f407_flash_app.o
 .debug_line    0x00000000000009dd      0x659 Src/driver/stm32f407_can_driver.o
 .debug_line    0x0000000000001036      0x513 Src/driver/stm32f407_flash_driver.o
 .debug_line    0x0000000000001549      0x595 Src/driver/stm32f407_gpio_driver.o
 .debug_line    0x0000000000001ade      0x56e Src/driver/stm32f407_usart_driver.o
 .debug_line    0x000000000000204c      0x7eb Src/main.o
 .debug_line    0x0000000000002837      0x552 Src/middleware/stm32f407_can_middleware.o
 .debug_line    0x0000000000002d89      0x49b Src/middleware/stm32f407_flash_middleware.o
 .debug_line    0x0000000000003224       0x84 Startup/startup_stm32f407vgtx.o

.debug_str      0x0000000000000000     0xb82b
 .debug_str     0x0000000000000000     0x5b8f Src/app/stm32f407_can_app.o
                                       0x5d75 (size before relaxing)
 .debug_str     0x0000000000005b8f      0xb7e Src/app/stm32f407_flash_app.o
                                       0x6569 (size before relaxing)
 .debug_str     0x000000000000670d      0x2c2 Src/driver/stm32f407_can_driver.o
                                       0x5f32 (size before relaxing)
 .debug_str     0x00000000000069cf      0x115 Src/driver/stm32f407_flash_driver.o
                                       0x6508 (size before relaxing)
 .debug_str     0x0000000000006ae4      0x53e Src/driver/stm32f407_gpio_driver.o
                                       0x5fa2 (size before relaxing)
 .debug_str     0x0000000000007022      0x15f Src/driver/stm32f407_usart_driver.o
                                       0x5fab (size before relaxing)
 .debug_str     0x0000000000007181     0x4516 Src/main.o
                                       0xb196 (size before relaxing)
 .debug_str     0x000000000000b697       0xe5 Src/middleware/stm32f407_can_middleware.o
                                       0x5e03 (size before relaxing)
 .debug_str     0x000000000000b77c       0x7e Src/middleware/stm32f407_flash_middleware.o
                                       0x6565 (size before relaxing)
 .debug_str     0x000000000000b7fa       0x31 Startup/startup_stm32f407vgtx.o
                                         0x61 (size before relaxing)

.comment        0x0000000000000000       0x7b
 .comment       0x0000000000000000       0x7b Src/app/stm32f407_can_app.o
                                         0x7c (size before relaxing)
 .comment       0x000000000000007b       0x7c Src/app/stm32f407_flash_app.o
 .comment       0x000000000000007b       0x7c Src/driver/stm32f407_can_driver.o
 .comment       0x000000000000007b       0x7c Src/driver/stm32f407_flash_driver.o
 .comment       0x000000000000007b       0x7c Src/driver/stm32f407_gpio_driver.o
 .comment       0x000000000000007b       0x7c Src/driver/stm32f407_usart_driver.o
 .comment       0x000000000000007b       0x7c Src/main.o
 .comment       0x000000000000007b       0x7c Src/middleware/stm32f407_can_middleware.o
 .comment       0x000000000000007b       0x7c Src/middleware/stm32f407_flash_middleware.o

.debug_frame    0x0000000000000000      0xc00
 .debug_frame   0x0000000000000000       0xe8 Src/app/stm32f407_can_app.o
 .debug_frame   0x00000000000000e8       0x7c Src/app/stm32f407_flash_app.o
 .debug_frame   0x0000000000000164      0x3f8 Src/driver/stm32f407_can_driver.o
 .debug_frame   0x000000000000055c       0xc8 Src/driver/stm32f407_flash_driver.o
 .debug_frame   0x0000000000000624      0x19c Src/driver/stm32f407_gpio_driver.o
 .debug_frame   0x00000000000007c0      0x1b0 Src/driver/stm32f407_usart_driver.o
 .debug_frame   0x0000000000000970      0x100 Src/main.o
 .debug_frame   0x0000000000000a70       0xe8 Src/middleware/stm32f407_can_middleware.o
 .debug_frame   0x0000000000000b58       0x7c Src/middleware/stm32f407_flash_middleware.o
 .debug_frame   0x0000000000000bd4       0x2c d:/programs/st/stm32cubeide_1.4.0/stm32cubeide/plugins/com.st.stm32cube.ide.mcu.externaltools.gnu-tools-for-stm32.7-2018-q2-update.win32_1.4.0.202007081208/tools/bin/../lib/gcc/arm-none-eabi/7.3.1/../../../../arm-none-eabi/lib/thumb/v7e-m/fpv4-sp/hard\libc_nano.a(lib_a-init.o)
