Archive member included to satisfy reference by file (symbol)

d:/st/stm32cubeide_1.10.1/stm32cubeide/plugins/com.st.stm32cube.ide.mcu.externaltools.gnu-tools-for-stm32.10.3-2021.10.win32_1.0.0.202111181127/tools/bin/../lib/gcc/arm-none-eabi/10.3.1/../../../../arm-none-eabi/lib/thumb/v7e-m+fp/hard\libc_nano.a(lib_a-errno.o)
                              ./Src/syscalls.o (__errno)
d:/st/stm32cubeide_1.10.1/stm32cubeide/plugins/com.st.stm32cube.ide.mcu.externaltools.gnu-tools-for-stm32.10.3-2021.10.win32_1.0.0.202111181127/tools/bin/../lib/gcc/arm-none-eabi/10.3.1/../../../../arm-none-eabi/lib/thumb/v7e-m+fp/hard\libc_nano.a(lib_a-exit.o)
                              d:/st/stm32cubeide_1.10.1/stm32cubeide/plugins/com.st.stm32cube.ide.mcu.externaltools.gnu-tools-for-stm32.10.3-2021.10.win32_1.0.0.202111181127/tools/bin/../lib/gcc/arm-none-eabi/10.3.1/../../../../arm-none-eabi/lib/thumb/v7e-m+fp/hard/crt0.o (exit)
d:/st/stm32cubeide_1.10.1/stm32cubeide/plugins/com.st.stm32cube.ide.mcu.externaltools.gnu-tools-for-stm32.10.3-2021.10.win32_1.0.0.202111181127/tools/bin/../lib/gcc/arm-none-eabi/10.3.1/../../../../arm-none-eabi/lib/thumb/v7e-m+fp/hard\libc_nano.a(lib_a-impure.o)
                              d:/st/stm32cubeide_1.10.1/stm32cubeide/plugins/com.st.stm32cube.ide.mcu.externaltools.gnu-tools-for-stm32.10.3-2021.10.win32_1.0.0.202111181127/tools/bin/../lib/gcc/arm-none-eabi/10.3.1/../../../../arm-none-eabi/lib/thumb/v7e-m+fp/hard\libc_nano.a(lib_a-exit.o) (_global_impure_ptr)
d:/st/stm32cubeide_1.10.1/stm32cubeide/plugins/com.st.stm32cube.ide.mcu.externaltools.gnu-tools-for-stm32.10.3-2021.10.win32_1.0.0.202111181127/tools/bin/../lib/gcc/arm-none-eabi/10.3.1/../../../../arm-none-eabi/lib/thumb/v7e-m+fp/hard\libc_nano.a(lib_a-init.o)
                              d:/st/stm32cubeide_1.10.1/stm32cubeide/plugins/com.st.stm32cube.ide.mcu.externaltools.gnu-tools-for-stm32.10.3-2021.10.win32_1.0.0.202111181127/tools/bin/../lib/gcc/arm-none-eabi/10.3.1/../../../../arm-none-eabi/lib/thumb/v7e-m+fp/hard/crt0.o (__libc_init_array)
d:/st/stm32cubeide_1.10.1/stm32cubeide/plugins/com.st.stm32cube.ide.mcu.externaltools.gnu-tools-for-stm32.10.3-2021.10.win32_1.0.0.202111181127/tools/bin/../lib/gcc/arm-none-eabi/10.3.1/../../../../arm-none-eabi/lib/thumb/v7e-m+fp/hard\libc_nano.a(lib_a-memset.o)
                              d:/st/stm32cubeide_1.10.1/stm32cubeide/plugins/com.st.stm32cube.ide.mcu.externaltools.gnu-tools-for-stm32.10.3-2021.10.win32_1.0.0.202111181127/tools/bin/../lib/gcc/arm-none-eabi/10.3.1/../../../../arm-none-eabi/lib/thumb/v7e-m+fp/hard/crt0.o (memset)

Discarded input sections

 .text          0x0000000000000000        0x0 d:/st/stm32cubeide_1.10.1/stm32cubeide/plugins/com.st.stm32cube.ide.mcu.externaltools.gnu-tools-for-stm32.10.3-2021.10.win32_1.0.0.202111181127/tools/bin/../lib/gcc/arm-none-eabi/10.3.1/thumb/v7e-m+fp/hard/crti.o
 .data          0x0000000000000000        0x0 d:/st/stm32cubeide_1.10.1/stm32cubeide/plugins/com.st.stm32cube.ide.mcu.externaltools.gnu-tools-for-stm32.10.3-2021.10.win32_1.0.0.202111181127/tools/bin/../lib/gcc/arm-none-eabi/10.3.1/thumb/v7e-m+fp/hard/crti.o
 .bss           0x0000000000000000        0x0 d:/st/stm32cubeide_1.10.1/stm32cubeide/plugins/com.st.stm32cube.ide.mcu.externaltools.gnu-tools-for-stm32.10.3-2021.10.win32_1.0.0.202111181127/tools/bin/../lib/gcc/arm-none-eabi/10.3.1/thumb/v7e-m+fp/hard/crti.o
 .data          0x0000000000000000        0x4 d:/st/stm32cubeide_1.10.1/stm32cubeide/plugins/com.st.stm32cube.ide.mcu.externaltools.gnu-tools-for-stm32.10.3-2021.10.win32_1.0.0.202111181127/tools/bin/../lib/gcc/arm-none-eabi/10.3.1/thumb/v7e-m+fp/hard/crtbegin.o
 .rodata        0x0000000000000000       0x24 d:/st/stm32cubeide_1.10.1/stm32cubeide/plugins/com.st.stm32cube.ide.mcu.externaltools.gnu-tools-for-stm32.10.3-2021.10.win32_1.0.0.202111181127/tools/bin/../lib/gcc/arm-none-eabi/10.3.1/thumb/v7e-m+fp/hard/crtbegin.o
 .text          0x0000000000000000       0x7c d:/st/stm32cubeide_1.10.1/stm32cubeide/plugins/com.st.stm32cube.ide.mcu.externaltools.gnu-tools-for-stm32.10.3-2021.10.win32_1.0.0.202111181127/tools/bin/../lib/gcc/arm-none-eabi/10.3.1/../../../../arm-none-eabi/lib/thumb/v7e-m+fp/hard/crt0.o
 .data          0x0000000000000000        0x0 d:/st/stm32cubeide_1.10.1/stm32cubeide/plugins/com.st.stm32cube.ide.mcu.externaltools.gnu-tools-for-stm32.10.3-2021.10.win32_1.0.0.202111181127/tools/bin/../lib/gcc/arm-none-eabi/10.3.1/../../../../arm-none-eabi/lib/thumb/v7e-m+fp/hard/crt0.o
 .bss           0x0000000000000000        0x0 d:/st/stm32cubeide_1.10.1/stm32cubeide/plugins/com.st.stm32cube.ide.mcu.externaltools.gnu-tools-for-stm32.10.3-2021.10.win32_1.0.0.202111181127/tools/bin/../lib/gcc/arm-none-eabi/10.3.1/../../../../arm-none-eabi/lib/thumb/v7e-m+fp/hard/crt0.o
 .ARM.extab     0x0000000000000000        0x0 d:/st/stm32cubeide_1.10.1/stm32cubeide/plugins/com.st.stm32cube.ide.mcu.externaltools.gnu-tools-for-stm32.10.3-2021.10.win32_1.0.0.202111181127/tools/bin/../lib/gcc/arm-none-eabi/10.3.1/../../../../arm-none-eabi/lib/thumb/v7e-m+fp/hard/crt0.o
 .ARM.exidx     0x0000000000000000       0x10 d:/st/stm32cubeide_1.10.1/stm32cubeide/plugins/com.st.stm32cube.ide.mcu.externaltools.gnu-tools-for-stm32.10.3-2021.10.win32_1.0.0.202111181127/tools/bin/../lib/gcc/arm-none-eabi/10.3.1/../../../../arm-none-eabi/lib/thumb/v7e-m+fp/hard/crt0.o
 .ARM.attributes
                0x0000000000000000       0x1c d:/st/stm32cubeide_1.10.1/stm32cubeide/plugins/com.st.stm32cube.ide.mcu.externaltools.gnu-tools-for-stm32.10.3-2021.10.win32_1.0.0.202111181127/tools/bin/../lib/gcc/arm-none-eabi/10.3.1/../../../../arm-none-eabi/lib/thumb/v7e-m+fp/hard/crt0.o
 .group         0x0000000000000000        0xc ./Src/app/stm32f407_flash_app.o
 .group         0x0000000000000000        0xc ./Src/app/stm32f407_flash_app.o
 .group         0x0000000000000000        0xc ./Src/app/stm32f407_flash_app.o
 .group         0x0000000000000000        0xc ./Src/app/stm32f407_flash_app.o
 .group         0x0000000000000000        0xc ./Src/app/stm32f407_flash_app.o
 .group         0x0000000000000000        0xc ./Src/app/stm32f407_flash_app.o
 .group         0x0000000000000000        0xc ./Src/app/stm32f407_flash_app.o
 .group         0x0000000000000000        0xc ./Src/app/stm32f407_flash_app.o
 .text          0x0000000000000000        0x0 ./Src/app/stm32f407_flash_app.o
 .data          0x0000000000000000        0x0 ./Src/app/stm32f407_flash_app.o
 .bss           0x0000000000000000        0x0 ./Src/app/stm32f407_flash_app.o
 .group         0x0000000000000000        0xc ./Src/driver/stm32f407_flash_driver.o
 .group         0x0000000000000000        0xc ./Src/driver/stm32f407_flash_driver.o
 .group         0x0000000000000000        0xc ./Src/driver/stm32f407_flash_driver.o
 .group         0x0000000000000000        0xc ./Src/driver/stm32f407_flash_driver.o
 .group         0x0000000000000000        0xc ./Src/driver/stm32f407_flash_driver.o
 .group         0x0000000000000000        0xc ./Src/driver/stm32f407_flash_driver.o
 .group         0x0000000000000000        0xc ./Src/driver/stm32f407_flash_driver.o
 .group         0x0000000000000000        0xc ./Src/driver/stm32f407_flash_driver.o
 .group         0x0000000000000000        0xc ./Src/driver/stm32f407_flash_driver.o
 .text          0x0000000000000000        0x0 ./Src/driver/stm32f407_flash_driver.o
 .data          0x0000000000000000        0x0 ./Src/driver/stm32f407_flash_driver.o
 .bss           0x0000000000000000        0x0 ./Src/driver/stm32f407_flash_driver.o
 .debug_macro   0x0000000000000000      0xa7e ./Src/driver/stm32f407_flash_driver.o
 .debug_macro   0x0000000000000000       0x22 ./Src/driver/stm32f407_flash_driver.o
 .debug_macro   0x0000000000000000       0x8e ./Src/driver/stm32f407_flash_driver.o
 .debug_macro   0x0000000000000000       0x51 ./Src/driver/stm32f407_flash_driver.o
 .debug_macro   0x0000000000000000      0x103 ./Src/driver/stm32f407_flash_driver.o
 .debug_macro   0x0000000000000000       0x6a ./Src/driver/stm32f407_flash_driver.o
 .debug_macro   0x0000000000000000      0x1df ./Src/driver/stm32f407_flash_driver.o
 .debug_macro   0x0000000000000000      0x32a ./Src/driver/stm32f407_flash_driver.o
 .group         0x0000000000000000        0xc ./Src/driver/stm32f407_gpio_driver.o
 .group         0x0000000000000000        0xc ./Src/driver/stm32f407_gpio_driver.o
 .group         0x0000000000000000        0xc ./Src/driver/stm32f407_gpio_driver.o
 .group         0x0000000000000000        0xc ./Src/driver/stm32f407_gpio_driver.o
 .group         0x0000000000000000        0xc ./Src/driver/stm32f407_gpio_driver.o
 .group         0x0000000000000000        0xc ./Src/driver/stm32f407_gpio_driver.o
 .group         0x0000000000000000        0xc ./Src/driver/stm32f407_gpio_driver.o
 .group         0x0000000000000000        0xc ./Src/driver/stm32f407_gpio_driver.o
 .text          0x0000000000000000        0x0 ./Src/driver/stm32f407_gpio_driver.o
 .data          0x0000000000000000        0x0 ./Src/driver/stm32f407_gpio_driver.o
 .bss           0x0000000000000000        0x0 ./Src/driver/stm32f407_gpio_driver.o
 .text.GPIO_ReadFromInputPin
                0x0000000000000000       0x2c ./Src/driver/stm32f407_gpio_driver.o
 .text.GPIO_ReadFromInputPort
                0x0000000000000000       0x1a ./Src/driver/stm32f407_gpio_driver.o
 .text.GPIO_WriteOutputPort
                0x0000000000000000       0x1e ./Src/driver/stm32f407_gpio_driver.o
 .text.GPIO_WriteOutputPin
                0x0000000000000000       0x50 ./Src/driver/stm32f407_gpio_driver.o
 .text.GPIO_IRQInterruptConfig
                0x0000000000000000      0x154 ./Src/driver/stm32f407_gpio_driver.o
 .text.GPIO_IRQPriorityConfig
                0x0000000000000000       0x5c ./Src/driver/stm32f407_gpio_driver.o
 .text.GPIO_IRQHandling
                0x0000000000000000       0x40 ./Src/driver/stm32f407_gpio_driver.o
 .debug_macro   0x0000000000000000      0xa7e ./Src/driver/stm32f407_gpio_driver.o
 .debug_macro   0x0000000000000000       0x22 ./Src/driver/stm32f407_gpio_driver.o
 .debug_macro   0x0000000000000000       0x8e ./Src/driver/stm32f407_gpio_driver.o
 .debug_macro   0x0000000000000000       0x51 ./Src/driver/stm32f407_gpio_driver.o
 .debug_macro   0x0000000000000000      0x103 ./Src/driver/stm32f407_gpio_driver.o
 .debug_macro   0x0000000000000000       0x6a ./Src/driver/stm32f407_gpio_driver.o
 .debug_macro   0x0000000000000000      0x1df ./Src/driver/stm32f407_gpio_driver.o
 .debug_macro   0x0000000000000000      0x32a ./Src/driver/stm32f407_gpio_driver.o
 .group         0x0000000000000000        0xc ./Src/driver/stm32f407_usart_driver.o
 .group         0x0000000000000000        0xc ./Src/driver/stm32f407_usart_driver.o
 .group         0x0000000000000000        0xc ./Src/driver/stm32f407_usart_driver.o
 .group         0x0000000000000000        0xc ./Src/driver/stm32f407_usart_driver.o
 .group         0x0000000000000000        0xc ./Src/driver/stm32f407_usart_driver.o
 .group         0x0000000000000000        0xc ./Src/driver/stm32f407_usart_driver.o
 .group         0x0000000000000000        0xc ./Src/driver/stm32f407_usart_driver.o
 .group         0x0000000000000000        0xc ./Src/driver/stm32f407_usart_driver.o
 .group         0x0000000000000000        0xc ./Src/driver/stm32f407_usart_driver.o
 .text          0x0000000000000000        0x0 ./Src/driver/stm32f407_usart_driver.o
 .data          0x0000000000000000        0x0 ./Src/driver/stm32f407_usart_driver.o
 .bss           0x0000000000000000        0x0 ./Src/driver/stm32f407_usart_driver.o
 .text.USART_PeriClockControl
                0x0000000000000000       0x18 ./Src/driver/stm32f407_usart_driver.o
 .text.USART_SentData
                0x0000000000000000       0x2a ./Src/driver/stm32f407_usart_driver.o
 .text.USART_ReceiveData
                0x0000000000000000       0x1e ./Src/driver/stm32f407_usart_driver.o
 .text.USART_ITConfig
                0x0000000000000000       0x40 ./Src/driver/stm32f407_usart_driver.o
 .text.USART_GetITStatus
                0x0000000000000000        0xe ./Src/driver/stm32f407_usart_driver.o
 .text.USART_ClearPendingBit
                0x0000000000000000        0xe ./Src/driver/stm32f407_usart_driver.o
 .text.USART_GetFlagStatus
                0x0000000000000000       0x44 ./Src/driver/stm32f407_usart_driver.o
 .text.USART_ClearFlag
                0x0000000000000000       0x48 ./Src/driver/stm32f407_usart_driver.o
 .debug_info    0x0000000000000000      0x304 ./Src/driver/stm32f407_usart_driver.o
 .debug_abbrev  0x0000000000000000      0x130 ./Src/driver/stm32f407_usart_driver.o
 .debug_aranges
                0x0000000000000000       0x58 ./Src/driver/stm32f407_usart_driver.o
 .debug_ranges  0x0000000000000000       0x48 ./Src/driver/stm32f407_usart_driver.o
 .debug_macro   0x0000000000000000       0xa3 ./Src/driver/stm32f407_usart_driver.o
 .debug_macro   0x0000000000000000      0xa7e ./Src/driver/stm32f407_usart_driver.o
 .debug_macro   0x0000000000000000       0x22 ./Src/driver/stm32f407_usart_driver.o
 .debug_macro   0x0000000000000000       0x8e ./Src/driver/stm32f407_usart_driver.o
 .debug_macro   0x0000000000000000       0x51 ./Src/driver/stm32f407_usart_driver.o
 .debug_macro   0x0000000000000000      0x103 ./Src/driver/stm32f407_usart_driver.o
 .debug_macro   0x0000000000000000       0x6a ./Src/driver/stm32f407_usart_driver.o
 .debug_macro   0x0000000000000000      0x1df ./Src/driver/stm32f407_usart_driver.o
 .debug_macro   0x0000000000000000      0x32a ./Src/driver/stm32f407_usart_driver.o
 .debug_macro   0x0000000000000000       0x88 ./Src/driver/stm32f407_usart_driver.o
 .debug_line    0x0000000000000000      0x510 ./Src/driver/stm32f407_usart_driver.o
 .debug_str     0x0000000000000000     0x52a0 ./Src/driver/stm32f407_usart_driver.o
 .comment       0x0000000000000000       0x51 ./Src/driver/stm32f407_usart_driver.o
 .debug_frame   0x0000000000000000      0x140 ./Src/driver/stm32f407_usart_driver.o
 .ARM.attributes
                0x0000000000000000       0x34 ./Src/driver/stm32f407_usart_driver.o
 .group         0x0000000000000000        0xc ./Src/main.o
 .group         0x0000000000000000        0xc ./Src/main.o
 .group         0x0000000000000000        0xc ./Src/main.o
 .group         0x0000000000000000        0xc ./Src/main.o
 .group         0x0000000000000000        0xc ./Src/main.o
 .group         0x0000000000000000        0xc ./Src/main.o
 .group         0x0000000000000000        0xc ./Src/main.o
 .group         0x0000000000000000        0xc ./Src/main.o
 .group         0x0000000000000000        0xc ./Src/main.o
 .group         0x0000000000000000        0xc ./Src/main.o
 .group         0x0000000000000000        0xc ./Src/main.o
 .group         0x0000000000000000        0xc ./Src/main.o
 .group         0x0000000000000000        0xc ./Src/main.o
 .group         0x0000000000000000        0xc ./Src/main.o
 .group         0x0000000000000000        0xc ./Src/main.o
 .group         0x0000000000000000        0xc ./Src/main.o
 .group         0x0000000000000000        0xc ./Src/main.o
 .group         0x0000000000000000        0xc ./Src/main.o
 .group         0x0000000000000000        0xc ./Src/main.o
 .group         0x0000000000000000        0xc ./Src/main.o
 .group         0x0000000000000000        0xc ./Src/main.o
 .group         0x0000000000000000        0xc ./Src/main.o
 .group         0x0000000000000000        0xc ./Src/main.o
 .group         0x0000000000000000        0xc ./Src/main.o
 .group         0x0000000000000000        0xc ./Src/main.o
 .group         0x0000000000000000        0xc ./Src/main.o
 .group         0x0000000000000000        0xc ./Src/main.o
 .group         0x0000000000000000        0xc ./Src/main.o
 .group         0x0000000000000000        0xc ./Src/main.o
 .group         0x0000000000000000        0xc ./Src/main.o
 .group         0x0000000000000000        0xc ./Src/main.o
 .group         0x0000000000000000        0xc ./Src/main.o
 .group         0x0000000000000000        0xc ./Src/main.o
 .group         0x0000000000000000        0xc ./Src/main.o
 .group         0x0000000000000000        0xc ./Src/main.o
 .group         0x0000000000000000        0xc ./Src/main.o
 .text          0x0000000000000000        0x0 ./Src/main.o
 .data          0x0000000000000000        0x0 ./Src/main.o
 .bss           0x0000000000000000        0x0 ./Src/main.o
 .data.pSyst_CSR
                0x0000000000000000        0x4 ./Src/main.o
 .data.pSYST_RVR
                0x0000000000000000        0x4 ./Src/main.o
 .data.pSYST_CVR
                0x0000000000000000        0x4 ./Src/main.o
 .debug_macro   0x0000000000000000      0xa7e ./Src/main.o
 .debug_macro   0x0000000000000000       0x22 ./Src/main.o
 .debug_macro   0x0000000000000000       0x6a ./Src/main.o
 .debug_macro   0x0000000000000000      0x103 ./Src/main.o
 .debug_macro   0x0000000000000000      0x1df ./Src/main.o
 .debug_macro   0x0000000000000000      0x32a ./Src/main.o
 .group         0x0000000000000000        0xc ./Src/syscalls.o
 .group         0x0000000000000000        0xc ./Src/syscalls.o
 .group         0x0000000000000000        0xc ./Src/syscalls.o
 .group         0x0000000000000000        0xc ./Src/syscalls.o
 .group         0x0000000000000000        0xc ./Src/syscalls.o
 .group         0x0000000000000000        0xc ./Src/syscalls.o
 .group         0x0000000000000000        0xc ./Src/syscalls.o
 .group         0x0000000000000000        0xc ./Src/syscalls.o
 .group         0x0000000000000000        0xc ./Src/syscalls.o
 .group         0x0000000000000000        0xc ./Src/syscalls.o
 .group         0x0000000000000000        0xc ./Src/syscalls.o
 .group         0x0000000000000000        0xc ./Src/syscalls.o
 .group         0x0000000000000000        0xc ./Src/syscalls.o
 .group         0x0000000000000000        0xc ./Src/syscalls.o
 .group         0x0000000000000000        0xc ./Src/syscalls.o
 .group         0x0000000000000000        0xc ./Src/syscalls.o
 .group         0x0000000000000000        0xc ./Src/syscalls.o
 .group         0x0000000000000000        0xc ./Src/syscalls.o
 .group         0x0000000000000000        0xc ./Src/syscalls.o
 .group         0x0000000000000000        0xc ./Src/syscalls.o
 .group         0x0000000000000000        0xc ./Src/syscalls.o
 .group         0x0000000000000000        0xc ./Src/syscalls.o
 .group         0x0000000000000000        0xc ./Src/syscalls.o
 .group         0x0000000000000000        0xc ./Src/syscalls.o
 .group         0x0000000000000000        0xc ./Src/syscalls.o
 .group         0x0000000000000000        0xc ./Src/syscalls.o
 .group         0x0000000000000000        0xc ./Src/syscalls.o
 .group         0x0000000000000000        0xc ./Src/syscalls.o
 .group         0x0000000000000000        0xc ./Src/syscalls.o
 .group         0x0000000000000000        0xc ./Src/syscalls.o
 .group         0x0000000000000000        0xc ./Src/syscalls.o
 .group         0x0000000000000000        0xc ./Src/syscalls.o
 .group         0x0000000000000000        0xc ./Src/syscalls.o
 .group         0x0000000000000000        0xc ./Src/syscalls.o
 .group         0x0000000000000000        0xc ./Src/syscalls.o
 .group         0x0000000000000000        0xc ./Src/syscalls.o
 .group         0x0000000000000000        0xc ./Src/syscalls.o
 .group         0x0000000000000000        0xc ./Src/syscalls.o
 .group         0x0000000000000000        0xc ./Src/syscalls.o
 .group         0x0000000000000000        0xc ./Src/syscalls.o
 .group         0x0000000000000000        0xc ./Src/syscalls.o
 .group         0x0000000000000000        0xc ./Src/syscalls.o
 .group         0x0000000000000000        0xc ./Src/syscalls.o
 .group         0x0000000000000000        0xc ./Src/syscalls.o
 .group         0x0000000000000000        0xc ./Src/syscalls.o
 .group         0x0000000000000000        0xc ./Src/syscalls.o
 .group         0x0000000000000000        0xc ./Src/syscalls.o
 .text          0x0000000000000000        0x0 ./Src/syscalls.o
 .data          0x0000000000000000        0x0 ./Src/syscalls.o
 .bss           0x0000000000000000        0x0 ./Src/syscalls.o
 .bss.__env     0x0000000000000000        0x4 ./Src/syscalls.o
 .data.environ  0x0000000000000000        0x4 ./Src/syscalls.o
 .text.initialise_monitor_handles
                0x0000000000000000        0xe ./Src/syscalls.o
 .text._getpid  0x0000000000000000       0x10 ./Src/syscalls.o
 .text._kill    0x0000000000000000       0x20 ./Src/syscalls.o
 .text._exit    0x0000000000000000       0x14 ./Src/syscalls.o
 .text._read    0x0000000000000000       0x3a ./Src/syscalls.o
 .text._write   0x0000000000000000       0x38 ./Src/syscalls.o
 .text._close   0x0000000000000000       0x18 ./Src/syscalls.o
 .text._fstat   0x0000000000000000       0x20 ./Src/syscalls.o
 .text._isatty  0x0000000000000000       0x16 ./Src/syscalls.o
 .text._lseek   0x0000000000000000       0x1a ./Src/syscalls.o
 .text._open    0x0000000000000000       0x1c ./Src/syscalls.o
 .text._wait    0x0000000000000000       0x1e ./Src/syscalls.o
 .text._unlink  0x0000000000000000       0x1e ./Src/syscalls.o
 .text._times   0x0000000000000000       0x18 ./Src/syscalls.o
 .text._stat    0x0000000000000000       0x20 ./Src/syscalls.o
 .text._link    0x0000000000000000       0x20 ./Src/syscalls.o
 .text._fork    0x0000000000000000       0x16 ./Src/syscalls.o
 .text._execve  0x0000000000000000       0x22 ./Src/syscalls.o
 .debug_info    0x0000000000000000      0x6ec ./Src/syscalls.o
 .debug_abbrev  0x0000000000000000      0x1c4 ./Src/syscalls.o
 .debug_aranges
                0x0000000000000000       0xa8 ./Src/syscalls.o
 .debug_ranges  0x0000000000000000       0x98 ./Src/syscalls.o
 .debug_macro   0x0000000000000000      0x24c ./Src/syscalls.o
 .debug_macro   0x0000000000000000      0xa7e ./Src/syscalls.o
 .debug_macro   0x0000000000000000       0x22 ./Src/syscalls.o
 .debug_macro   0x0000000000000000       0x4c ./Src/syscalls.o
 .debug_macro   0x0000000000000000       0x1e ./Src/syscalls.o
 .debug_macro   0x0000000000000000       0x94 ./Src/syscalls.o
 .debug_macro   0x0000000000000000       0x3c ./Src/syscalls.o
 .debug_macro   0x0000000000000000       0x34 ./Src/syscalls.o
 .debug_macro   0x0000000000000000       0x57 ./Src/syscalls.o
 .debug_macro   0x0000000000000000      0x174 ./Src/syscalls.o
 .debug_macro   0x0000000000000000      0x341 ./Src/syscalls.o
 .debug_macro   0x0000000000000000       0x16 ./Src/syscalls.o
 .debug_macro   0x0000000000000000       0x43 ./Src/syscalls.o
 .debug_macro   0x0000000000000000       0x34 ./Src/syscalls.o
 .debug_macro   0x0000000000000000       0x10 ./Src/syscalls.o
 .debug_macro   0x0000000000000000       0x58 ./Src/syscalls.o
 .debug_macro   0x0000000000000000       0x71 ./Src/syscalls.o
 .debug_macro   0x0000000000000000       0x1c ./Src/syscalls.o
 .debug_macro   0x0000000000000000      0x12a ./Src/syscalls.o
 .debug_macro   0x0000000000000000       0x10 ./Src/syscalls.o
 .debug_macro   0x0000000000000000       0x35 ./Src/syscalls.o
 .debug_macro   0x0000000000000000       0x10 ./Src/syscalls.o
 .debug_macro   0x0000000000000000       0x10 ./Src/syscalls.o
 .debug_macro   0x0000000000000000       0x10 ./Src/syscalls.o
 .debug_macro   0x0000000000000000       0x6a ./Src/syscalls.o
 .debug_macro   0x0000000000000000       0x1c ./Src/syscalls.o
 .debug_macro   0x0000000000000000       0x52 ./Src/syscalls.o
 .debug_macro   0x0000000000000000       0x22 ./Src/syscalls.o
 .debug_macro   0x0000000000000000       0x10 ./Src/syscalls.o
 .debug_macro   0x0000000000000000       0x52 ./Src/syscalls.o
 .debug_macro   0x0000000000000000       0xd5 ./Src/syscalls.o
 .debug_macro   0x0000000000000000       0x1c ./Src/syscalls.o
 .debug_macro   0x0000000000000000       0x3d ./Src/syscalls.o
 .debug_macro   0x0000000000000000       0x35 ./Src/syscalls.o
 .debug_macro   0x0000000000000000      0x12c ./Src/syscalls.o
 .debug_macro   0x0000000000000000       0x16 ./Src/syscalls.o
 .debug_macro   0x0000000000000000       0x16 ./Src/syscalls.o
 .debug_macro   0x0000000000000000       0x29 ./Src/syscalls.o
 .debug_macro   0x0000000000000000       0x10 ./Src/syscalls.o
 .debug_macro   0x0000000000000000      0x241 ./Src/syscalls.o
 .debug_macro   0x0000000000000000       0x1c ./Src/syscalls.o
 .debug_macro   0x0000000000000000       0x10 ./Src/syscalls.o
 .debug_macro   0x0000000000000000       0x10 ./Src/syscalls.o
 .debug_macro   0x0000000000000000       0x16 ./Src/syscalls.o
 .debug_macro   0x0000000000000000      0x145 ./Src/syscalls.o
 .debug_macro   0x0000000000000000      0x189 ./Src/syscalls.o
 .debug_macro   0x0000000000000000       0x16 ./Src/syscalls.o
 .debug_macro   0x0000000000000000       0xce ./Src/syscalls.o
 .debug_line    0x0000000000000000      0x7ef ./Src/syscalls.o
 .debug_str     0x0000000000000000     0x8a65 ./Src/syscalls.o
 .comment       0x0000000000000000       0x51 ./Src/syscalls.o
 .debug_frame   0x0000000000000000      0x2ac ./Src/syscalls.o
 .ARM.attributes
                0x0000000000000000       0x34 ./Src/syscalls.o
 .group         0x0000000000000000        0xc ./Src/sysmem.o
 .group         0x0000000000000000        0xc ./Src/sysmem.o
 .group         0x0000000000000000        0xc ./Src/sysmem.o
 .group         0x0000000000000000        0xc ./Src/sysmem.o
 .group         0x0000000000000000        0xc ./Src/sysmem.o
 .group         0x0000000000000000        0xc ./Src/sysmem.o
 .group         0x0000000000000000        0xc ./Src/sysmem.o
 .group         0x0000000000000000        0xc ./Src/sysmem.o
 .group         0x0000000000000000        0xc ./Src/sysmem.o
 .group         0x0000000000000000        0xc ./Src/sysmem.o
 .group         0x0000000000000000        0xc ./Src/sysmem.o
 .group         0x0000000000000000        0xc ./Src/sysmem.o
 .group         0x0000000000000000        0xc ./Src/sysmem.o
 .group         0x0000000000000000        0xc ./Src/sysmem.o
 .group         0x0000000000000000        0xc ./Src/sysmem.o
 .group         0x0000000000000000        0xc ./Src/sysmem.o
 .group         0x0000000000000000        0xc ./Src/sysmem.o
 .group         0x0000000000000000        0xc ./Src/sysmem.o
 .group         0x0000000000000000        0xc ./Src/sysmem.o
 .group         0x0000000000000000        0xc ./Src/sysmem.o
 .group         0x0000000000000000        0xc ./Src/sysmem.o
 .group         0x0000000000000000        0xc ./Src/sysmem.o
 .text          0x0000000000000000        0x0 ./Src/sysmem.o
 .data          0x0000000000000000        0x0 ./Src/sysmem.o
 .bss           0x0000000000000000        0x0 ./Src/sysmem.o
 .bss.__sbrk_heap_end
                0x0000000000000000        0x4 ./Src/sysmem.o
 .text._sbrk    0x0000000000000000       0x6c ./Src/sysmem.o
 .debug_info    0x0000000000000000      0x171 ./Src/sysmem.o
 .debug_abbrev  0x0000000000000000       0xbb ./Src/sysmem.o
 .debug_aranges
                0x0000000000000000       0x20 ./Src/sysmem.o
 .debug_ranges  0x0000000000000000       0x10 ./Src/sysmem.o
 .debug_macro   0x0000000000000000       0xff ./Src/sysmem.o
 .debug_macro   0x0000000000000000      0xa7e ./Src/sysmem.o
 .debug_macro   0x0000000000000000       0x10 ./Src/sysmem.o
 .debug_macro   0x0000000000000000       0x22 ./Src/sysmem.o
 .debug_macro   0x0000000000000000       0x4c ./Src/sysmem.o
 .debug_macro   0x0000000000000000       0x1e ./Src/sysmem.o
 .debug_macro   0x0000000000000000       0x94 ./Src/sysmem.o
 .debug_macro   0x0000000000000000       0x3c ./Src/sysmem.o
 .debug_macro   0x0000000000000000       0x34 ./Src/sysmem.o
 .debug_macro   0x0000000000000000      0x174 ./Src/sysmem.o
 .debug_macro   0x0000000000000000       0x16 ./Src/sysmem.o
 .debug_macro   0x0000000000000000       0x43 ./Src/sysmem.o
 .debug_macro   0x0000000000000000       0x57 ./Src/sysmem.o
 .debug_macro   0x0000000000000000       0x34 ./Src/sysmem.o
 .debug_macro   0x0000000000000000       0x10 ./Src/sysmem.o
 .debug_macro   0x0000000000000000       0x58 ./Src/sysmem.o
 .debug_macro   0x0000000000000000       0x71 ./Src/sysmem.o
 .debug_macro   0x0000000000000000       0x1c ./Src/sysmem.o
 .debug_macro   0x0000000000000000      0x12a ./Src/sysmem.o
 .debug_macro   0x0000000000000000      0x23b ./Src/sysmem.o
 .debug_macro   0x0000000000000000      0x103 ./Src/sysmem.o
 .debug_macro   0x0000000000000000       0x6a ./Src/sysmem.o
 .debug_macro   0x0000000000000000      0x1df ./Src/sysmem.o
 .debug_line    0x0000000000000000      0x4e5 ./Src/sysmem.o
 .debug_str     0x0000000000000000     0x5d97 ./Src/sysmem.o
 .comment       0x0000000000000000       0x51 ./Src/sysmem.o
 .debug_frame   0x0000000000000000       0x34 ./Src/sysmem.o
 .ARM.attributes
                0x0000000000000000       0x34 ./Src/sysmem.o
 .group         0x0000000000000000        0xc ./Src/middleware/stm32f407_flash_middleware.o
 .group         0x0000000000000000        0xc ./Src/middleware/stm32f407_flash_middleware.o
 .group         0x0000000000000000        0xc ./Src/middleware/stm32f407_flash_middleware.o
 .group         0x0000000000000000        0xc ./Src/middleware/stm32f407_flash_middleware.o
 .group         0x0000000000000000        0xc ./Src/middleware/stm32f407_flash_middleware.o
 .group         0x0000000000000000        0xc ./Src/middleware/stm32f407_flash_middleware.o
 .group         0x0000000000000000        0xc ./Src/middleware/stm32f407_flash_middleware.o
 .group         0x0000000000000000        0xc ./Src/middleware/stm32f407_flash_middleware.o
 .group         0x0000000000000000        0xc ./Src/middleware/stm32f407_flash_middleware.o
 .text          0x0000000000000000        0x0 ./Src/middleware/stm32f407_flash_middleware.o
 .data          0x0000000000000000        0x0 ./Src/middleware/stm32f407_flash_middleware.o
 .bss           0x0000000000000000        0x0 ./Src/middleware/stm32f407_flash_middleware.o
 .debug_macro   0x0000000000000000      0xa7e ./Src/middleware/stm32f407_flash_middleware.o
 .debug_macro   0x0000000000000000       0x22 ./Src/middleware/stm32f407_flash_middleware.o
 .debug_macro   0x0000000000000000       0x8e ./Src/middleware/stm32f407_flash_middleware.o
 .debug_macro   0x0000000000000000       0x51 ./Src/middleware/stm32f407_flash_middleware.o
 .debug_macro   0x0000000000000000      0x103 ./Src/middleware/stm32f407_flash_middleware.o
 .debug_macro   0x0000000000000000       0x6a ./Src/middleware/stm32f407_flash_middleware.o
 .debug_macro   0x0000000000000000      0x1df ./Src/middleware/stm32f407_flash_middleware.o
 .debug_macro   0x0000000000000000      0x32a ./Src/middleware/stm32f407_flash_middleware.o
 .debug_macro   0x0000000000000000      0x17e ./Src/middleware/stm32f407_flash_middleware.o
 .text          0x0000000000000000       0x14 ./Startup/startup_stm32f407vgtx.o
 .data          0x0000000000000000        0x0 ./Startup/startup_stm32f407vgtx.o
 .bss           0x0000000000000000        0x0 ./Startup/startup_stm32f407vgtx.o
 .text          0x0000000000000000        0x0 d:/st/stm32cubeide_1.10.1/stm32cubeide/plugins/com.st.stm32cube.ide.mcu.externaltools.gnu-tools-for-stm32.10.3-2021.10.win32_1.0.0.202111181127/tools/bin/../lib/gcc/arm-none-eabi/10.3.1/../../../../arm-none-eabi/lib/thumb/v7e-m+fp/hard\libc_nano.a(lib_a-errno.o)
 .data          0x0000000000000000        0x0 d:/st/stm32cubeide_1.10.1/stm32cubeide/plugins/com.st.stm32cube.ide.mcu.externaltools.gnu-tools-for-stm32.10.3-2021.10.win32_1.0.0.202111181127/tools/bin/../lib/gcc/arm-none-eabi/10.3.1/../../../../arm-none-eabi/lib/thumb/v7e-m+fp/hard\libc_nano.a(lib_a-errno.o)
 .bss           0x0000000000000000        0x0 d:/st/stm32cubeide_1.10.1/stm32cubeide/plugins/com.st.stm32cube.ide.mcu.externaltools.gnu-tools-for-stm32.10.3-2021.10.win32_1.0.0.202111181127/tools/bin/../lib/gcc/arm-none-eabi/10.3.1/../../../../arm-none-eabi/lib/thumb/v7e-m+fp/hard\libc_nano.a(lib_a-errno.o)
 .text.__errno  0x0000000000000000        0xc d:/st/stm32cubeide_1.10.1/stm32cubeide/plugins/com.st.stm32cube.ide.mcu.externaltools.gnu-tools-for-stm32.10.3-2021.10.win32_1.0.0.202111181127/tools/bin/../lib/gcc/arm-none-eabi/10.3.1/../../../../arm-none-eabi/lib/thumb/v7e-m+fp/hard\libc_nano.a(lib_a-errno.o)
 .debug_frame   0x0000000000000000       0x20 d:/st/stm32cubeide_1.10.1/stm32cubeide/plugins/com.st.stm32cube.ide.mcu.externaltools.gnu-tools-for-stm32.10.3-2021.10.win32_1.0.0.202111181127/tools/bin/../lib/gcc/arm-none-eabi/10.3.1/../../../../arm-none-eabi/lib/thumb/v7e-m+fp/hard\libc_nano.a(lib_a-errno.o)
 .ARM.attributes
                0x0000000000000000       0x34 d:/st/stm32cubeide_1.10.1/stm32cubeide/plugins/com.st.stm32cube.ide.mcu.externaltools.gnu-tools-for-stm32.10.3-2021.10.win32_1.0.0.202111181127/tools/bin/../lib/gcc/arm-none-eabi/10.3.1/../../../../arm-none-eabi/lib/thumb/v7e-m+fp/hard\libc_nano.a(lib_a-errno.o)
 .text          0x0000000000000000        0x0 d:/st/stm32cubeide_1.10.1/stm32cubeide/plugins/com.st.stm32cube.ide.mcu.externaltools.gnu-tools-for-stm32.10.3-2021.10.win32_1.0.0.202111181127/tools/bin/../lib/gcc/arm-none-eabi/10.3.1/../../../../arm-none-eabi/lib/thumb/v7e-m+fp/hard\libc_nano.a(lib_a-exit.o)
 .data          0x0000000000000000        0x0 d:/st/stm32cubeide_1.10.1/stm32cubeide/plugins/com.st.stm32cube.ide.mcu.externaltools.gnu-tools-for-stm32.10.3-2021.10.win32_1.0.0.202111181127/tools/bin/../lib/gcc/arm-none-eabi/10.3.1/../../../../arm-none-eabi/lib/thumb/v7e-m+fp/hard\libc_nano.a(lib_a-exit.o)
 .bss           0x0000000000000000        0x0 d:/st/stm32cubeide_1.10.1/stm32cubeide/plugins/com.st.stm32cube.ide.mcu.externaltools.gnu-tools-for-stm32.10.3-2021.10.win32_1.0.0.202111181127/tools/bin/../lib/gcc/arm-none-eabi/10.3.1/../../../../arm-none-eabi/lib/thumb/v7e-m+fp/hard\libc_nano.a(lib_a-exit.o)
 .text.exit     0x0000000000000000       0x28 d:/st/stm32cubeide_1.10.1/stm32cubeide/plugins/com.st.stm32cube.ide.mcu.externaltools.gnu-tools-for-stm32.10.3-2021.10.win32_1.0.0.202111181127/tools/bin/../lib/gcc/arm-none-eabi/10.3.1/../../../../arm-none-eabi/lib/thumb/v7e-m+fp/hard\libc_nano.a(lib_a-exit.o)
 .debug_frame   0x0000000000000000       0x28 d:/st/stm32cubeide_1.10.1/stm32cubeide/plugins/com.st.stm32cube.ide.mcu.externaltools.gnu-tools-for-stm32.10.3-2021.10.win32_1.0.0.202111181127/tools/bin/../lib/gcc/arm-none-eabi/10.3.1/../../../../arm-none-eabi/lib/thumb/v7e-m+fp/hard\libc_nano.a(lib_a-exit.o)
 .ARM.attributes
                0x0000000000000000       0x34 d:/st/stm32cubeide_1.10.1/stm32cubeide/plugins/com.st.stm32cube.ide.mcu.externaltools.gnu-tools-for-stm32.10.3-2021.10.win32_1.0.0.202111181127/tools/bin/../lib/gcc/arm-none-eabi/10.3.1/../../../../arm-none-eabi/lib/thumb/v7e-m+fp/hard\libc_nano.a(lib_a-exit.o)
 .text          0x0000000000000000        0x0 d:/st/stm32cubeide_1.10.1/stm32cubeide/plugins/com.st.stm32cube.ide.mcu.externaltools.gnu-tools-for-stm32.10.3-2021.10.win32_1.0.0.202111181127/tools/bin/../lib/gcc/arm-none-eabi/10.3.1/../../../../arm-none-eabi/lib/thumb/v7e-m+fp/hard\libc_nano.a(lib_a-impure.o)
 .data          0x0000000000000000        0x0 d:/st/stm32cubeide_1.10.1/stm32cubeide/plugins/com.st.stm32cube.ide.mcu.externaltools.gnu-tools-for-stm32.10.3-2021.10.win32_1.0.0.202111181127/tools/bin/../lib/gcc/arm-none-eabi/10.3.1/../../../../arm-none-eabi/lib/thumb/v7e-m+fp/hard\libc_nano.a(lib_a-impure.o)
 .bss           0x0000000000000000        0x0 d:/st/stm32cubeide_1.10.1/stm32cubeide/plugins/com.st.stm32cube.ide.mcu.externaltools.gnu-tools-for-stm32.10.3-2021.10.win32_1.0.0.202111181127/tools/bin/../lib/gcc/arm-none-eabi/10.3.1/../../../../arm-none-eabi/lib/thumb/v7e-m+fp/hard\libc_nano.a(lib_a-impure.o)
 .data._impure_ptr
                0x0000000000000000        0x4 d:/st/stm32cubeide_1.10.1/stm32cubeide/plugins/com.st.stm32cube.ide.mcu.externaltools.gnu-tools-for-stm32.10.3-2021.10.win32_1.0.0.202111181127/tools/bin/../lib/gcc/arm-none-eabi/10.3.1/../../../../arm-none-eabi/lib/thumb/v7e-m+fp/hard\libc_nano.a(lib_a-impure.o)
 .data.impure_data
                0x0000000000000000       0x60 d:/st/stm32cubeide_1.10.1/stm32cubeide/plugins/com.st.stm32cube.ide.mcu.externaltools.gnu-tools-for-stm32.10.3-2021.10.win32_1.0.0.202111181127/tools/bin/../lib/gcc/arm-none-eabi/10.3.1/../../../../arm-none-eabi/lib/thumb/v7e-m+fp/hard\libc_nano.a(lib_a-impure.o)
 .rodata._global_impure_ptr
                0x0000000000000000        0x4 d:/st/stm32cubeide_1.10.1/stm32cubeide/plugins/com.st.stm32cube.ide.mcu.externaltools.gnu-tools-for-stm32.10.3-2021.10.win32_1.0.0.202111181127/tools/bin/../lib/gcc/arm-none-eabi/10.3.1/../../../../arm-none-eabi/lib/thumb/v7e-m+fp/hard\libc_nano.a(lib_a-impure.o)
 .ARM.attributes
                0x0000000000000000       0x34 d:/st/stm32cubeide_1.10.1/stm32cubeide/plugins/com.st.stm32cube.ide.mcu.externaltools.gnu-tools-for-stm32.10.3-2021.10.win32_1.0.0.202111181127/tools/bin/../lib/gcc/arm-none-eabi/10.3.1/../../../../arm-none-eabi/lib/thumb/v7e-m+fp/hard\libc_nano.a(lib_a-impure.o)
 .text          0x0000000000000000        0x0 d:/st/stm32cubeide_1.10.1/stm32cubeide/plugins/com.st.stm32cube.ide.mcu.externaltools.gnu-tools-for-stm32.10.3-2021.10.win32_1.0.0.202111181127/tools/bin/../lib/gcc/arm-none-eabi/10.3.1/../../../../arm-none-eabi/lib/thumb/v7e-m+fp/hard\libc_nano.a(lib_a-init.o)
 .data          0x0000000000000000        0x0 d:/st/stm32cubeide_1.10.1/stm32cubeide/plugins/com.st.stm32cube.ide.mcu.externaltools.gnu-tools-for-stm32.10.3-2021.10.win32_1.0.0.202111181127/tools/bin/../lib/gcc/arm-none-eabi/10.3.1/../../../../arm-none-eabi/lib/thumb/v7e-m+fp/hard\libc_nano.a(lib_a-init.o)
 .bss           0x0000000000000000        0x0 d:/st/stm32cubeide_1.10.1/stm32cubeide/plugins/com.st.stm32cube.ide.mcu.externaltools.gnu-tools-for-stm32.10.3-2021.10.win32_1.0.0.202111181127/tools/bin/../lib/gcc/arm-none-eabi/10.3.1/../../../../arm-none-eabi/lib/thumb/v7e-m+fp/hard\libc_nano.a(lib_a-init.o)
 .text          0x0000000000000000        0x0 d:/st/stm32cubeide_1.10.1/stm32cubeide/plugins/com.st.stm32cube.ide.mcu.externaltools.gnu-tools-for-stm32.10.3-2021.10.win32_1.0.0.202111181127/tools/bin/../lib/gcc/arm-none-eabi/10.3.1/../../../../arm-none-eabi/lib/thumb/v7e-m+fp/hard\libc_nano.a(lib_a-memset.o)
 .data          0x0000000000000000        0x0 d:/st/stm32cubeide_1.10.1/stm32cubeide/plugins/com.st.stm32cube.ide.mcu.externaltools.gnu-tools-for-stm32.10.3-2021.10.win32_1.0.0.202111181127/tools/bin/../lib/gcc/arm-none-eabi/10.3.1/../../../../arm-none-eabi/lib/thumb/v7e-m+fp/hard\libc_nano.a(lib_a-memset.o)
 .bss           0x0000000000000000        0x0 d:/st/stm32cubeide_1.10.1/stm32cubeide/plugins/com.st.stm32cube.ide.mcu.externaltools.gnu-tools-for-stm32.10.3-2021.10.win32_1.0.0.202111181127/tools/bin/../lib/gcc/arm-none-eabi/10.3.1/../../../../arm-none-eabi/lib/thumb/v7e-m+fp/hard\libc_nano.a(lib_a-memset.o)
 .text.memset   0x0000000000000000       0x10 d:/st/stm32cubeide_1.10.1/stm32cubeide/plugins/com.st.stm32cube.ide.mcu.externaltools.gnu-tools-for-stm32.10.3-2021.10.win32_1.0.0.202111181127/tools/bin/../lib/gcc/arm-none-eabi/10.3.1/../../../../arm-none-eabi/lib/thumb/v7e-m+fp/hard\libc_nano.a(lib_a-memset.o)
 .debug_frame   0x0000000000000000       0x20 d:/st/stm32cubeide_1.10.1/stm32cubeide/plugins/com.st.stm32cube.ide.mcu.externaltools.gnu-tools-for-stm32.10.3-2021.10.win32_1.0.0.202111181127/tools/bin/../lib/gcc/arm-none-eabi/10.3.1/../../../../arm-none-eabi/lib/thumb/v7e-m+fp/hard\libc_nano.a(lib_a-memset.o)
 .ARM.attributes
                0x0000000000000000       0x34 d:/st/stm32cubeide_1.10.1/stm32cubeide/plugins/com.st.stm32cube.ide.mcu.externaltools.gnu-tools-for-stm32.10.3-2021.10.win32_1.0.0.202111181127/tools/bin/../lib/gcc/arm-none-eabi/10.3.1/../../../../arm-none-eabi/lib/thumb/v7e-m+fp/hard\libc_nano.a(lib_a-memset.o)
 .text          0x0000000000000000        0x0 d:/st/stm32cubeide_1.10.1/stm32cubeide/plugins/com.st.stm32cube.ide.mcu.externaltools.gnu-tools-for-stm32.10.3-2021.10.win32_1.0.0.202111181127/tools/bin/../lib/gcc/arm-none-eabi/10.3.1/thumb/v7e-m+fp/hard/crtend.o
 .data          0x0000000000000000        0x0 d:/st/stm32cubeide_1.10.1/stm32cubeide/plugins/com.st.stm32cube.ide.mcu.externaltools.gnu-tools-for-stm32.10.3-2021.10.win32_1.0.0.202111181127/tools/bin/../lib/gcc/arm-none-eabi/10.3.1/thumb/v7e-m+fp/hard/crtend.o
 .bss           0x0000000000000000        0x0 d:/st/stm32cubeide_1.10.1/stm32cubeide/plugins/com.st.stm32cube.ide.mcu.externaltools.gnu-tools-for-stm32.10.3-2021.10.win32_1.0.0.202111181127/tools/bin/../lib/gcc/arm-none-eabi/10.3.1/thumb/v7e-m+fp/hard/crtend.o
 .rodata        0x0000000000000000       0x24 d:/st/stm32cubeide_1.10.1/stm32cubeide/plugins/com.st.stm32cube.ide.mcu.externaltools.gnu-tools-for-stm32.10.3-2021.10.win32_1.0.0.202111181127/tools/bin/../lib/gcc/arm-none-eabi/10.3.1/thumb/v7e-m+fp/hard/crtend.o
 .eh_frame      0x0000000000000000        0x4 d:/st/stm32cubeide_1.10.1/stm32cubeide/plugins/com.st.stm32cube.ide.mcu.externaltools.gnu-tools-for-stm32.10.3-2021.10.win32_1.0.0.202111181127/tools/bin/../lib/gcc/arm-none-eabi/10.3.1/thumb/v7e-m+fp/hard/crtend.o
 .ARM.attributes
                0x0000000000000000       0x34 d:/st/stm32cubeide_1.10.1/stm32cubeide/plugins/com.st.stm32cube.ide.mcu.externaltools.gnu-tools-for-stm32.10.3-2021.10.win32_1.0.0.202111181127/tools/bin/../lib/gcc/arm-none-eabi/10.3.1/thumb/v7e-m+fp/hard/crtend.o
 .text          0x0000000000000000        0x0 d:/st/stm32cubeide_1.10.1/stm32cubeide/plugins/com.st.stm32cube.ide.mcu.externaltools.gnu-tools-for-stm32.10.3-2021.10.win32_1.0.0.202111181127/tools/bin/../lib/gcc/arm-none-eabi/10.3.1/thumb/v7e-m+fp/hard/crtn.o
 .data          0x0000000000000000        0x0 d:/st/stm32cubeide_1.10.1/stm32cubeide/plugins/com.st.stm32cube.ide.mcu.externaltools.gnu-tools-for-stm32.10.3-2021.10.win32_1.0.0.202111181127/tools/bin/../lib/gcc/arm-none-eabi/10.3.1/thumb/v7e-m+fp/hard/crtn.o
 .bss           0x0000000000000000        0x0 d:/st/stm32cubeide_1.10.1/stm32cubeide/plugins/com.st.stm32cube.ide.mcu.externaltools.gnu-tools-for-stm32.10.3-2021.10.win32_1.0.0.202111181127/tools/bin/../lib/gcc/arm-none-eabi/10.3.1/thumb/v7e-m+fp/hard/crtn.o

Memory Configuration

Name             Origin             Length             Attributes
RAM              0x0000000020000000 0x0000000000020000 xrw
ROM              0x0000000008000000 0x0000000000100000 xr
*default*        0x0000000000000000 0xffffffffffffffff

Linker script and memory map

LOAD d:/st/stm32cubeide_1.10.1/stm32cubeide/plugins/com.st.stm32cube.ide.mcu.externaltools.gnu-tools-for-stm32.10.3-2021.10.win32_1.0.0.202111181127/tools/bin/../lib/gcc/arm-none-eabi/10.3.1/thumb/v7e-m+fp/hard/crti.o
LOAD d:/st/stm32cubeide_1.10.1/stm32cubeide/plugins/com.st.stm32cube.ide.mcu.externaltools.gnu-tools-for-stm32.10.3-2021.10.win32_1.0.0.202111181127/tools/bin/../lib/gcc/arm-none-eabi/10.3.1/thumb/v7e-m+fp/hard/crtbegin.o
LOAD d:/st/stm32cubeide_1.10.1/stm32cubeide/plugins/com.st.stm32cube.ide.mcu.externaltools.gnu-tools-for-stm32.10.3-2021.10.win32_1.0.0.202111181127/tools/bin/../lib/gcc/arm-none-eabi/10.3.1/../../../../arm-none-eabi/lib/thumb/v7e-m+fp/hard/crt0.o
LOAD ./Src/app/stm32f407_flash_app.o
LOAD ./Src/driver/stm32f407_flash_driver.o
LOAD ./Src/driver/stm32f407_gpio_driver.o
LOAD ./Src/driver/stm32f407_usart_driver.o
LOAD ./Src/main.o
LOAD ./Src/syscalls.o
LOAD ./Src/sysmem.o
LOAD ./Src/middleware/stm32f407_flash_middleware.o
LOAD ./Startup/startup_stm32f407vgtx.o
START GROUP
LOAD d:/st/stm32cubeide_1.10.1/stm32cubeide/plugins/com.st.stm32cube.ide.mcu.externaltools.gnu-tools-for-stm32.10.3-2021.10.win32_1.0.0.202111181127/tools/bin/../lib/gcc/arm-none-eabi/10.3.1/../../../../arm-none-eabi/lib/thumb/v7e-m+fp/hard\libc_nano.a
LOAD d:/st/stm32cubeide_1.10.1/stm32cubeide/plugins/com.st.stm32cube.ide.mcu.externaltools.gnu-tools-for-stm32.10.3-2021.10.win32_1.0.0.202111181127/tools/bin/../lib/gcc/arm-none-eabi/10.3.1/../../../../arm-none-eabi/lib/thumb/v7e-m+fp/hard\libm.a
END GROUP
START GROUP
LOAD d:/st/stm32cubeide_1.10.1/stm32cubeide/plugins/com.st.stm32cube.ide.mcu.externaltools.gnu-tools-for-stm32.10.3-2021.10.win32_1.0.0.202111181127/tools/bin/../lib/gcc/arm-none-eabi/10.3.1/thumb/v7e-m+fp/hard\libgcc.a
LOAD d:/st/stm32cubeide_1.10.1/stm32cubeide/plugins/com.st.stm32cube.ide.mcu.externaltools.gnu-tools-for-stm32.10.3-2021.10.win32_1.0.0.202111181127/tools/bin/../lib/gcc/arm-none-eabi/10.3.1/../../../../arm-none-eabi/lib/thumb/v7e-m+fp/hard\libc_nano.a
END GROUP
START GROUP
LOAD d:/st/stm32cubeide_1.10.1/stm32cubeide/plugins/com.st.stm32cube.ide.mcu.externaltools.gnu-tools-for-stm32.10.3-2021.10.win32_1.0.0.202111181127/tools/bin/../lib/gcc/arm-none-eabi/10.3.1/thumb/v7e-m+fp/hard\libgcc.a
LOAD d:/st/stm32cubeide_1.10.1/stm32cubeide/plugins/com.st.stm32cube.ide.mcu.externaltools.gnu-tools-for-stm32.10.3-2021.10.win32_1.0.0.202111181127/tools/bin/../lib/gcc/arm-none-eabi/10.3.1/../../../../arm-none-eabi/lib/thumb/v7e-m+fp/hard\libc_nano.a
LOAD d:/st/stm32cubeide_1.10.1/stm32cubeide/plugins/com.st.stm32cube.ide.mcu.externaltools.gnu-tools-for-stm32.10.3-2021.10.win32_1.0.0.202111181127/tools/bin/../lib/gcc/arm-none-eabi/10.3.1/../../../../arm-none-eabi/lib/thumb/v7e-m+fp/hard\libnosys.a
END GROUP
START GROUP
LOAD d:/st/stm32cubeide_1.10.1/stm32cubeide/plugins/com.st.stm32cube.ide.mcu.externaltools.gnu-tools-for-stm32.10.3-2021.10.win32_1.0.0.202111181127/tools/bin/../lib/gcc/arm-none-eabi/10.3.1/thumb/v7e-m+fp/hard\libgcc.a
LOAD d:/st/stm32cubeide_1.10.1/stm32cubeide/plugins/com.st.stm32cube.ide.mcu.externaltools.gnu-tools-for-stm32.10.3-2021.10.win32_1.0.0.202111181127/tools/bin/../lib/gcc/arm-none-eabi/10.3.1/../../../../arm-none-eabi/lib/thumb/v7e-m+fp/hard\libc_nano.a
LOAD d:/st/stm32cubeide_1.10.1/stm32cubeide/plugins/com.st.stm32cube.ide.mcu.externaltools.gnu-tools-for-stm32.10.3-2021.10.win32_1.0.0.202111181127/tools/bin/../lib/gcc/arm-none-eabi/10.3.1/../../../../arm-none-eabi/lib/thumb/v7e-m+fp/hard\libnosys.a
END GROUP
LOAD d:/st/stm32cubeide_1.10.1/stm32cubeide/plugins/com.st.stm32cube.ide.mcu.externaltools.gnu-tools-for-stm32.10.3-2021.10.win32_1.0.0.202111181127/tools/bin/../lib/gcc/arm-none-eabi/10.3.1/thumb/v7e-m+fp/hard/crtend.o
LOAD d:/st/stm32cubeide_1.10.1/stm32cubeide/plugins/com.st.stm32cube.ide.mcu.externaltools.gnu-tools-for-stm32.10.3-2021.10.win32_1.0.0.202111181127/tools/bin/../lib/gcc/arm-none-eabi/10.3.1/thumb/v7e-m+fp/hard/crtn.o
                0x0000000020020000                _estack = (ORIGIN (RAM) + LENGTH (RAM))
                0x0000000000000200                _Min_Heap_Size = 0x200
                0x0000000000000400                _Min_Stack_Size = 0x400

.isr_vector     0x0000000008000000      0x1a8
                0x0000000008000000                . = ALIGN (0x4)
 *(.isr_vector)
 .isr_vector    0x0000000008000000      0x1a8 ./Startup/startup_stm32f407vgtx.o
                0x0000000008000000                g_pfnVectors
                0x00000000080001a8                . = ALIGN (0x4)

.text           0x00000000080001a8      0x7b0
                0x00000000080001a8                . = ALIGN (0x4)
 *(.text)
 .text          0x00000000080001a8       0x40 d:/st/stm32cubeide_1.10.1/stm32cubeide/plugins/com.st.stm32cube.ide.mcu.externaltools.gnu-tools-for-stm32.10.3-2021.10.win32_1.0.0.202111181127/tools/bin/../lib/gcc/arm-none-eabi/10.3.1/thumb/v7e-m+fp/hard/crtbegin.o
 *(.text*)
 .text.Fls_Write
                0x00000000080001e8       0x2c ./Src/app/stm32f407_flash_app.o
                0x00000000080001e8                Fls_Write
 .text.Fls_Erase
                0x0000000008000214       0x28 ./Src/app/stm32f407_flash_app.o
                0x0000000008000214                Fls_Erase
 .text.Flash_Read
                0x000000000800023c       0x18 ./Src/driver/stm32f407_flash_driver.o
                0x000000000800023c                Flash_Read
 .text.FLASH_Write_Word
                0x0000000008000254       0xa8 ./Src/driver/stm32f407_flash_driver.o
                0x0000000008000254                FLASH_Write_Word
 .text.Flash_ASync_Erase
                0x00000000080002fc       0x18 ./Src/driver/stm32f407_flash_driver.o
                0x00000000080002fc                Flash_ASync_Erase
 .text.Flash_Sync_Erase
                0x0000000008000314       0xbc ./Src/driver/stm32f407_flash_driver.o
                0x0000000008000314                Flash_Sync_Erase
 .text.Linh_FLASH_Unlock
                0x00000000080003d0       0x34 ./Src/driver/stm32f407_flash_driver.o
                0x00000000080003d0                Linh_FLASH_Unlock
 .text.GPIO_PeriClockControl
                0x0000000008000404      0x1d4 ./Src/driver/stm32f407_gpio_driver.o
                0x0000000008000404                GPIO_PeriClockControl
 .text.GPIO_Init
                0x00000000080005d8      0x15a ./Src/driver/stm32f407_gpio_driver.o
                0x00000000080005d8                GPIO_Init
 .text.GPIO_TogglePin
                0x0000000008000732       0x2a ./Src/driver/stm32f407_gpio_driver.o
                0x0000000008000732                GPIO_TogglePin
 .text.main     0x000000000800075c       0x5c ./Src/main.o
                0x000000000800075c                main
 .text.Systick_Delay_ms
                0x00000000080007b8       0x4c ./Src/main.o
                0x00000000080007b8                Systick_Delay_ms
 .text.GPIO_Lib_Config
                0x0000000008000804       0x34 ./Src/main.o
                0x0000000008000804                GPIO_Lib_Config
 .text.Fls_IPW_SectorWrite
                0x0000000008000838       0x24 ./Src/middleware/stm32f407_flash_middleware.o
                0x0000000008000838                Fls_IPW_SectorWrite
 .text.Fls_IPW_SectorErase
                0x000000000800085c       0x46 ./Src/middleware/stm32f407_flash_middleware.o
                0x000000000800085c                Fls_IPW_SectorErase
 *fill*         0x00000000080008a2        0x2 
 .text.Reset_Handler
                0x00000000080008a4       0x50 ./Startup/startup_stm32f407vgtx.o
                0x00000000080008a4                Reset_Handler
 .text.Default_Handler
                0x00000000080008f4        0x2 ./Startup/startup_stm32f407vgtx.o
                0x00000000080008f4                RTC_Alarm_IRQHandler
                0x00000000080008f4                HASH_RNG_IRQHandler
                0x00000000080008f4                EXTI2_IRQHandler
                0x00000000080008f4                TIM8_CC_IRQHandler
                0x00000000080008f4                DebugMon_Handler
                0x00000000080008f4                TIM1_CC_IRQHandler
                0x00000000080008f4                DMA2_Stream5_IRQHandler
                0x00000000080008f4                HardFault_Handler
                0x00000000080008f4                DMA1_Stream5_IRQHandler
                0x00000000080008f4                SysTick_Handler
                0x00000000080008f4                PVD_IRQHandler
                0x00000000080008f4                SDIO_IRQHandler
                0x00000000080008f4                TAMP_STAMP_IRQHandler
                0x00000000080008f4                PendSV_Handler
                0x00000000080008f4                NMI_Handler
                0x00000000080008f4                CAN2_RX1_IRQHandler
                0x00000000080008f4                EXTI3_IRQHandler
                0x00000000080008f4                TIM8_TRG_COM_TIM14_IRQHandler
                0x00000000080008f4                TIM1_UP_TIM10_IRQHandler
                0x00000000080008f4                TIM8_UP_TIM13_IRQHandler
                0x00000000080008f4                I2C3_ER_IRQHandler
                0x00000000080008f4                LCD_TFT_IRQHandler
                0x00000000080008f4                EXTI0_IRQHandler
                0x00000000080008f4                I2C2_EV_IRQHandler
                0x00000000080008f4                DMA1_Stream2_IRQHandler
                0x00000000080008f4                CAN1_RX0_IRQHandler
                0x00000000080008f4                FPU_IRQHandler
                0x00000000080008f4                OTG_HS_WKUP_IRQHandler
                0x00000000080008f4                UsageFault_Handler
                0x00000000080008f4                CAN2_SCE_IRQHandler
                0x00000000080008f4                DMA2_Stream2_IRQHandler
                0x00000000080008f4                SPI1_IRQHandler
                0x00000000080008f4                TIM6_DAC_IRQHandler
                0x00000000080008f4                TIM1_BRK_TIM9_IRQHandler
                0x00000000080008f4                DCMI_IRQHandler
                0x00000000080008f4                CAN2_RX0_IRQHandler
                0x00000000080008f4                DMA2_Stream3_IRQHandler
                0x00000000080008f4                USART6_IRQHandler
                0x00000000080008f4                USART3_IRQHandler
                0x00000000080008f4                CRYP_IRQHandler
                0x00000000080008f4                CAN1_RX1_IRQHandler
                0x00000000080008f4                UART5_IRQHandler
                0x00000000080008f4                DMA2_Stream0_IRQHandler
                0x00000000080008f4                TIM4_IRQHandler
                0x00000000080008f4                I2C1_EV_IRQHandler
                0x00000000080008f4                DMA1_Stream6_IRQHandler
                0x00000000080008f4                DMA1_Stream1_IRQHandler
                0x00000000080008f4                UART4_IRQHandler
                0x00000000080008f4                LCD_TFT_1_IRQHandler
                0x00000000080008f4                TIM3_IRQHandler
                0x00000000080008f4                RCC_IRQHandler
                0x00000000080008f4                TIM8_BRK_TIM12_IRQHandler
                0x00000000080008f4                Default_Handler
                0x00000000080008f4                EXTI15_10_IRQHandler
                0x00000000080008f4                ADC_IRQHandler
                0x00000000080008f4                DMA1_Stream7_IRQHandler
                0x00000000080008f4                TIM7_IRQHandler
                0x00000000080008f4                CAN2_TX_IRQHandler
                0x00000000080008f4                TIM5_IRQHandler
                0x00000000080008f4                DMA2_Stream7_IRQHandler
                0x00000000080008f4                I2C3_EV_IRQHandler
                0x00000000080008f4                EXTI9_5_IRQHandler
                0x00000000080008f4                RTC_WKUP_IRQHandler
                0x00000000080008f4                ETH_WKUP_IRQHandler
                0x00000000080008f4                SPI2_IRQHandler
                0x00000000080008f4                OTG_HS_EP1_IN_IRQHandler
                0x00000000080008f4                MemManage_Handler
                0x00000000080008f4                DMA1_Stream0_IRQHandler
                0x00000000080008f4                CAN1_TX_IRQHandler
                0x00000000080008f4                SVC_Handler
                0x00000000080008f4                EXTI4_IRQHandler
                0x00000000080008f4                FSMC_IRQHandler
                0x00000000080008f4                ETH_IRQHandler
                0x00000000080008f4                OTG_HS_EP1_OUT_IRQHandler
                0x00000000080008f4                WWDG_IRQHandler
                0x00000000080008f4                TIM2_IRQHandler
                0x00000000080008f4                OTG_FS_WKUP_IRQHandler
                0x00000000080008f4                TIM1_TRG_COM_TIM11_IRQHandler
                0x00000000080008f4                OTG_HS_IRQHandler
                0x00000000080008f4                EXTI1_IRQHandler
                0x00000000080008f4                USART2_IRQHandler
                0x00000000080008f4                I2C2_ER_IRQHandler
                0x00000000080008f4                DMA2_Stream1_IRQHandler
                0x00000000080008f4                CAN1_SCE_IRQHandler
                0x00000000080008f4                DMA2_Stream4_IRQHandler
                0x00000000080008f4                BusFault_Handler
                0x00000000080008f4                USART1_IRQHandler
                0x00000000080008f4                OTG_FS_IRQHandler
                0x00000000080008f4                SPI3_IRQHandler
                0x00000000080008f4                DMA1_Stream4_IRQHandler
                0x00000000080008f4                I2C1_ER_IRQHandler
                0x00000000080008f4                DMA2_Stream6_IRQHandler
                0x00000000080008f4                DMA1_Stream3_IRQHandler
 *fill*         0x00000000080008f6        0x2 
 .text.__libc_init_array
                0x00000000080008f8       0x48 d:/st/stm32cubeide_1.10.1/stm32cubeide/plugins/com.st.stm32cube.ide.mcu.externaltools.gnu-tools-for-stm32.10.3-2021.10.win32_1.0.0.202111181127/tools/bin/../lib/gcc/arm-none-eabi/10.3.1/../../../../arm-none-eabi/lib/thumb/v7e-m+fp/hard\libc_nano.a(lib_a-init.o)
                0x00000000080008f8                __libc_init_array
 *(.glue_7)
 .glue_7        0x0000000008000940        0x0 linker stubs
 *(.glue_7t)
 .glue_7t       0x0000000008000940        0x0 linker stubs
 *(.eh_frame)
 .eh_frame      0x0000000008000940        0x0 d:/st/stm32cubeide_1.10.1/stm32cubeide/plugins/com.st.stm32cube.ide.mcu.externaltools.gnu-tools-for-stm32.10.3-2021.10.win32_1.0.0.202111181127/tools/bin/../lib/gcc/arm-none-eabi/10.3.1/thumb/v7e-m+fp/hard/crtbegin.o
 *(.init)
 .init          0x0000000008000940        0x4 d:/st/stm32cubeide_1.10.1/stm32cubeide/plugins/com.st.stm32cube.ide.mcu.externaltools.gnu-tools-for-stm32.10.3-2021.10.win32_1.0.0.202111181127/tools/bin/../lib/gcc/arm-none-eabi/10.3.1/thumb/v7e-m+fp/hard/crti.o
                0x0000000008000940                _init
 .init          0x0000000008000944        0x8 d:/st/stm32cubeide_1.10.1/stm32cubeide/plugins/com.st.stm32cube.ide.mcu.externaltools.gnu-tools-for-stm32.10.3-2021.10.win32_1.0.0.202111181127/tools/bin/../lib/gcc/arm-none-eabi/10.3.1/thumb/v7e-m+fp/hard/crtn.o
 *(.fini)
 .fini          0x000000000800094c        0x4 d:/st/stm32cubeide_1.10.1/stm32cubeide/plugins/com.st.stm32cube.ide.mcu.externaltools.gnu-tools-for-stm32.10.3-2021.10.win32_1.0.0.202111181127/tools/bin/../lib/gcc/arm-none-eabi/10.3.1/thumb/v7e-m+fp/hard/crti.o
                0x000000000800094c                _fini
 .fini          0x0000000008000950        0x8 d:/st/stm32cubeide_1.10.1/stm32cubeide/plugins/com.st.stm32cube.ide.mcu.externaltools.gnu-tools-for-stm32.10.3-2021.10.win32_1.0.0.202111181127/tools/bin/../lib/gcc/arm-none-eabi/10.3.1/thumb/v7e-m+fp/hard/crtn.o
                0x0000000008000958                . = ALIGN (0x4)
                0x0000000008000958                _etext = .

.vfp11_veneer   0x0000000008000958        0x0
 .vfp11_veneer  0x0000000008000958        0x0 linker stubs

.v4_bx          0x0000000008000958        0x0
 .v4_bx         0x0000000008000958        0x0 linker stubs

.iplt           0x0000000008000958        0x0
 .iplt          0x0000000008000958        0x0 d:/st/stm32cubeide_1.10.1/stm32cubeide/plugins/com.st.stm32cube.ide.mcu.externaltools.gnu-tools-for-stm32.10.3-2021.10.win32_1.0.0.202111181127/tools/bin/../lib/gcc/arm-none-eabi/10.3.1/thumb/v7e-m+fp/hard/crtbegin.o

.rel.dyn        0x0000000008000958        0x0
 .rel.iplt      0x0000000008000958        0x0 d:/st/stm32cubeide_1.10.1/stm32cubeide/plugins/com.st.stm32cube.ide.mcu.externaltools.gnu-tools-for-stm32.10.3-2021.10.win32_1.0.0.202111181127/tools/bin/../lib/gcc/arm-none-eabi/10.3.1/thumb/v7e-m+fp/hard/crtbegin.o

.rodata         0x0000000008000958        0x0
                0x0000000008000958                . = ALIGN (0x4)
 *(.rodata)
 *(.rodata*)
                0x0000000008000958                . = ALIGN (0x4)

.ARM.extab      0x0000000008000958        0x0
                0x0000000008000958                . = ALIGN (0x4)
 *(.ARM.extab* .gnu.linkonce.armextab.*)
                0x0000000008000958                . = ALIGN (0x4)

.ARM            0x0000000008000958        0x0
                0x0000000008000958                . = ALIGN (0x4)
                0x0000000008000958                __exidx_start = .
 *(.ARM.exidx*)
                0x0000000008000958                __exidx_end = .
                0x0000000008000958                . = ALIGN (0x4)

.preinit_array  0x0000000008000958        0x0
                0x0000000008000958                . = ALIGN (0x4)
                0x0000000008000958                PROVIDE (__preinit_array_start = .)
 *(.preinit_array*)
                0x0000000008000958                PROVIDE (__preinit_array_end = .)
                0x0000000008000958                . = ALIGN (0x4)

.init_array     0x0000000008000958        0x4
                0x0000000008000958                . = ALIGN (0x4)
                0x0000000008000958                PROVIDE (__init_array_start = .)
 *(SORT_BY_NAME(.init_array.*))
 *(.init_array*)
 .init_array    0x0000000008000958        0x4 d:/st/stm32cubeide_1.10.1/stm32cubeide/plugins/com.st.stm32cube.ide.mcu.externaltools.gnu-tools-for-stm32.10.3-2021.10.win32_1.0.0.202111181127/tools/bin/../lib/gcc/arm-none-eabi/10.3.1/thumb/v7e-m+fp/hard/crtbegin.o
                0x000000000800095c                PROVIDE (__init_array_end = .)
                0x000000000800095c                . = ALIGN (0x4)

.fini_array     0x000000000800095c        0x4
                0x000000000800095c                . = ALIGN (0x4)
                [!provide]                        PROVIDE (__fini_array_start = .)
 *(SORT_BY_NAME(.fini_array.*))
 *(.fini_array*)
 .fini_array    0x000000000800095c        0x4 d:/st/stm32cubeide_1.10.1/stm32cubeide/plugins/com.st.stm32cube.ide.mcu.externaltools.gnu-tools-for-stm32.10.3-2021.10.win32_1.0.0.202111181127/tools/bin/../lib/gcc/arm-none-eabi/10.3.1/thumb/v7e-m+fp/hard/crtbegin.o
                [!provide]                        PROVIDE (__fini_array_end = .)
                0x0000000008000960                . = ALIGN (0x4)
                0x0000000008000960                _sidata = LOADADDR (.data)

.data           0x0000000020000000        0xc load address 0x0000000008000960
                0x0000000020000000                . = ALIGN (0x4)
                0x0000000020000000                _sdata = .
 *(.data)
 *(.data*)
 .data.BufferWrite
                0x0000000020000000        0xc ./Src/main.o
                0x0000000020000000                BufferWrite
                0x000000002000000c                . = ALIGN (0x4)
                0x000000002000000c                _edata = .

.igot.plt       0x000000002000000c        0x0 load address 0x000000000800096c
 .igot.plt      0x000000002000000c        0x0 d:/st/stm32cubeide_1.10.1/stm32cubeide/plugins/com.st.stm32cube.ide.mcu.externaltools.gnu-tools-for-stm32.10.3-2021.10.win32_1.0.0.202111181127/tools/bin/../lib/gcc/arm-none-eabi/10.3.1/thumb/v7e-m+fp/hard/crtbegin.o
                0x000000002000000c                . = ALIGN (0x4)

.bss            0x000000002000000c       0x20 load address 0x000000000800096c
                0x000000002000000c                _sbss = .
                0x000000002000000c                __bss_start__ = _sbss
 *(.bss)
 .bss           0x000000002000000c       0x1c d:/st/stm32cubeide_1.10.1/stm32cubeide/plugins/com.st.stm32cube.ide.mcu.externaltools.gnu-tools-for-stm32.10.3-2021.10.win32_1.0.0.202111181127/tools/bin/../lib/gcc/arm-none-eabi/10.3.1/thumb/v7e-m+fp/hard/crtbegin.o
 *(.bss*)
 .bss.s         0x0000000020000028        0x4 ./Src/main.o
                0x0000000020000028                s
 *(COMMON)
                0x000000002000002c                . = ALIGN (0x4)
                0x000000002000002c                _ebss = .
                0x000000002000002c                __bss_end__ = _ebss

._user_heap_stack
                0x000000002000002c      0x604 load address 0x000000000800096c
                0x0000000020000030                . = ALIGN (0x8)
 *fill*         0x000000002000002c        0x4 
                [!provide]                        PROVIDE (end = .)
                0x0000000020000030                PROVIDE (_end = .)
                0x0000000020000230                . = (. + _Min_Heap_Size)
 *fill*         0x0000000020000030      0x200 
                0x0000000020000630                . = (. + _Min_Stack_Size)
 *fill*         0x0000000020000230      0x400 
                0x0000000020000630                . = ALIGN (0x8)

/DISCARD/
 libc.a(*)
 libm.a(*)
 libgcc.a(*)

.ARM.attributes
                0x0000000000000000       0x30
 *(.ARM.attributes)
 .ARM.attributes
                0x0000000000000000       0x1e d:/st/stm32cubeide_1.10.1/stm32cubeide/plugins/com.st.stm32cube.ide.mcu.externaltools.gnu-tools-for-stm32.10.3-2021.10.win32_1.0.0.202111181127/tools/bin/../lib/gcc/arm-none-eabi/10.3.1/thumb/v7e-m+fp/hard/crti.o
 .ARM.attributes
                0x000000000000001e       0x34 d:/st/stm32cubeide_1.10.1/stm32cubeide/plugins/com.st.stm32cube.ide.mcu.externaltools.gnu-tools-for-stm32.10.3-2021.10.win32_1.0.0.202111181127/tools/bin/../lib/gcc/arm-none-eabi/10.3.1/thumb/v7e-m+fp/hard/crtbegin.o
 .ARM.attributes
                0x0000000000000052       0x34 ./Src/app/stm32f407_flash_app.o
 .ARM.attributes
                0x0000000000000086       0x34 ./Src/driver/stm32f407_flash_driver.o
 .ARM.attributes
                0x00000000000000ba       0x34 ./Src/driver/stm32f407_gpio_driver.o
 .ARM.attributes
                0x00000000000000ee       0x34 ./Src/main.o
 .ARM.attributes
                0x0000000000000122       0x34 ./Src/middleware/stm32f407_flash_middleware.o
 .ARM.attributes
                0x0000000000000156       0x21 ./Startup/startup_stm32f407vgtx.o
 .ARM.attributes
                0x0000000000000177       0x34 d:/st/stm32cubeide_1.10.1/stm32cubeide/plugins/com.st.stm32cube.ide.mcu.externaltools.gnu-tools-for-stm32.10.3-2021.10.win32_1.0.0.202111181127/tools/bin/../lib/gcc/arm-none-eabi/10.3.1/../../../../arm-none-eabi/lib/thumb/v7e-m+fp/hard\libc_nano.a(lib_a-init.o)
 .ARM.attributes
                0x00000000000001ab       0x1e d:/st/stm32cubeide_1.10.1/stm32cubeide/plugins/com.st.stm32cube.ide.mcu.externaltools.gnu-tools-for-stm32.10.3-2021.10.win32_1.0.0.202111181127/tools/bin/../lib/gcc/arm-none-eabi/10.3.1/thumb/v7e-m+fp/hard/crtn.o
OUTPUT(Mydriver.elf elf32-littlearm)
LOAD linker stubs
LOAD d:/st/stm32cubeide_1.10.1/stm32cubeide/plugins/com.st.stm32cube.ide.mcu.externaltools.gnu-tools-for-stm32.10.3-2021.10.win32_1.0.0.202111181127/tools/bin/../lib/gcc/arm-none-eabi/10.3.1/../../../../arm-none-eabi/lib/thumb/v7e-m+fp/hard\libc.a
LOAD d:/st/stm32cubeide_1.10.1/stm32cubeide/plugins/com.st.stm32cube.ide.mcu.externaltools.gnu-tools-for-stm32.10.3-2021.10.win32_1.0.0.202111181127/tools/bin/../lib/gcc/arm-none-eabi/10.3.1/../../../../arm-none-eabi/lib/thumb/v7e-m+fp/hard\libm.a
LOAD d:/st/stm32cubeide_1.10.1/stm32cubeide/plugins/com.st.stm32cube.ide.mcu.externaltools.gnu-tools-for-stm32.10.3-2021.10.win32_1.0.0.202111181127/tools/bin/../lib/gcc/arm-none-eabi/10.3.1/thumb/v7e-m+fp/hard\libgcc.a

.debug_info     0x0000000000000000     0x15b4
 .debug_info    0x0000000000000000      0x26b ./Src/app/stm32f407_flash_app.o
 .debug_info    0x000000000000026b      0x280 ./Src/driver/stm32f407_flash_driver.o
 .debug_info    0x00000000000004eb      0x846 ./Src/driver/stm32f407_gpio_driver.o
 .debug_info    0x0000000000000d31      0x5a5 ./Src/main.o
 .debug_info    0x00000000000012d6      0x2bc ./Src/middleware/stm32f407_flash_middleware.o
 .debug_info    0x0000000000001592       0x22 ./Startup/startup_stm32f407vgtx.o

.debug_abbrev   0x0000000000000000      0x6a3
 .debug_abbrev  0x0000000000000000       0xf7 ./Src/app/stm32f407_flash_app.o
 .debug_abbrev  0x00000000000000f7      0x159 ./Src/driver/stm32f407_flash_driver.o
 .debug_abbrev  0x0000000000000250      0x14f ./Src/driver/stm32f407_gpio_driver.o
 .debug_abbrev  0x000000000000039f      0x1a8 ./Src/main.o
 .debug_abbrev  0x0000000000000547      0x14a ./Src/middleware/stm32f407_flash_middleware.o
 .debug_abbrev  0x0000000000000691       0x12 ./Startup/startup_stm32f407vgtx.o

.debug_aranges  0x0000000000000000      0x150
 .debug_aranges
                0x0000000000000000       0x28 ./Src/app/stm32f407_flash_app.o
 .debug_aranges
                0x0000000000000028       0x40 ./Src/driver/stm32f407_flash_driver.o
 .debug_aranges
                0x0000000000000068       0x68 ./Src/driver/stm32f407_gpio_driver.o
 .debug_aranges
                0x00000000000000d0       0x30 ./Src/main.o
 .debug_aranges
                0x0000000000000100       0x28 ./Src/middleware/stm32f407_flash_middleware.o
 .debug_aranges
                0x0000000000000128       0x28 ./Startup/startup_stm32f407vgtx.o

.debug_ranges   0x0000000000000000       0xf8
 .debug_ranges  0x0000000000000000       0x18 ./Src/app/stm32f407_flash_app.o
 .debug_ranges  0x0000000000000018       0x30 ./Src/driver/stm32f407_flash_driver.o
 .debug_ranges  0x0000000000000048       0x58 ./Src/driver/stm32f407_gpio_driver.o
 .debug_ranges  0x00000000000000a0       0x20 ./Src/main.o
 .debug_ranges  0x00000000000000c0       0x18 ./Src/middleware/stm32f407_flash_middleware.o
 .debug_ranges  0x00000000000000d8       0x20 ./Startup/startup_stm32f407vgtx.o

.debug_macro    0x0000000000000000     0x24f6
 .debug_macro   0x0000000000000000       0xa4 ./Src/app/stm32f407_flash_app.o
 .debug_macro   0x00000000000000a4      0xa7e ./Src/app/stm32f407_flash_app.o
 .debug_macro   0x0000000000000b22       0x22 ./Src/app/stm32f407_flash_app.o
 .debug_macro   0x0000000000000b44       0x8e ./Src/app/stm32f407_flash_app.o
 .debug_macro   0x0000000000000bd2       0x51 ./Src/app/stm32f407_flash_app.o
 .debug_macro   0x0000000000000c23      0x103 ./Src/app/stm32f407_flash_app.o
 .debug_macro   0x0000000000000d26       0x6a ./Src/app/stm32f407_flash_app.o
 .debug_macro   0x0000000000000d90      0x1df ./Src/app/stm32f407_flash_app.o
 .debug_macro   0x0000000000000f6f      0x32a ./Src/app/stm32f407_flash_app.o
 .debug_macro   0x0000000000001299       0xa3 ./Src/driver/stm32f407_flash_driver.o
 .debug_macro   0x000000000000133c      0x17e ./Src/driver/stm32f407_flash_driver.o
 .debug_macro   0x00000000000014ba       0x9e ./Src/driver/stm32f407_gpio_driver.o
 .debug_macro   0x0000000000001558      0x204 ./Src/main.o
 .debug_macro   0x000000000000175c       0x4c ./Src/main.o
 .debug_macro   0x00000000000017a8       0x1e ./Src/main.o
 .debug_macro   0x00000000000017c6       0x94 ./Src/main.o
 .debug_macro   0x000000000000185a       0x3c ./Src/main.o
 .debug_macro   0x0000000000001896       0x34 ./Src/main.o
 .debug_macro   0x00000000000018ca       0x16 ./Src/main.o
 .debug_macro   0x00000000000018e0       0x57 ./Src/main.o
 .debug_macro   0x0000000000001937       0x97 ./Src/main.o
 .debug_macro   0x00000000000019ce      0x341 ./Src/main.o
 .debug_macro   0x0000000000001d0f       0xfd ./Src/main.o
 .debug_macro   0x0000000000001e0c       0x10 ./Src/main.o
 .debug_macro   0x0000000000001e1c       0x16 ./Src/main.o
 .debug_macro   0x0000000000001e32       0x43 ./Src/main.o
 .debug_macro   0x0000000000001e75       0x34 ./Src/main.o
 .debug_macro   0x0000000000001ea9       0x10 ./Src/main.o
 .debug_macro   0x0000000000001eb9       0x58 ./Src/main.o
 .debug_macro   0x0000000000001f11       0x71 ./Src/main.o
 .debug_macro   0x0000000000001f82       0x1c ./Src/main.o
 .debug_macro   0x0000000000001f9e      0x12a ./Src/main.o
 .debug_macro   0x00000000000020c8       0x10 ./Src/main.o
 .debug_macro   0x00000000000020d8       0x1c ./Src/main.o
 .debug_macro   0x00000000000020f4       0x52 ./Src/main.o
 .debug_macro   0x0000000000002146       0x22 ./Src/main.o
 .debug_macro   0x0000000000002168       0x10 ./Src/main.o
 .debug_macro   0x0000000000002178       0x52 ./Src/main.o
 .debug_macro   0x00000000000021ca       0xd5 ./Src/main.o
 .debug_macro   0x000000000000229f       0x1c ./Src/main.o
 .debug_macro   0x00000000000022bb       0x3d ./Src/main.o
 .debug_macro   0x00000000000022f8       0x16 ./Src/main.o
 .debug_macro   0x000000000000230e      0x145 ./Src/main.o
 .debug_macro   0x0000000000002453       0xa3 ./Src/middleware/stm32f407_flash_middleware.o

.debug_line     0x0000000000000000     0x1c69
 .debug_line    0x0000000000000000      0x44d ./Src/app/stm32f407_flash_app.o
 .debug_line    0x000000000000044d      0x576 ./Src/driver/stm32f407_flash_driver.o
 .debug_line    0x00000000000009c3      0x75e ./Src/driver/stm32f407_gpio_driver.o
 .debug_line    0x0000000000001121      0x667 ./Src/main.o
 .debug_line    0x0000000000001788      0x45d ./Src/middleware/stm32f407_flash_middleware.o
 .debug_line    0x0000000000001be5       0x84 ./Startup/startup_stm32f407vgtx.o

.debug_str      0x0000000000000000     0xa026
 .debug_str     0x0000000000000000     0x4fe8 ./Src/app/stm32f407_flash_app.o
                                       0x5174 (size before relaxing)
 .debug_str     0x0000000000004fe8      0x966 ./Src/driver/stm32f407_flash_driver.o
                                       0x5962 (size before relaxing)
 .debug_str     0x000000000000594e      0x57b ./Src/driver/stm32f407_gpio_driver.o
                                       0x551e (size before relaxing)
 .debug_str     0x0000000000005ec9     0x40e3 ./Src/main.o
                                       0x94b0 (size before relaxing)
 .debug_str     0x0000000000009fac       0x49 ./Src/middleware/stm32f407_flash_middleware.o
                                       0x5a04 (size before relaxing)
 .debug_str     0x0000000000009ff5       0x31 ./Startup/startup_stm32f407vgtx.o
                                         0x56 (size before relaxing)

.comment        0x0000000000000000       0x50
 .comment       0x0000000000000000       0x50 ./Src/app/stm32f407_flash_app.o
                                         0x51 (size before relaxing)
 .comment       0x0000000000000050       0x51 ./Src/driver/stm32f407_flash_driver.o
 .comment       0x0000000000000050       0x51 ./Src/driver/stm32f407_gpio_driver.o
 .comment       0x0000000000000050       0x51 ./Src/main.o
 .comment       0x0000000000000050       0x51 ./Src/middleware/stm32f407_flash_middleware.o

.debug_frame    0x0000000000000000      0x3b8
 .debug_frame   0x0000000000000000       0x58 ./Src/app/stm32f407_flash_app.o
 .debug_frame   0x0000000000000058       0xc8 ./Src/driver/stm32f407_flash_driver.o
 .debug_frame   0x0000000000000120      0x19c ./Src/driver/stm32f407_gpio_driver.o
 .debug_frame   0x00000000000002bc       0x78 ./Src/main.o
 .debug_frame   0x0000000000000334       0x58 ./Src/middleware/stm32f407_flash_middleware.o
 .debug_frame   0x000000000000038c       0x2c d:/st/stm32cubeide_1.10.1/stm32cubeide/plugins/com.st.stm32cube.ide.mcu.externaltools.gnu-tools-for-stm32.10.3-2021.10.win32_1.0.0.202111181127/tools/bin/../lib/gcc/arm-none-eabi/10.3.1/../../../../arm-none-eabi/lib/thumb/v7e-m+fp/hard\libc_nano.a(lib_a-init.o)
