Archive member included to satisfy reference by file (symbol)

d:/programs/st/stm32cubeide_1.4.0/stm32cubeide/plugins/com.st.stm32cube.ide.mcu.externaltools.gnu-tools-for-stm32.7-2018-q2-update.win32_1.4.0.202007081208/tools/bin/../lib/gcc/arm-none-eabi/7.3.1/../../../../arm-none-eabi/lib/thumb/v7e-m/fpv4-sp/hard\libc_nano.a(lib_a-errno.o)
                              Src/syscalls.o (__errno)
d:/programs/st/stm32cubeide_1.4.0/stm32cubeide/plugins/com.st.stm32cube.ide.mcu.externaltools.gnu-tools-for-stm32.7-2018-q2-update.win32_1.4.0.202007081208/tools/bin/../lib/gcc/arm-none-eabi/7.3.1/../../../../arm-none-eabi/lib/thumb/v7e-m/fpv4-sp/hard\libc_nano.a(lib_a-exit.o)
                              d:/programs/st/stm32cubeide_1.4.0/stm32cubeide/plugins/com.st.stm32cube.ide.mcu.externaltools.gnu-tools-for-stm32.7-2018-q2-update.win32_1.4.0.202007081208/tools/bin/../lib/gcc/arm-none-eabi/7.3.1/../../../../arm-none-eabi/lib/thumb/v7e-m/fpv4-sp/hard/crt0.o (exit)
d:/programs/st/stm32cubeide_1.4.0/stm32cubeide/plugins/com.st.stm32cube.ide.mcu.externaltools.gnu-tools-for-stm32.7-2018-q2-update.win32_1.4.0.202007081208/tools/bin/../lib/gcc/arm-none-eabi/7.3.1/../../../../arm-none-eabi/lib/thumb/v7e-m/fpv4-sp/hard\libc_nano.a(lib_a-impure.o)
                              d:/programs/st/stm32cubeide_1.4.0/stm32cubeide/plugins/com.st.stm32cube.ide.mcu.externaltools.gnu-tools-for-stm32.7-2018-q2-update.win32_1.4.0.202007081208/tools/bin/../lib/gcc/arm-none-eabi/7.3.1/../../../../arm-none-eabi/lib/thumb/v7e-m/fpv4-sp/hard\libc_nano.a(lib_a-exit.o) (_global_impure_ptr)
d:/programs/st/stm32cubeide_1.4.0/stm32cubeide/plugins/com.st.stm32cube.ide.mcu.externaltools.gnu-tools-for-stm32.7-2018-q2-update.win32_1.4.0.202007081208/tools/bin/../lib/gcc/arm-none-eabi/7.3.1/../../../../arm-none-eabi/lib/thumb/v7e-m/fpv4-sp/hard\libc_nano.a(lib_a-init.o)
                              d:/programs/st/stm32cubeide_1.4.0/stm32cubeide/plugins/com.st.stm32cube.ide.mcu.externaltools.gnu-tools-for-stm32.7-2018-q2-update.win32_1.4.0.202007081208/tools/bin/../lib/gcc/arm-none-eabi/7.3.1/../../../../arm-none-eabi/lib/thumb/v7e-m/fpv4-sp/hard/crt0.o (__libc_init_array)
d:/programs/st/stm32cubeide_1.4.0/stm32cubeide/plugins/com.st.stm32cube.ide.mcu.externaltools.gnu-tools-for-stm32.7-2018-q2-update.win32_1.4.0.202007081208/tools/bin/../lib/gcc/arm-none-eabi/7.3.1/../../../../arm-none-eabi/lib/thumb/v7e-m/fpv4-sp/hard\libc_nano.a(lib_a-memset.o)
                              d:/programs/st/stm32cubeide_1.4.0/stm32cubeide/plugins/com.st.stm32cube.ide.mcu.externaltools.gnu-tools-for-stm32.7-2018-q2-update.win32_1.4.0.202007081208/tools/bin/../lib/gcc/arm-none-eabi/7.3.1/../../../../arm-none-eabi/lib/thumb/v7e-m/fpv4-sp/hard/crt0.o (memset)

Allocating common symbols
Common symbol       size              file

BufferRead          0x4               Src/main.o
s                   0x4               Src/main.o

Discarded input sections

 .text          0x0000000000000000        0x0 d:/programs/st/stm32cubeide_1.4.0/stm32cubeide/plugins/com.st.stm32cube.ide.mcu.externaltools.gnu-tools-for-stm32.7-2018-q2-update.win32_1.4.0.202007081208/tools/bin/../lib/gcc/arm-none-eabi/7.3.1/thumb/v7e-m/fpv4-sp/hard/crti.o
 .data          0x0000000000000000        0x0 d:/programs/st/stm32cubeide_1.4.0/stm32cubeide/plugins/com.st.stm32cube.ide.mcu.externaltools.gnu-tools-for-stm32.7-2018-q2-update.win32_1.4.0.202007081208/tools/bin/../lib/gcc/arm-none-eabi/7.3.1/thumb/v7e-m/fpv4-sp/hard/crti.o
 .bss           0x0000000000000000        0x0 d:/programs/st/stm32cubeide_1.4.0/stm32cubeide/plugins/com.st.stm32cube.ide.mcu.externaltools.gnu-tools-for-stm32.7-2018-q2-update.win32_1.4.0.202007081208/tools/bin/../lib/gcc/arm-none-eabi/7.3.1/thumb/v7e-m/fpv4-sp/hard/crti.o
 .data          0x0000000000000000        0x4 d:/programs/st/stm32cubeide_1.4.0/stm32cubeide/plugins/com.st.stm32cube.ide.mcu.externaltools.gnu-tools-for-stm32.7-2018-q2-update.win32_1.4.0.202007081208/tools/bin/../lib/gcc/arm-none-eabi/7.3.1/thumb/v7e-m/fpv4-sp/hard/crtbegin.o
 .text          0x0000000000000000       0x74 d:/programs/st/stm32cubeide_1.4.0/stm32cubeide/plugins/com.st.stm32cube.ide.mcu.externaltools.gnu-tools-for-stm32.7-2018-q2-update.win32_1.4.0.202007081208/tools/bin/../lib/gcc/arm-none-eabi/7.3.1/../../../../arm-none-eabi/lib/thumb/v7e-m/fpv4-sp/hard/crt0.o
 .data          0x0000000000000000        0x0 d:/programs/st/stm32cubeide_1.4.0/stm32cubeide/plugins/com.st.stm32cube.ide.mcu.externaltools.gnu-tools-for-stm32.7-2018-q2-update.win32_1.4.0.202007081208/tools/bin/../lib/gcc/arm-none-eabi/7.3.1/../../../../arm-none-eabi/lib/thumb/v7e-m/fpv4-sp/hard/crt0.o
 .bss           0x0000000000000000        0x0 d:/programs/st/stm32cubeide_1.4.0/stm32cubeide/plugins/com.st.stm32cube.ide.mcu.externaltools.gnu-tools-for-stm32.7-2018-q2-update.win32_1.4.0.202007081208/tools/bin/../lib/gcc/arm-none-eabi/7.3.1/../../../../arm-none-eabi/lib/thumb/v7e-m/fpv4-sp/hard/crt0.o
 .ARM.extab     0x0000000000000000        0x0 d:/programs/st/stm32cubeide_1.4.0/stm32cubeide/plugins/com.st.stm32cube.ide.mcu.externaltools.gnu-tools-for-stm32.7-2018-q2-update.win32_1.4.0.202007081208/tools/bin/../lib/gcc/arm-none-eabi/7.3.1/../../../../arm-none-eabi/lib/thumb/v7e-m/fpv4-sp/hard/crt0.o
 .ARM.exidx     0x0000000000000000        0x8 d:/programs/st/stm32cubeide_1.4.0/stm32cubeide/plugins/com.st.stm32cube.ide.mcu.externaltools.gnu-tools-for-stm32.7-2018-q2-update.win32_1.4.0.202007081208/tools/bin/../lib/gcc/arm-none-eabi/7.3.1/../../../../arm-none-eabi/lib/thumb/v7e-m/fpv4-sp/hard/crt0.o
 .ARM.attributes
                0x0000000000000000       0x20 d:/programs/st/stm32cubeide_1.4.0/stm32cubeide/plugins/com.st.stm32cube.ide.mcu.externaltools.gnu-tools-for-stm32.7-2018-q2-update.win32_1.4.0.202007081208/tools/bin/../lib/gcc/arm-none-eabi/7.3.1/../../../../arm-none-eabi/lib/thumb/v7e-m/fpv4-sp/hard/crt0.o
 .group         0x0000000000000000        0xc Src/app/stm32f407_flash_app.o
 .group         0x0000000000000000        0xc Src/app/stm32f407_flash_app.o
 .group         0x0000000000000000        0xc Src/app/stm32f407_flash_app.o
 .group         0x0000000000000000        0xc Src/app/stm32f407_flash_app.o
 .group         0x0000000000000000        0xc Src/app/stm32f407_flash_app.o
 .group         0x0000000000000000        0xc Src/app/stm32f407_flash_app.o
 .group         0x0000000000000000        0xc Src/app/stm32f407_flash_app.o
 .group         0x0000000000000000        0xc Src/app/stm32f407_flash_app.o
 .group         0x0000000000000000        0xc Src/app/stm32f407_flash_app.o
 .text          0x0000000000000000        0x0 Src/app/stm32f407_flash_app.o
 .data          0x0000000000000000        0x0 Src/app/stm32f407_flash_app.o
 .bss           0x0000000000000000        0x0 Src/app/stm32f407_flash_app.o
 .group         0x0000000000000000        0xc Src/driver/stm32f407_flash_driver.o
 .group         0x0000000000000000        0xc Src/driver/stm32f407_flash_driver.o
 .group         0x0000000000000000        0xc Src/driver/stm32f407_flash_driver.o
 .group         0x0000000000000000        0xc Src/driver/stm32f407_flash_driver.o
 .group         0x0000000000000000        0xc Src/driver/stm32f407_flash_driver.o
 .group         0x0000000000000000        0xc Src/driver/stm32f407_flash_driver.o
 .group         0x0000000000000000        0xc Src/driver/stm32f407_flash_driver.o
 .group         0x0000000000000000        0xc Src/driver/stm32f407_flash_driver.o
 .group         0x0000000000000000        0xc Src/driver/stm32f407_flash_driver.o
 .text          0x0000000000000000        0x0 Src/driver/stm32f407_flash_driver.o
 .data          0x0000000000000000        0x0 Src/driver/stm32f407_flash_driver.o
 .bss           0x0000000000000000        0x0 Src/driver/stm32f407_flash_driver.o
 .debug_macro   0x0000000000000000      0xa60 Src/driver/stm32f407_flash_driver.o
 .debug_macro   0x0000000000000000       0x22 Src/driver/stm32f407_flash_driver.o
 .debug_macro   0x0000000000000000       0x8e Src/driver/stm32f407_flash_driver.o
 .debug_macro   0x0000000000000000       0x51 Src/driver/stm32f407_flash_driver.o
 .debug_macro   0x0000000000000000       0xef Src/driver/stm32f407_flash_driver.o
 .debug_macro   0x0000000000000000       0x6a Src/driver/stm32f407_flash_driver.o
 .debug_macro   0x0000000000000000      0x1df Src/driver/stm32f407_flash_driver.o
 .debug_macro   0x0000000000000000      0x323 Src/driver/stm32f407_flash_driver.o
 .debug_macro   0x0000000000000000      0x1c6 Src/driver/stm32f407_flash_driver.o
 .group         0x0000000000000000        0xc Src/driver/stm32f407_gpio_driver.o
 .group         0x0000000000000000        0xc Src/driver/stm32f407_gpio_driver.o
 .group         0x0000000000000000        0xc Src/driver/stm32f407_gpio_driver.o
 .group         0x0000000000000000        0xc Src/driver/stm32f407_gpio_driver.o
 .group         0x0000000000000000        0xc Src/driver/stm32f407_gpio_driver.o
 .group         0x0000000000000000        0xc Src/driver/stm32f407_gpio_driver.o
 .group         0x0000000000000000        0xc Src/driver/stm32f407_gpio_driver.o
 .group         0x0000000000000000        0xc Src/driver/stm32f407_gpio_driver.o
 .text          0x0000000000000000        0x0 Src/driver/stm32f407_gpio_driver.o
 .data          0x0000000000000000        0x0 Src/driver/stm32f407_gpio_driver.o
 .bss           0x0000000000000000        0x0 Src/driver/stm32f407_gpio_driver.o
 .text.GPIO_ReadFromInputPin
                0x0000000000000000       0x2c Src/driver/stm32f407_gpio_driver.o
 .text.GPIO_ReadFromInputPort
                0x0000000000000000       0x1a Src/driver/stm32f407_gpio_driver.o
 .text.GPIO_WriteOutputPort
                0x0000000000000000       0x1e Src/driver/stm32f407_gpio_driver.o
 .text.GPIO_WriteOutputPin
                0x0000000000000000       0x50 Src/driver/stm32f407_gpio_driver.o
 .text.GPIO_IRQInterruptConfig
                0x0000000000000000      0x154 Src/driver/stm32f407_gpio_driver.o
 .text.GPIO_IRQPriorityConfig
                0x0000000000000000       0x5c Src/driver/stm32f407_gpio_driver.o
 .text.GPIO_IRQHandling
                0x0000000000000000       0x40 Src/driver/stm32f407_gpio_driver.o
 .debug_macro   0x0000000000000000      0xa60 Src/driver/stm32f407_gpio_driver.o
 .debug_macro   0x0000000000000000       0x22 Src/driver/stm32f407_gpio_driver.o
 .debug_macro   0x0000000000000000       0x8e Src/driver/stm32f407_gpio_driver.o
 .debug_macro   0x0000000000000000       0x51 Src/driver/stm32f407_gpio_driver.o
 .debug_macro   0x0000000000000000       0xef Src/driver/stm32f407_gpio_driver.o
 .debug_macro   0x0000000000000000       0x6a Src/driver/stm32f407_gpio_driver.o
 .debug_macro   0x0000000000000000      0x1df Src/driver/stm32f407_gpio_driver.o
 .debug_macro   0x0000000000000000      0x323 Src/driver/stm32f407_gpio_driver.o
 .group         0x0000000000000000        0xc Src/driver/stm32f407_usart_driver.o
 .group         0x0000000000000000        0xc Src/driver/stm32f407_usart_driver.o
 .group         0x0000000000000000        0xc Src/driver/stm32f407_usart_driver.o
 .group         0x0000000000000000        0xc Src/driver/stm32f407_usart_driver.o
 .group         0x0000000000000000        0xc Src/driver/stm32f407_usart_driver.o
 .group         0x0000000000000000        0xc Src/driver/stm32f407_usart_driver.o
 .group         0x0000000000000000        0xc Src/driver/stm32f407_usart_driver.o
 .group         0x0000000000000000        0xc Src/driver/stm32f407_usart_driver.o
 .group         0x0000000000000000        0xc Src/driver/stm32f407_usart_driver.o
 .text          0x0000000000000000        0x0 Src/driver/stm32f407_usart_driver.o
 .data          0x0000000000000000        0x0 Src/driver/stm32f407_usart_driver.o
 .bss           0x0000000000000000        0x0 Src/driver/stm32f407_usart_driver.o
 .text.USART_PeriClockControl
                0x0000000000000000       0x18 Src/driver/stm32f407_usart_driver.o
 .text.USART_SentData
                0x0000000000000000       0x28 Src/driver/stm32f407_usart_driver.o
 .text.USART_ReceiveData
                0x0000000000000000       0x1e Src/driver/stm32f407_usart_driver.o
 .text.USART_ITConfig
                0x0000000000000000       0x40 Src/driver/stm32f407_usart_driver.o
 .text.USART_GetITStatus
                0x0000000000000000        0xe Src/driver/stm32f407_usart_driver.o
 .text.USART_ClearPendingBit
                0x0000000000000000        0xe Src/driver/stm32f407_usart_driver.o
 .text.USART_GetFlagStatus
                0x0000000000000000       0x44 Src/driver/stm32f407_usart_driver.o
 .text.USART_ClearFlag
                0x0000000000000000       0x48 Src/driver/stm32f407_usart_driver.o
 .debug_info    0x0000000000000000      0x2db Src/driver/stm32f407_usart_driver.o
 .debug_abbrev  0x0000000000000000      0x11a Src/driver/stm32f407_usart_driver.o
 .debug_aranges
                0x0000000000000000       0x58 Src/driver/stm32f407_usart_driver.o
 .debug_ranges  0x0000000000000000       0x48 Src/driver/stm32f407_usart_driver.o
 .debug_macro   0x0000000000000000       0x99 Src/driver/stm32f407_usart_driver.o
 .debug_macro   0x0000000000000000      0xa60 Src/driver/stm32f407_usart_driver.o
 .debug_macro   0x0000000000000000       0x22 Src/driver/stm32f407_usart_driver.o
 .debug_macro   0x0000000000000000       0x8e Src/driver/stm32f407_usart_driver.o
 .debug_macro   0x0000000000000000       0x51 Src/driver/stm32f407_usart_driver.o
 .debug_macro   0x0000000000000000       0xef Src/driver/stm32f407_usart_driver.o
 .debug_macro   0x0000000000000000       0x6a Src/driver/stm32f407_usart_driver.o
 .debug_macro   0x0000000000000000      0x1df Src/driver/stm32f407_usart_driver.o
 .debug_macro   0x0000000000000000      0x323 Src/driver/stm32f407_usart_driver.o
 .debug_macro   0x0000000000000000       0x88 Src/driver/stm32f407_usart_driver.o
 .debug_line    0x0000000000000000      0x4db Src/driver/stm32f407_usart_driver.o
 .debug_str     0x0000000000000000     0x526d Src/driver/stm32f407_usart_driver.o
 .comment       0x0000000000000000       0x7c Src/driver/stm32f407_usart_driver.o
 .debug_frame   0x0000000000000000      0x140 Src/driver/stm32f407_usart_driver.o
 .ARM.attributes
                0x0000000000000000       0x39 Src/driver/stm32f407_usart_driver.o
 .group         0x0000000000000000        0xc Src/main.o
 .group         0x0000000000000000        0xc Src/main.o
 .group         0x0000000000000000        0xc Src/main.o
 .group         0x0000000000000000        0xc Src/main.o
 .group         0x0000000000000000        0xc Src/main.o
 .group         0x0000000000000000        0xc Src/main.o
 .group         0x0000000000000000        0xc Src/main.o
 .group         0x0000000000000000        0xc Src/main.o
 .group         0x0000000000000000        0xc Src/main.o
 .group         0x0000000000000000        0xc Src/main.o
 .group         0x0000000000000000        0xc Src/main.o
 .group         0x0000000000000000        0xc Src/main.o
 .group         0x0000000000000000        0xc Src/main.o
 .group         0x0000000000000000        0xc Src/main.o
 .group         0x0000000000000000        0xc Src/main.o
 .group         0x0000000000000000        0xc Src/main.o
 .group         0x0000000000000000        0xc Src/main.o
 .group         0x0000000000000000        0xc Src/main.o
 .group         0x0000000000000000        0xc Src/main.o
 .group         0x0000000000000000        0xc Src/main.o
 .group         0x0000000000000000        0xc Src/main.o
 .group         0x0000000000000000        0xc Src/main.o
 .group         0x0000000000000000        0xc Src/main.o
 .group         0x0000000000000000        0xc Src/main.o
 .group         0x0000000000000000        0xc Src/main.o
 .group         0x0000000000000000        0xc Src/main.o
 .group         0x0000000000000000        0xc Src/main.o
 .group         0x0000000000000000        0xc Src/main.o
 .group         0x0000000000000000        0xc Src/main.o
 .group         0x0000000000000000        0xc Src/main.o
 .group         0x0000000000000000        0xc Src/main.o
 .group         0x0000000000000000        0xc Src/main.o
 .group         0x0000000000000000        0xc Src/main.o
 .group         0x0000000000000000        0xc Src/main.o
 .text          0x0000000000000000        0x0 Src/main.o
 .data          0x0000000000000000        0x0 Src/main.o
 .bss           0x0000000000000000        0x0 Src/main.o
 .data.pSyst_CSR
                0x0000000000000000        0x4 Src/main.o
 .data.pSYST_RVR
                0x0000000000000000        0x4 Src/main.o
 .data.pSYST_CVR
                0x0000000000000000        0x4 Src/main.o
 .debug_macro   0x0000000000000000      0xa60 Src/main.o
 .debug_macro   0x0000000000000000       0x22 Src/main.o
 .debug_macro   0x0000000000000000       0x6a Src/main.o
 .debug_macro   0x0000000000000000       0xef Src/main.o
 .debug_macro   0x0000000000000000      0x1df Src/main.o
 .debug_macro   0x0000000000000000      0x323 Src/main.o
 .debug_macro   0x0000000000000000      0x1c6 Src/main.o
 .group         0x0000000000000000        0xc Src/syscalls.o
 .group         0x0000000000000000        0xc Src/syscalls.o
 .group         0x0000000000000000        0xc Src/syscalls.o
 .group         0x0000000000000000        0xc Src/syscalls.o
 .group         0x0000000000000000        0xc Src/syscalls.o
 .group         0x0000000000000000        0xc Src/syscalls.o
 .group         0x0000000000000000        0xc Src/syscalls.o
 .group         0x0000000000000000        0xc Src/syscalls.o
 .group         0x0000000000000000        0xc Src/syscalls.o
 .group         0x0000000000000000        0xc Src/syscalls.o
 .group         0x0000000000000000        0xc Src/syscalls.o
 .group         0x0000000000000000        0xc Src/syscalls.o
 .group         0x0000000000000000        0xc Src/syscalls.o
 .group         0x0000000000000000        0xc Src/syscalls.o
 .group         0x0000000000000000        0xc Src/syscalls.o
 .group         0x0000000000000000        0xc Src/syscalls.o
 .group         0x0000000000000000        0xc Src/syscalls.o
 .group         0x0000000000000000        0xc Src/syscalls.o
 .group         0x0000000000000000        0xc Src/syscalls.o
 .group         0x0000000000000000        0xc Src/syscalls.o
 .group         0x0000000000000000        0xc Src/syscalls.o
 .group         0x0000000000000000        0xc Src/syscalls.o
 .group         0x0000000000000000        0xc Src/syscalls.o
 .group         0x0000000000000000        0xc Src/syscalls.o
 .group         0x0000000000000000        0xc Src/syscalls.o
 .group         0x0000000000000000        0xc Src/syscalls.o
 .group         0x0000000000000000        0xc Src/syscalls.o
 .group         0x0000000000000000        0xc Src/syscalls.o
 .group         0x0000000000000000        0xc Src/syscalls.o
 .group         0x0000000000000000        0xc Src/syscalls.o
 .group         0x0000000000000000        0xc Src/syscalls.o
 .group         0x0000000000000000        0xc Src/syscalls.o
 .group         0x0000000000000000        0xc Src/syscalls.o
 .group         0x0000000000000000        0xc Src/syscalls.o
 .group         0x0000000000000000        0xc Src/syscalls.o
 .group         0x0000000000000000        0xc Src/syscalls.o
 .group         0x0000000000000000        0xc Src/syscalls.o
 .group         0x0000000000000000        0xc Src/syscalls.o
 .group         0x0000000000000000        0xc Src/syscalls.o
 .group         0x0000000000000000        0xc Src/syscalls.o
 .group         0x0000000000000000        0xc Src/syscalls.o
 .group         0x0000000000000000        0xc Src/syscalls.o
 .group         0x0000000000000000        0xc Src/syscalls.o
 .group         0x0000000000000000        0xc Src/syscalls.o
 .text          0x0000000000000000        0x0 Src/syscalls.o
 .data          0x0000000000000000        0x0 Src/syscalls.o
 .bss           0x0000000000000000        0x0 Src/syscalls.o
 .bss.__env     0x0000000000000000        0x4 Src/syscalls.o
 .data.environ  0x0000000000000000        0x4 Src/syscalls.o
 .text.initialise_monitor_handles
                0x0000000000000000        0xe Src/syscalls.o
 .text._getpid  0x0000000000000000       0x10 Src/syscalls.o
 .text._kill    0x0000000000000000       0x20 Src/syscalls.o
 .text._exit    0x0000000000000000       0x14 Src/syscalls.o
 .text._read    0x0000000000000000       0x3a Src/syscalls.o
 .text._write   0x0000000000000000       0x38 Src/syscalls.o
 .text._close   0x0000000000000000       0x18 Src/syscalls.o
 .text._fstat   0x0000000000000000       0x20 Src/syscalls.o
 .text._isatty  0x0000000000000000       0x16 Src/syscalls.o
 .text._lseek   0x0000000000000000       0x1a Src/syscalls.o
 .text._open    0x0000000000000000       0x1c Src/syscalls.o
 .text._wait    0x0000000000000000       0x1e Src/syscalls.o
 .text._unlink  0x0000000000000000       0x1e Src/syscalls.o
 .text._times   0x0000000000000000       0x18 Src/syscalls.o
 .text._stat    0x0000000000000000       0x20 Src/syscalls.o
 .text._link    0x0000000000000000       0x20 Src/syscalls.o
 .text._fork    0x0000000000000000       0x16 Src/syscalls.o
 .text._execve  0x0000000000000000       0x22 Src/syscalls.o
 .debug_info    0x0000000000000000      0xebd Src/syscalls.o
 .debug_abbrev  0x0000000000000000      0x261 Src/syscalls.o
 .debug_aranges
                0x0000000000000000       0xa8 Src/syscalls.o
 .debug_ranges  0x0000000000000000       0x98 Src/syscalls.o
 .debug_macro   0x0000000000000000      0x243 Src/syscalls.o
 .debug_macro   0x0000000000000000      0xa60 Src/syscalls.o
 .debug_macro   0x0000000000000000       0x22 Src/syscalls.o
 .debug_macro   0x0000000000000000       0x40 Src/syscalls.o
 .debug_macro   0x0000000000000000       0x18 Src/syscalls.o
 .debug_macro   0x0000000000000000       0x94 Src/syscalls.o
 .debug_macro   0x0000000000000000       0x3c Src/syscalls.o
 .debug_macro   0x0000000000000000       0x34 Src/syscalls.o
 .debug_macro   0x0000000000000000       0x57 Src/syscalls.o
 .debug_macro   0x0000000000000000      0x174 Src/syscalls.o
 .debug_macro   0x0000000000000000      0x330 Src/syscalls.o
 .debug_macro   0x0000000000000000       0x52 Src/syscalls.o
 .debug_macro   0x0000000000000000       0x1f Src/syscalls.o
 .debug_macro   0x0000000000000000       0x43 Src/syscalls.o
 .debug_macro   0x0000000000000000       0x20 Src/syscalls.o
 .debug_macro   0x0000000000000000      0x1a3 Src/syscalls.o
 .debug_macro   0x0000000000000000       0x10 Src/syscalls.o
 .debug_macro   0x0000000000000000       0x35 Src/syscalls.o
 .debug_macro   0x0000000000000000       0x10 Src/syscalls.o
 .debug_macro   0x0000000000000000       0x10 Src/syscalls.o
 .debug_macro   0x0000000000000000       0x10 Src/syscalls.o
 .debug_macro   0x0000000000000000       0x6a Src/syscalls.o
 .debug_macro   0x0000000000000000       0x1c Src/syscalls.o
 .debug_macro   0x0000000000000000       0x52 Src/syscalls.o
 .debug_macro   0x0000000000000000       0x40 Src/syscalls.o
 .debug_macro   0x0000000000000000       0x10 Src/syscalls.o
 .debug_macro   0x0000000000000000       0x40 Src/syscalls.o
 .debug_macro   0x0000000000000000       0xd7 Src/syscalls.o
 .debug_macro   0x0000000000000000       0x1c Src/syscalls.o
 .debug_macro   0x0000000000000000       0x3d Src/syscalls.o
 .debug_macro   0x0000000000000000       0x35 Src/syscalls.o
 .debug_macro   0x0000000000000000      0x122 Src/syscalls.o
 .debug_macro   0x0000000000000000       0x16 Src/syscalls.o
 .debug_macro   0x0000000000000000       0x16 Src/syscalls.o
 .debug_macro   0x0000000000000000       0x29 Src/syscalls.o
 .debug_macro   0x0000000000000000       0x10 Src/syscalls.o
 .debug_macro   0x0000000000000000      0x241 Src/syscalls.o
 .debug_macro   0x0000000000000000       0x1c Src/syscalls.o
 .debug_macro   0x0000000000000000       0x10 Src/syscalls.o
 .debug_macro   0x0000000000000000       0x10 Src/syscalls.o
 .debug_macro   0x0000000000000000       0x16 Src/syscalls.o
 .debug_macro   0x0000000000000000      0x145 Src/syscalls.o
 .debug_macro   0x0000000000000000      0x189 Src/syscalls.o
 .debug_macro   0x0000000000000000       0x16 Src/syscalls.o
 .debug_macro   0x0000000000000000       0x88 Src/syscalls.o
 .debug_line    0x0000000000000000      0x766 Src/syscalls.o
 .debug_str     0x0000000000000000     0x8884 Src/syscalls.o
 .comment       0x0000000000000000       0x7c Src/syscalls.o
 .debug_frame   0x0000000000000000      0x2ac Src/syscalls.o
 .ARM.attributes
                0x0000000000000000       0x39 Src/syscalls.o
 .group         0x0000000000000000        0xc Src/sysmem.o
 .group         0x0000000000000000        0xc Src/sysmem.o
 .group         0x0000000000000000        0xc Src/sysmem.o
 .group         0x0000000000000000        0xc Src/sysmem.o
 .group         0x0000000000000000        0xc Src/sysmem.o
 .group         0x0000000000000000        0xc Src/sysmem.o
 .group         0x0000000000000000        0xc Src/sysmem.o
 .group         0x0000000000000000        0xc Src/sysmem.o
 .group         0x0000000000000000        0xc Src/sysmem.o
 .group         0x0000000000000000        0xc Src/sysmem.o
 .group         0x0000000000000000        0xc Src/sysmem.o
 .group         0x0000000000000000        0xc Src/sysmem.o
 .group         0x0000000000000000        0xc Src/sysmem.o
 .group         0x0000000000000000        0xc Src/sysmem.o
 .group         0x0000000000000000        0xc Src/sysmem.o
 .group         0x0000000000000000        0xc Src/sysmem.o
 .group         0x0000000000000000        0xc Src/sysmem.o
 .group         0x0000000000000000        0xc Src/sysmem.o
 .group         0x0000000000000000        0xc Src/sysmem.o
 .text          0x0000000000000000        0x0 Src/sysmem.o
 .data          0x0000000000000000        0x0 Src/sysmem.o
 .bss           0x0000000000000000        0x0 Src/sysmem.o
 .bss.__sbrk_heap_end
                0x0000000000000000        0x4 Src/sysmem.o
 .text._sbrk    0x0000000000000000       0x6c Src/sysmem.o
 .debug_info    0x0000000000000000      0x985 Src/sysmem.o
 .debug_abbrev  0x0000000000000000      0x19b Src/sysmem.o
 .debug_aranges
                0x0000000000000000       0x20 Src/sysmem.o
 .debug_ranges  0x0000000000000000       0x10 Src/sysmem.o
 .debug_macro   0x0000000000000000       0xee Src/sysmem.o
 .debug_macro   0x0000000000000000      0xa60 Src/sysmem.o
 .debug_macro   0x0000000000000000       0x10 Src/sysmem.o
 .debug_macro   0x0000000000000000       0x22 Src/sysmem.o
 .debug_macro   0x0000000000000000       0x40 Src/sysmem.o
 .debug_macro   0x0000000000000000       0x18 Src/sysmem.o
 .debug_macro   0x0000000000000000       0x94 Src/sysmem.o
 .debug_macro   0x0000000000000000       0x3c Src/sysmem.o
 .debug_macro   0x0000000000000000       0x34 Src/sysmem.o
 .debug_macro   0x0000000000000000      0x174 Src/sysmem.o
 .debug_macro   0x0000000000000000       0x57 Src/sysmem.o
 .debug_macro   0x0000000000000000       0x52 Src/sysmem.o
 .debug_macro   0x0000000000000000       0x1f Src/sysmem.o
 .debug_macro   0x0000000000000000       0x43 Src/sysmem.o
 .debug_macro   0x0000000000000000       0x20 Src/sysmem.o
 .debug_macro   0x0000000000000000      0x1a3 Src/sysmem.o
 .debug_macro   0x0000000000000000      0x23b Src/sysmem.o
 .debug_macro   0x0000000000000000       0xef Src/sysmem.o
 .debug_macro   0x0000000000000000       0x6a Src/sysmem.o
 .debug_macro   0x0000000000000000      0x1df Src/sysmem.o
 .debug_line    0x0000000000000000      0x4ef Src/sysmem.o
 .debug_str     0x0000000000000000     0x5f52 Src/sysmem.o
 .comment       0x0000000000000000       0x7c Src/sysmem.o
 .debug_frame   0x0000000000000000       0x34 Src/sysmem.o
 .ARM.attributes
                0x0000000000000000       0x39 Src/sysmem.o
 .group         0x0000000000000000        0xc Src/middleware/stm32f407_flash_middleware.o
 .group         0x0000000000000000        0xc Src/middleware/stm32f407_flash_middleware.o
 .group         0x0000000000000000        0xc Src/middleware/stm32f407_flash_middleware.o
 .group         0x0000000000000000        0xc Src/middleware/stm32f407_flash_middleware.o
 .group         0x0000000000000000        0xc Src/middleware/stm32f407_flash_middleware.o
 .group         0x0000000000000000        0xc Src/middleware/stm32f407_flash_middleware.o
 .group         0x0000000000000000        0xc Src/middleware/stm32f407_flash_middleware.o
 .group         0x0000000000000000        0xc Src/middleware/stm32f407_flash_middleware.o
 .group         0x0000000000000000        0xc Src/middleware/stm32f407_flash_middleware.o
 .text          0x0000000000000000        0x0 Src/middleware/stm32f407_flash_middleware.o
 .data          0x0000000000000000        0x0 Src/middleware/stm32f407_flash_middleware.o
 .bss           0x0000000000000000        0x0 Src/middleware/stm32f407_flash_middleware.o
 .debug_macro   0x0000000000000000      0xa60 Src/middleware/stm32f407_flash_middleware.o
 .debug_macro   0x0000000000000000       0x22 Src/middleware/stm32f407_flash_middleware.o
 .debug_macro   0x0000000000000000       0x8e Src/middleware/stm32f407_flash_middleware.o
 .debug_macro   0x0000000000000000       0x51 Src/middleware/stm32f407_flash_middleware.o
 .debug_macro   0x0000000000000000       0xef Src/middleware/stm32f407_flash_middleware.o
 .debug_macro   0x0000000000000000       0x6a Src/middleware/stm32f407_flash_middleware.o
 .debug_macro   0x0000000000000000      0x1df Src/middleware/stm32f407_flash_middleware.o
 .debug_macro   0x0000000000000000      0x323 Src/middleware/stm32f407_flash_middleware.o
 .debug_macro   0x0000000000000000      0x1c6 Src/middleware/stm32f407_flash_middleware.o
 .text          0x0000000000000000       0x14 Startup/startup_stm32f407vgtx.o
 .data          0x0000000000000000        0x0 Startup/startup_stm32f407vgtx.o
 .bss           0x0000000000000000        0x0 Startup/startup_stm32f407vgtx.o
 .text          0x0000000000000000        0x0 d:/programs/st/stm32cubeide_1.4.0/stm32cubeide/plugins/com.st.stm32cube.ide.mcu.externaltools.gnu-tools-for-stm32.7-2018-q2-update.win32_1.4.0.202007081208/tools/bin/../lib/gcc/arm-none-eabi/7.3.1/../../../../arm-none-eabi/lib/thumb/v7e-m/fpv4-sp/hard\libc_nano.a(lib_a-errno.o)
 .data          0x0000000000000000        0x0 d:/programs/st/stm32cubeide_1.4.0/stm32cubeide/plugins/com.st.stm32cube.ide.mcu.externaltools.gnu-tools-for-stm32.7-2018-q2-update.win32_1.4.0.202007081208/tools/bin/../lib/gcc/arm-none-eabi/7.3.1/../../../../arm-none-eabi/lib/thumb/v7e-m/fpv4-sp/hard\libc_nano.a(lib_a-errno.o)
 .bss           0x0000000000000000        0x0 d:/programs/st/stm32cubeide_1.4.0/stm32cubeide/plugins/com.st.stm32cube.ide.mcu.externaltools.gnu-tools-for-stm32.7-2018-q2-update.win32_1.4.0.202007081208/tools/bin/../lib/gcc/arm-none-eabi/7.3.1/../../../../arm-none-eabi/lib/thumb/v7e-m/fpv4-sp/hard\libc_nano.a(lib_a-errno.o)
 .text.__errno  0x0000000000000000        0xc d:/programs/st/stm32cubeide_1.4.0/stm32cubeide/plugins/com.st.stm32cube.ide.mcu.externaltools.gnu-tools-for-stm32.7-2018-q2-update.win32_1.4.0.202007081208/tools/bin/../lib/gcc/arm-none-eabi/7.3.1/../../../../arm-none-eabi/lib/thumb/v7e-m/fpv4-sp/hard\libc_nano.a(lib_a-errno.o)
 .debug_frame   0x0000000000000000       0x20 d:/programs/st/stm32cubeide_1.4.0/stm32cubeide/plugins/com.st.stm32cube.ide.mcu.externaltools.gnu-tools-for-stm32.7-2018-q2-update.win32_1.4.0.202007081208/tools/bin/../lib/gcc/arm-none-eabi/7.3.1/../../../../arm-none-eabi/lib/thumb/v7e-m/fpv4-sp/hard\libc_nano.a(lib_a-errno.o)
 .ARM.attributes
                0x0000000000000000       0x34 d:/programs/st/stm32cubeide_1.4.0/stm32cubeide/plugins/com.st.stm32cube.ide.mcu.externaltools.gnu-tools-for-stm32.7-2018-q2-update.win32_1.4.0.202007081208/tools/bin/../lib/gcc/arm-none-eabi/7.3.1/../../../../arm-none-eabi/lib/thumb/v7e-m/fpv4-sp/hard\libc_nano.a(lib_a-errno.o)
 .text          0x0000000000000000        0x0 d:/programs/st/stm32cubeide_1.4.0/stm32cubeide/plugins/com.st.stm32cube.ide.mcu.externaltools.gnu-tools-for-stm32.7-2018-q2-update.win32_1.4.0.202007081208/tools/bin/../lib/gcc/arm-none-eabi/7.3.1/../../../../arm-none-eabi/lib/thumb/v7e-m/fpv4-sp/hard\libc_nano.a(lib_a-exit.o)
 .data          0x0000000000000000        0x0 d:/programs/st/stm32cubeide_1.4.0/stm32cubeide/plugins/com.st.stm32cube.ide.mcu.externaltools.gnu-tools-for-stm32.7-2018-q2-update.win32_1.4.0.202007081208/tools/bin/../lib/gcc/arm-none-eabi/7.3.1/../../../../arm-none-eabi/lib/thumb/v7e-m/fpv4-sp/hard\libc_nano.a(lib_a-exit.o)
 .bss           0x0000000000000000        0x0 d:/programs/st/stm32cubeide_1.4.0/stm32cubeide/plugins/com.st.stm32cube.ide.mcu.externaltools.gnu-tools-for-stm32.7-2018-q2-update.win32_1.4.0.202007081208/tools/bin/../lib/gcc/arm-none-eabi/7.3.1/../../../../arm-none-eabi/lib/thumb/v7e-m/fpv4-sp/hard\libc_nano.a(lib_a-exit.o)
 .text.exit     0x0000000000000000       0x28 d:/programs/st/stm32cubeide_1.4.0/stm32cubeide/plugins/com.st.stm32cube.ide.mcu.externaltools.gnu-tools-for-stm32.7-2018-q2-update.win32_1.4.0.202007081208/tools/bin/../lib/gcc/arm-none-eabi/7.3.1/../../../../arm-none-eabi/lib/thumb/v7e-m/fpv4-sp/hard\libc_nano.a(lib_a-exit.o)
 .debug_frame   0x0000000000000000       0x28 d:/programs/st/stm32cubeide_1.4.0/stm32cubeide/plugins/com.st.stm32cube.ide.mcu.externaltools.gnu-tools-for-stm32.7-2018-q2-update.win32_1.4.0.202007081208/tools/bin/../lib/gcc/arm-none-eabi/7.3.1/../../../../arm-none-eabi/lib/thumb/v7e-m/fpv4-sp/hard\libc_nano.a(lib_a-exit.o)
 .ARM.attributes
                0x0000000000000000       0x34 d:/programs/st/stm32cubeide_1.4.0/stm32cubeide/plugins/com.st.stm32cube.ide.mcu.externaltools.gnu-tools-for-stm32.7-2018-q2-update.win32_1.4.0.202007081208/tools/bin/../lib/gcc/arm-none-eabi/7.3.1/../../../../arm-none-eabi/lib/thumb/v7e-m/fpv4-sp/hard\libc_nano.a(lib_a-exit.o)
 .text          0x0000000000000000        0x0 d:/programs/st/stm32cubeide_1.4.0/stm32cubeide/plugins/com.st.stm32cube.ide.mcu.externaltools.gnu-tools-for-stm32.7-2018-q2-update.win32_1.4.0.202007081208/tools/bin/../lib/gcc/arm-none-eabi/7.3.1/../../../../arm-none-eabi/lib/thumb/v7e-m/fpv4-sp/hard\libc_nano.a(lib_a-impure.o)
 .data          0x0000000000000000        0x0 d:/programs/st/stm32cubeide_1.4.0/stm32cubeide/plugins/com.st.stm32cube.ide.mcu.externaltools.gnu-tools-for-stm32.7-2018-q2-update.win32_1.4.0.202007081208/tools/bin/../lib/gcc/arm-none-eabi/7.3.1/../../../../arm-none-eabi/lib/thumb/v7e-m/fpv4-sp/hard\libc_nano.a(lib_a-impure.o)
 .bss           0x0000000000000000        0x0 d:/programs/st/stm32cubeide_1.4.0/stm32cubeide/plugins/com.st.stm32cube.ide.mcu.externaltools.gnu-tools-for-stm32.7-2018-q2-update.win32_1.4.0.202007081208/tools/bin/../lib/gcc/arm-none-eabi/7.3.1/../../../../arm-none-eabi/lib/thumb/v7e-m/fpv4-sp/hard\libc_nano.a(lib_a-impure.o)
 .data._impure_ptr
                0x0000000000000000        0x4 d:/programs/st/stm32cubeide_1.4.0/stm32cubeide/plugins/com.st.stm32cube.ide.mcu.externaltools.gnu-tools-for-stm32.7-2018-q2-update.win32_1.4.0.202007081208/tools/bin/../lib/gcc/arm-none-eabi/7.3.1/../../../../arm-none-eabi/lib/thumb/v7e-m/fpv4-sp/hard\libc_nano.a(lib_a-impure.o)
 .data.impure_data
                0x0000000000000000       0x60 d:/programs/st/stm32cubeide_1.4.0/stm32cubeide/plugins/com.st.stm32cube.ide.mcu.externaltools.gnu-tools-for-stm32.7-2018-q2-update.win32_1.4.0.202007081208/tools/bin/../lib/gcc/arm-none-eabi/7.3.1/../../../../arm-none-eabi/lib/thumb/v7e-m/fpv4-sp/hard\libc_nano.a(lib_a-impure.o)
 .rodata._global_impure_ptr
                0x0000000000000000        0x4 d:/programs/st/stm32cubeide_1.4.0/stm32cubeide/plugins/com.st.stm32cube.ide.mcu.externaltools.gnu-tools-for-stm32.7-2018-q2-update.win32_1.4.0.202007081208/tools/bin/../lib/gcc/arm-none-eabi/7.3.1/../../../../arm-none-eabi/lib/thumb/v7e-m/fpv4-sp/hard\libc_nano.a(lib_a-impure.o)
 .ARM.attributes
                0x0000000000000000       0x34 d:/programs/st/stm32cubeide_1.4.0/stm32cubeide/plugins/com.st.stm32cube.ide.mcu.externaltools.gnu-tools-for-stm32.7-2018-q2-update.win32_1.4.0.202007081208/tools/bin/../lib/gcc/arm-none-eabi/7.3.1/../../../../arm-none-eabi/lib/thumb/v7e-m/fpv4-sp/hard\libc_nano.a(lib_a-impure.o)
 .text          0x0000000000000000        0x0 d:/programs/st/stm32cubeide_1.4.0/stm32cubeide/plugins/com.st.stm32cube.ide.mcu.externaltools.gnu-tools-for-stm32.7-2018-q2-update.win32_1.4.0.202007081208/tools/bin/../lib/gcc/arm-none-eabi/7.3.1/../../../../arm-none-eabi/lib/thumb/v7e-m/fpv4-sp/hard\libc_nano.a(lib_a-init.o)
 .data          0x0000000000000000        0x0 d:/programs/st/stm32cubeide_1.4.0/stm32cubeide/plugins/com.st.stm32cube.ide.mcu.externaltools.gnu-tools-for-stm32.7-2018-q2-update.win32_1.4.0.202007081208/tools/bin/../lib/gcc/arm-none-eabi/7.3.1/../../../../arm-none-eabi/lib/thumb/v7e-m/fpv4-sp/hard\libc_nano.a(lib_a-init.o)
 .bss           0x0000000000000000        0x0 d:/programs/st/stm32cubeide_1.4.0/stm32cubeide/plugins/com.st.stm32cube.ide.mcu.externaltools.gnu-tools-for-stm32.7-2018-q2-update.win32_1.4.0.202007081208/tools/bin/../lib/gcc/arm-none-eabi/7.3.1/../../../../arm-none-eabi/lib/thumb/v7e-m/fpv4-sp/hard\libc_nano.a(lib_a-init.o)
 .text          0x0000000000000000        0x0 d:/programs/st/stm32cubeide_1.4.0/stm32cubeide/plugins/com.st.stm32cube.ide.mcu.externaltools.gnu-tools-for-stm32.7-2018-q2-update.win32_1.4.0.202007081208/tools/bin/../lib/gcc/arm-none-eabi/7.3.1/../../../../arm-none-eabi/lib/thumb/v7e-m/fpv4-sp/hard\libc_nano.a(lib_a-memset.o)
 .data          0x0000000000000000        0x0 d:/programs/st/stm32cubeide_1.4.0/stm32cubeide/plugins/com.st.stm32cube.ide.mcu.externaltools.gnu-tools-for-stm32.7-2018-q2-update.win32_1.4.0.202007081208/tools/bin/../lib/gcc/arm-none-eabi/7.3.1/../../../../arm-none-eabi/lib/thumb/v7e-m/fpv4-sp/hard\libc_nano.a(lib_a-memset.o)
 .bss           0x0000000000000000        0x0 d:/programs/st/stm32cubeide_1.4.0/stm32cubeide/plugins/com.st.stm32cube.ide.mcu.externaltools.gnu-tools-for-stm32.7-2018-q2-update.win32_1.4.0.202007081208/tools/bin/../lib/gcc/arm-none-eabi/7.3.1/../../../../arm-none-eabi/lib/thumb/v7e-m/fpv4-sp/hard\libc_nano.a(lib_a-memset.o)
 .text.memset   0x0000000000000000       0x10 d:/programs/st/stm32cubeide_1.4.0/stm32cubeide/plugins/com.st.stm32cube.ide.mcu.externaltools.gnu-tools-for-stm32.7-2018-q2-update.win32_1.4.0.202007081208/tools/bin/../lib/gcc/arm-none-eabi/7.3.1/../../../../arm-none-eabi/lib/thumb/v7e-m/fpv4-sp/hard\libc_nano.a(lib_a-memset.o)
 .debug_frame   0x0000000000000000       0x20 d:/programs/st/stm32cubeide_1.4.0/stm32cubeide/plugins/com.st.stm32cube.ide.mcu.externaltools.gnu-tools-for-stm32.7-2018-q2-update.win32_1.4.0.202007081208/tools/bin/../lib/gcc/arm-none-eabi/7.3.1/../../../../arm-none-eabi/lib/thumb/v7e-m/fpv4-sp/hard\libc_nano.a(lib_a-memset.o)
 .ARM.attributes
                0x0000000000000000       0x34 d:/programs/st/stm32cubeide_1.4.0/stm32cubeide/plugins/com.st.stm32cube.ide.mcu.externaltools.gnu-tools-for-stm32.7-2018-q2-update.win32_1.4.0.202007081208/tools/bin/../lib/gcc/arm-none-eabi/7.3.1/../../../../arm-none-eabi/lib/thumb/v7e-m/fpv4-sp/hard\libc_nano.a(lib_a-memset.o)
 .text          0x0000000000000000        0x0 d:/programs/st/stm32cubeide_1.4.0/stm32cubeide/plugins/com.st.stm32cube.ide.mcu.externaltools.gnu-tools-for-stm32.7-2018-q2-update.win32_1.4.0.202007081208/tools/bin/../lib/gcc/arm-none-eabi/7.3.1/thumb/v7e-m/fpv4-sp/hard/crtend.o
 .data          0x0000000000000000        0x0 d:/programs/st/stm32cubeide_1.4.0/stm32cubeide/plugins/com.st.stm32cube.ide.mcu.externaltools.gnu-tools-for-stm32.7-2018-q2-update.win32_1.4.0.202007081208/tools/bin/../lib/gcc/arm-none-eabi/7.3.1/thumb/v7e-m/fpv4-sp/hard/crtend.o
 .bss           0x0000000000000000        0x0 d:/programs/st/stm32cubeide_1.4.0/stm32cubeide/plugins/com.st.stm32cube.ide.mcu.externaltools.gnu-tools-for-stm32.7-2018-q2-update.win32_1.4.0.202007081208/tools/bin/../lib/gcc/arm-none-eabi/7.3.1/thumb/v7e-m/fpv4-sp/hard/crtend.o
 .eh_frame      0x0000000000000000        0x4 d:/programs/st/stm32cubeide_1.4.0/stm32cubeide/plugins/com.st.stm32cube.ide.mcu.externaltools.gnu-tools-for-stm32.7-2018-q2-update.win32_1.4.0.202007081208/tools/bin/../lib/gcc/arm-none-eabi/7.3.1/thumb/v7e-m/fpv4-sp/hard/crtend.o
 .ARM.attributes
                0x0000000000000000       0x34 d:/programs/st/stm32cubeide_1.4.0/stm32cubeide/plugins/com.st.stm32cube.ide.mcu.externaltools.gnu-tools-for-stm32.7-2018-q2-update.win32_1.4.0.202007081208/tools/bin/../lib/gcc/arm-none-eabi/7.3.1/thumb/v7e-m/fpv4-sp/hard/crtend.o
 .text          0x0000000000000000        0x0 d:/programs/st/stm32cubeide_1.4.0/stm32cubeide/plugins/com.st.stm32cube.ide.mcu.externaltools.gnu-tools-for-stm32.7-2018-q2-update.win32_1.4.0.202007081208/tools/bin/../lib/gcc/arm-none-eabi/7.3.1/thumb/v7e-m/fpv4-sp/hard/crtn.o
 .data          0x0000000000000000        0x0 d:/programs/st/stm32cubeide_1.4.0/stm32cubeide/plugins/com.st.stm32cube.ide.mcu.externaltools.gnu-tools-for-stm32.7-2018-q2-update.win32_1.4.0.202007081208/tools/bin/../lib/gcc/arm-none-eabi/7.3.1/thumb/v7e-m/fpv4-sp/hard/crtn.o
 .bss           0x0000000000000000        0x0 d:/programs/st/stm32cubeide_1.4.0/stm32cubeide/plugins/com.st.stm32cube.ide.mcu.externaltools.gnu-tools-for-stm32.7-2018-q2-update.win32_1.4.0.202007081208/tools/bin/../lib/gcc/arm-none-eabi/7.3.1/thumb/v7e-m/fpv4-sp/hard/crtn.o

Memory Configuration

Name             Origin             Length             Attributes
RAM              0x0000000020000000 0x0000000000020000 xrw
ROM              0x0000000008000000 0x0000000000100000 xr
*default*        0x0000000000000000 0xffffffffffffffff

Linker script and memory map

LOAD d:/programs/st/stm32cubeide_1.4.0/stm32cubeide/plugins/com.st.stm32cube.ide.mcu.externaltools.gnu-tools-for-stm32.7-2018-q2-update.win32_1.4.0.202007081208/tools/bin/../lib/gcc/arm-none-eabi/7.3.1/thumb/v7e-m/fpv4-sp/hard/crti.o
LOAD d:/programs/st/stm32cubeide_1.4.0/stm32cubeide/plugins/com.st.stm32cube.ide.mcu.externaltools.gnu-tools-for-stm32.7-2018-q2-update.win32_1.4.0.202007081208/tools/bin/../lib/gcc/arm-none-eabi/7.3.1/thumb/v7e-m/fpv4-sp/hard/crtbegin.o
LOAD d:/programs/st/stm32cubeide_1.4.0/stm32cubeide/plugins/com.st.stm32cube.ide.mcu.externaltools.gnu-tools-for-stm32.7-2018-q2-update.win32_1.4.0.202007081208/tools/bin/../lib/gcc/arm-none-eabi/7.3.1/../../../../arm-none-eabi/lib/thumb/v7e-m/fpv4-sp/hard/crt0.o
LOAD Src/app/stm32f407_flash_app.o
LOAD Src/driver/stm32f407_flash_driver.o
LOAD Src/driver/stm32f407_gpio_driver.o
LOAD Src/driver/stm32f407_usart_driver.o
LOAD Src/main.o
LOAD Src/syscalls.o
LOAD Src/sysmem.o
LOAD Src/middleware/stm32f407_flash_middleware.o
LOAD Startup/startup_stm32f407vgtx.o
START GROUP
LOAD d:/programs/st/stm32cubeide_1.4.0/stm32cubeide/plugins/com.st.stm32cube.ide.mcu.externaltools.gnu-tools-for-stm32.7-2018-q2-update.win32_1.4.0.202007081208/tools/bin/../lib/gcc/arm-none-eabi/7.3.1/../../../../arm-none-eabi/lib/thumb/v7e-m/fpv4-sp/hard\libc_nano.a
LOAD d:/programs/st/stm32cubeide_1.4.0/stm32cubeide/plugins/com.st.stm32cube.ide.mcu.externaltools.gnu-tools-for-stm32.7-2018-q2-update.win32_1.4.0.202007081208/tools/bin/../lib/gcc/arm-none-eabi/7.3.1/../../../../arm-none-eabi/lib/thumb/v7e-m/fpv4-sp/hard\libm.a
END GROUP
START GROUP
LOAD d:/programs/st/stm32cubeide_1.4.0/stm32cubeide/plugins/com.st.stm32cube.ide.mcu.externaltools.gnu-tools-for-stm32.7-2018-q2-update.win32_1.4.0.202007081208/tools/bin/../lib/gcc/arm-none-eabi/7.3.1/thumb/v7e-m/fpv4-sp/hard\libgcc.a
LOAD d:/programs/st/stm32cubeide_1.4.0/stm32cubeide/plugins/com.st.stm32cube.ide.mcu.externaltools.gnu-tools-for-stm32.7-2018-q2-update.win32_1.4.0.202007081208/tools/bin/../lib/gcc/arm-none-eabi/7.3.1/../../../../arm-none-eabi/lib/thumb/v7e-m/fpv4-sp/hard\libc_nano.a
END GROUP
START GROUP
LOAD d:/programs/st/stm32cubeide_1.4.0/stm32cubeide/plugins/com.st.stm32cube.ide.mcu.externaltools.gnu-tools-for-stm32.7-2018-q2-update.win32_1.4.0.202007081208/tools/bin/../lib/gcc/arm-none-eabi/7.3.1/thumb/v7e-m/fpv4-sp/hard\libgcc.a
LOAD d:/programs/st/stm32cubeide_1.4.0/stm32cubeide/plugins/com.st.stm32cube.ide.mcu.externaltools.gnu-tools-for-stm32.7-2018-q2-update.win32_1.4.0.202007081208/tools/bin/../lib/gcc/arm-none-eabi/7.3.1/../../../../arm-none-eabi/lib/thumb/v7e-m/fpv4-sp/hard\libc_nano.a
LOAD d:/programs/st/stm32cubeide_1.4.0/stm32cubeide/plugins/com.st.stm32cube.ide.mcu.externaltools.gnu-tools-for-stm32.7-2018-q2-update.win32_1.4.0.202007081208/tools/bin/../lib/gcc/arm-none-eabi/7.3.1/../../../../arm-none-eabi/lib/thumb/v7e-m/fpv4-sp/hard\libnosys.a
END GROUP
START GROUP
LOAD d:/programs/st/stm32cubeide_1.4.0/stm32cubeide/plugins/com.st.stm32cube.ide.mcu.externaltools.gnu-tools-for-stm32.7-2018-q2-update.win32_1.4.0.202007081208/tools/bin/../lib/gcc/arm-none-eabi/7.3.1/thumb/v7e-m/fpv4-sp/hard\libgcc.a
LOAD d:/programs/st/stm32cubeide_1.4.0/stm32cubeide/plugins/com.st.stm32cube.ide.mcu.externaltools.gnu-tools-for-stm32.7-2018-q2-update.win32_1.4.0.202007081208/tools/bin/../lib/gcc/arm-none-eabi/7.3.1/../../../../arm-none-eabi/lib/thumb/v7e-m/fpv4-sp/hard\libc_nano.a
LOAD d:/programs/st/stm32cubeide_1.4.0/stm32cubeide/plugins/com.st.stm32cube.ide.mcu.externaltools.gnu-tools-for-stm32.7-2018-q2-update.win32_1.4.0.202007081208/tools/bin/../lib/gcc/arm-none-eabi/7.3.1/../../../../arm-none-eabi/lib/thumb/v7e-m/fpv4-sp/hard\libnosys.a
END GROUP
LOAD d:/programs/st/stm32cubeide_1.4.0/stm32cubeide/plugins/com.st.stm32cube.ide.mcu.externaltools.gnu-tools-for-stm32.7-2018-q2-update.win32_1.4.0.202007081208/tools/bin/../lib/gcc/arm-none-eabi/7.3.1/thumb/v7e-m/fpv4-sp/hard/crtend.o
LOAD d:/programs/st/stm32cubeide_1.4.0/stm32cubeide/plugins/com.st.stm32cube.ide.mcu.externaltools.gnu-tools-for-stm32.7-2018-q2-update.win32_1.4.0.202007081208/tools/bin/../lib/gcc/arm-none-eabi/7.3.1/thumb/v7e-m/fpv4-sp/hard/crtn.o
                0x0000000020020000                _estack = (ORIGIN (RAM) + LENGTH (RAM))
                0x0000000000000200                _Min_Heap_Size = 0x200
                0x0000000000000400                _Min_Stack_Size = 0x400

.isr_vector     0x0000000008000000      0x1a8
                0x0000000008000000                . = ALIGN (0x4)
 *(.isr_vector)
 .isr_vector    0x0000000008000000      0x1a8 Startup/startup_stm32f407vgtx.o
                0x0000000008000000                g_pfnVectors
                0x00000000080001a8                . = ALIGN (0x4)

.text           0x00000000080001a8      0x868
                0x00000000080001a8                . = ALIGN (0x4)
 *(.text)
 .text          0x00000000080001a8       0x40 d:/programs/st/stm32cubeide_1.4.0/stm32cubeide/plugins/com.st.stm32cube.ide.mcu.externaltools.gnu-tools-for-stm32.7-2018-q2-update.win32_1.4.0.202007081208/tools/bin/../lib/gcc/arm-none-eabi/7.3.1/thumb/v7e-m/fpv4-sp/hard/crtbegin.o
 *(.text*)
 .text.Fls_Read
                0x00000000080001e8       0x34 Src/app/stm32f407_flash_app.o
                0x00000000080001e8                Fls_Read
 .text.Fls_Write
                0x000000000800021c       0x38 Src/app/stm32f407_flash_app.o
                0x000000000800021c                Fls_Write
 .text.Fls_Erase
                0x0000000008000254       0x34 Src/app/stm32f407_flash_app.o
                0x0000000008000254                Fls_Erase
 .text.Flash_Read_Driver
                0x0000000008000288       0x4a Src/driver/stm32f407_flash_driver.o
                0x0000000008000288                Flash_Read_Driver
 *fill*         0x00000000080002d2        0x2 
 .text.FLASH_Write_Word
                0x00000000080002d4       0xa8 Src/driver/stm32f407_flash_driver.o
                0x00000000080002d4                FLASH_Write_Word
 .text.Flash_ASync_Erase
                0x000000000800037c       0x1a Src/driver/stm32f407_flash_driver.o
                0x000000000800037c                Flash_ASync_Erase
 *fill*         0x0000000008000396        0x2 
 .text.Flash_Sync_Erase
                0x0000000008000398       0xc0 Src/driver/stm32f407_flash_driver.o
                0x0000000008000398                Flash_Sync_Erase
 .text.Linh_FLASH_Unlock
                0x0000000008000458       0x34 Src/driver/stm32f407_flash_driver.o
                0x0000000008000458                Linh_FLASH_Unlock
 .text.GPIO_PeriClockControl
                0x000000000800048c      0x1d4 Src/driver/stm32f407_gpio_driver.o
                0x000000000800048c                GPIO_PeriClockControl
 .text.GPIO_Init
                0x0000000008000660      0x15a Src/driver/stm32f407_gpio_driver.o
                0x0000000008000660                GPIO_Init
 .text.GPIO_TogglePin
                0x00000000080007ba       0x2a Src/driver/stm32f407_gpio_driver.o
                0x00000000080007ba                GPIO_TogglePin
 .text.main     0x00000000080007e4       0x68 Src/main.o
                0x00000000080007e4                main
 .text.Systick_Delay_ms
                0x000000000800084c       0x48 Src/main.o
                0x000000000800084c                Systick_Delay_ms
 .text.GPIO_Lib_Config
                0x0000000008000894       0x34 Src/main.o
                0x0000000008000894                GPIO_Lib_Config
 .text.Fls_IPW_Read
                0x00000000080008c8       0x28 Src/middleware/stm32f407_flash_middleware.o
                0x00000000080008c8                Fls_IPW_Read
 .text.Fls_IPW_SectorWrite
                0x00000000080008f0       0x26 Src/middleware/stm32f407_flash_middleware.o
                0x00000000080008f0                Fls_IPW_SectorWrite
 .text.Fls_IPW_SectorErase
                0x0000000008000916       0x46 Src/middleware/stm32f407_flash_middleware.o
                0x0000000008000916                Fls_IPW_SectorErase
 .text.Reset_Handler
                0x000000000800095c       0x50 Startup/startup_stm32f407vgtx.o
                0x000000000800095c                Reset_Handler
 .text.Default_Handler
                0x00000000080009ac        0x2 Startup/startup_stm32f407vgtx.o
                0x00000000080009ac                RTC_Alarm_IRQHandler
                0x00000000080009ac                HASH_RNG_IRQHandler
                0x00000000080009ac                EXTI2_IRQHandler
                0x00000000080009ac                TIM8_CC_IRQHandler
                0x00000000080009ac                DebugMon_Handler
                0x00000000080009ac                TIM1_CC_IRQHandler
                0x00000000080009ac                DMA2_Stream5_IRQHandler
                0x00000000080009ac                HardFault_Handler
                0x00000000080009ac                DMA1_Stream5_IRQHandler
                0x00000000080009ac                SysTick_Handler
                0x00000000080009ac                PVD_IRQHandler
                0x00000000080009ac                SDIO_IRQHandler
                0x00000000080009ac                TAMP_STAMP_IRQHandler
                0x00000000080009ac                PendSV_Handler
                0x00000000080009ac                NMI_Handler
                0x00000000080009ac                CAN2_RX1_IRQHandler
                0x00000000080009ac                EXTI3_IRQHandler
                0x00000000080009ac                TIM8_TRG_COM_TIM14_IRQHandler
                0x00000000080009ac                TIM1_UP_TIM10_IRQHandler
                0x00000000080009ac                TIM8_UP_TIM13_IRQHandler
                0x00000000080009ac                I2C3_ER_IRQHandler
                0x00000000080009ac                LCD_TFT_IRQHandler
                0x00000000080009ac                EXTI0_IRQHandler
                0x00000000080009ac                I2C2_EV_IRQHandler
                0x00000000080009ac                DMA1_Stream2_IRQHandler
                0x00000000080009ac                CAN1_RX0_IRQHandler
                0x00000000080009ac                FPU_IRQHandler
                0x00000000080009ac                OTG_HS_WKUP_IRQHandler
                0x00000000080009ac                UsageFault_Handler
                0x00000000080009ac                CAN2_SCE_IRQHandler
                0x00000000080009ac                DMA2_Stream2_IRQHandler
                0x00000000080009ac                SPI1_IRQHandler
                0x00000000080009ac                TIM6_DAC_IRQHandler
                0x00000000080009ac                TIM1_BRK_TIM9_IRQHandler
                0x00000000080009ac                DCMI_IRQHandler
                0x00000000080009ac                CAN2_RX0_IRQHandler
                0x00000000080009ac                DMA2_Stream3_IRQHandler
                0x00000000080009ac                USART6_IRQHandler
                0x00000000080009ac                USART3_IRQHandler
                0x00000000080009ac                CRYP_IRQHandler
                0x00000000080009ac                CAN1_RX1_IRQHandler
                0x00000000080009ac                UART5_IRQHandler
                0x00000000080009ac                DMA2_Stream0_IRQHandler
                0x00000000080009ac                TIM4_IRQHandler
                0x00000000080009ac                I2C1_EV_IRQHandler
                0x00000000080009ac                DMA1_Stream6_IRQHandler
                0x00000000080009ac                DMA1_Stream1_IRQHandler
                0x00000000080009ac                UART4_IRQHandler
                0x00000000080009ac                LCD_TFT_1_IRQHandler
                0x00000000080009ac                TIM3_IRQHandler
                0x00000000080009ac                RCC_IRQHandler
                0x00000000080009ac                TIM8_BRK_TIM12_IRQHandler
                0x00000000080009ac                Default_Handler
                0x00000000080009ac                EXTI15_10_IRQHandler
                0x00000000080009ac                ADC_IRQHandler
                0x00000000080009ac                DMA1_Stream7_IRQHandler
                0x00000000080009ac                TIM7_IRQHandler
                0x00000000080009ac                CAN2_TX_IRQHandler
                0x00000000080009ac                TIM5_IRQHandler
                0x00000000080009ac                DMA2_Stream7_IRQHandler
                0x00000000080009ac                I2C3_EV_IRQHandler
                0x00000000080009ac                EXTI9_5_IRQHandler
                0x00000000080009ac                RTC_WKUP_IRQHandler
                0x00000000080009ac                ETH_WKUP_IRQHandler
                0x00000000080009ac                SPI2_IRQHandler
                0x00000000080009ac                OTG_HS_EP1_IN_IRQHandler
                0x00000000080009ac                MemManage_Handler
                0x00000000080009ac                DMA1_Stream0_IRQHandler
                0x00000000080009ac                CAN1_TX_IRQHandler
                0x00000000080009ac                SVC_Handler
                0x00000000080009ac                EXTI4_IRQHandler
                0x00000000080009ac                FSMC_IRQHandler
                0x00000000080009ac                ETH_IRQHandler
                0x00000000080009ac                OTG_HS_EP1_OUT_IRQHandler
                0x00000000080009ac                WWDG_IRQHandler
                0x00000000080009ac                TIM2_IRQHandler
                0x00000000080009ac                OTG_FS_WKUP_IRQHandler
                0x00000000080009ac                TIM1_TRG_COM_TIM11_IRQHandler
                0x00000000080009ac                OTG_HS_IRQHandler
                0x00000000080009ac                EXTI1_IRQHandler
                0x00000000080009ac                USART2_IRQHandler
                0x00000000080009ac                I2C2_ER_IRQHandler
                0x00000000080009ac                DMA2_Stream1_IRQHandler
                0x00000000080009ac                CAN1_SCE_IRQHandler
                0x00000000080009ac                DMA2_Stream4_IRQHandler
                0x00000000080009ac                BusFault_Handler
                0x00000000080009ac                USART1_IRQHandler
                0x00000000080009ac                OTG_FS_IRQHandler
                0x00000000080009ac                SPI3_IRQHandler
                0x00000000080009ac                DMA1_Stream4_IRQHandler
                0x00000000080009ac                I2C1_ER_IRQHandler
                0x00000000080009ac                DMA2_Stream6_IRQHandler
                0x00000000080009ac                DMA1_Stream3_IRQHandler
 *fill*         0x00000000080009ae        0x2 
 .text.__libc_init_array
                0x00000000080009b0       0x48 d:/programs/st/stm32cubeide_1.4.0/stm32cubeide/plugins/com.st.stm32cube.ide.mcu.externaltools.gnu-tools-for-stm32.7-2018-q2-update.win32_1.4.0.202007081208/tools/bin/../lib/gcc/arm-none-eabi/7.3.1/../../../../arm-none-eabi/lib/thumb/v7e-m/fpv4-sp/hard\libc_nano.a(lib_a-init.o)
                0x00000000080009b0                __libc_init_array
 *(.glue_7)
 .glue_7        0x00000000080009f8        0x0 linker stubs
 *(.glue_7t)
 .glue_7t       0x00000000080009f8        0x0 linker stubs
 *(.eh_frame)
 .eh_frame      0x00000000080009f8        0x0 d:/programs/st/stm32cubeide_1.4.0/stm32cubeide/plugins/com.st.stm32cube.ide.mcu.externaltools.gnu-tools-for-stm32.7-2018-q2-update.win32_1.4.0.202007081208/tools/bin/../lib/gcc/arm-none-eabi/7.3.1/thumb/v7e-m/fpv4-sp/hard/crtbegin.o
 *(.init)
 .init          0x00000000080009f8        0x4 d:/programs/st/stm32cubeide_1.4.0/stm32cubeide/plugins/com.st.stm32cube.ide.mcu.externaltools.gnu-tools-for-stm32.7-2018-q2-update.win32_1.4.0.202007081208/tools/bin/../lib/gcc/arm-none-eabi/7.3.1/thumb/v7e-m/fpv4-sp/hard/crti.o
                0x00000000080009f8                _init
 .init          0x00000000080009fc        0x8 d:/programs/st/stm32cubeide_1.4.0/stm32cubeide/plugins/com.st.stm32cube.ide.mcu.externaltools.gnu-tools-for-stm32.7-2018-q2-update.win32_1.4.0.202007081208/tools/bin/../lib/gcc/arm-none-eabi/7.3.1/thumb/v7e-m/fpv4-sp/hard/crtn.o
 *(.fini)
 .fini          0x0000000008000a04        0x4 d:/programs/st/stm32cubeide_1.4.0/stm32cubeide/plugins/com.st.stm32cube.ide.mcu.externaltools.gnu-tools-for-stm32.7-2018-q2-update.win32_1.4.0.202007081208/tools/bin/../lib/gcc/arm-none-eabi/7.3.1/thumb/v7e-m/fpv4-sp/hard/crti.o
                0x0000000008000a04                _fini
 .fini          0x0000000008000a08        0x8 d:/programs/st/stm32cubeide_1.4.0/stm32cubeide/plugins/com.st.stm32cube.ide.mcu.externaltools.gnu-tools-for-stm32.7-2018-q2-update.win32_1.4.0.202007081208/tools/bin/../lib/gcc/arm-none-eabi/7.3.1/thumb/v7e-m/fpv4-sp/hard/crtn.o
                0x0000000008000a10                . = ALIGN (0x4)
                0x0000000008000a10                _etext = .

.vfp11_veneer   0x0000000008000a10        0x0
 .vfp11_veneer  0x0000000008000a10        0x0 linker stubs

.v4_bx          0x0000000008000a10        0x0
 .v4_bx         0x0000000008000a10        0x0 linker stubs

.iplt           0x0000000008000a10        0x0
 .iplt          0x0000000008000a10        0x0 d:/programs/st/stm32cubeide_1.4.0/stm32cubeide/plugins/com.st.stm32cube.ide.mcu.externaltools.gnu-tools-for-stm32.7-2018-q2-update.win32_1.4.0.202007081208/tools/bin/../lib/gcc/arm-none-eabi/7.3.1/thumb/v7e-m/fpv4-sp/hard/crtbegin.o

.rel.dyn        0x0000000008000a10        0x0
 .rel.iplt      0x0000000008000a10        0x0 d:/programs/st/stm32cubeide_1.4.0/stm32cubeide/plugins/com.st.stm32cube.ide.mcu.externaltools.gnu-tools-for-stm32.7-2018-q2-update.win32_1.4.0.202007081208/tools/bin/../lib/gcc/arm-none-eabi/7.3.1/thumb/v7e-m/fpv4-sp/hard/crtbegin.o

.rodata         0x0000000008000a10        0x0
                0x0000000008000a10                . = ALIGN (0x4)
 *(.rodata)
 *(.rodata*)
                0x0000000008000a10                . = ALIGN (0x4)

.ARM.extab      0x0000000008000a10        0x0
                0x0000000008000a10                . = ALIGN (0x4)
 *(.ARM.extab* .gnu.linkonce.armextab.*)
                0x0000000008000a10                . = ALIGN (0x4)

.ARM            0x0000000008000a10        0x0
                0x0000000008000a10                . = ALIGN (0x4)
                0x0000000008000a10                __exidx_start = .
 *(.ARM.exidx*)
                0x0000000008000a10                __exidx_end = .
                0x0000000008000a10                . = ALIGN (0x4)

.preinit_array  0x0000000008000a10        0x0
                0x0000000008000a10                . = ALIGN (0x4)
                0x0000000008000a10                PROVIDE (__preinit_array_start = .)
 *(.preinit_array*)
                0x0000000008000a10                PROVIDE (__preinit_array_end = .)
                0x0000000008000a10                . = ALIGN (0x4)

.init_array     0x0000000008000a10        0x4
                0x0000000008000a10                . = ALIGN (0x4)
                0x0000000008000a10                PROVIDE (__init_array_start = .)
 *(SORT_BY_NAME(.init_array.*))
 *(.init_array*)
 .init_array    0x0000000008000a10        0x4 d:/programs/st/stm32cubeide_1.4.0/stm32cubeide/plugins/com.st.stm32cube.ide.mcu.externaltools.gnu-tools-for-stm32.7-2018-q2-update.win32_1.4.0.202007081208/tools/bin/../lib/gcc/arm-none-eabi/7.3.1/thumb/v7e-m/fpv4-sp/hard/crtbegin.o
                0x0000000008000a14                PROVIDE (__init_array_end = .)
                0x0000000008000a14                . = ALIGN (0x4)

.fini_array     0x0000000008000a14        0x4
                0x0000000008000a14                . = ALIGN (0x4)
                [!provide]                        PROVIDE (__fini_array_start = .)
 *(SORT_BY_NAME(.fini_array.*))
 *(.fini_array*)
 .fini_array    0x0000000008000a14        0x4 d:/programs/st/stm32cubeide_1.4.0/stm32cubeide/plugins/com.st.stm32cube.ide.mcu.externaltools.gnu-tools-for-stm32.7-2018-q2-update.win32_1.4.0.202007081208/tools/bin/../lib/gcc/arm-none-eabi/7.3.1/thumb/v7e-m/fpv4-sp/hard/crtbegin.o
                [!provide]                        PROVIDE (__fini_array_end = .)
                0x0000000008000a18                . = ALIGN (0x4)
                0x0000000008000a18                _sidata = LOADADDR (.data)

.data           0x0000000020000000        0xc load address 0x0000000008000a18
                0x0000000020000000                . = ALIGN (0x4)
                0x0000000020000000                _sdata = .
 *(.data)
 *(.data*)
 .data.BufferWrite
                0x0000000020000000        0xc Src/main.o
                0x0000000020000000                BufferWrite
                0x000000002000000c                . = ALIGN (0x4)
                0x000000002000000c                _edata = .

.igot.plt       0x000000002000000c        0x0 load address 0x0000000008000a24
 .igot.plt      0x000000002000000c        0x0 d:/programs/st/stm32cubeide_1.4.0/stm32cubeide/plugins/com.st.stm32cube.ide.mcu.externaltools.gnu-tools-for-stm32.7-2018-q2-update.win32_1.4.0.202007081208/tools/bin/../lib/gcc/arm-none-eabi/7.3.1/thumb/v7e-m/fpv4-sp/hard/crtbegin.o
                0x000000002000000c                . = ALIGN (0x4)

.bss            0x000000002000000c       0x28 load address 0x0000000008000a24
                0x000000002000000c                _sbss = .
                0x000000002000000c                __bss_start__ = _sbss
 *(.bss)
 .bss           0x000000002000000c       0x1c d:/programs/st/stm32cubeide_1.4.0/stm32cubeide/plugins/com.st.stm32cube.ide.mcu.externaltools.gnu-tools-for-stm32.7-2018-q2-update.win32_1.4.0.202007081208/tools/bin/../lib/gcc/arm-none-eabi/7.3.1/thumb/v7e-m/fpv4-sp/hard/crtbegin.o
 *(.bss*)
 .bss.Fls_eJobResult
                0x0000000020000028        0x1 Src/app/stm32f407_flash_app.o
 *(COMMON)
 *fill*         0x0000000020000029        0x3 
 COMMON         0x000000002000002c        0x8 Src/main.o
                0x000000002000002c                BufferRead
                0x0000000020000030                s
                0x0000000020000034                . = ALIGN (0x4)
                0x0000000020000034                _ebss = .
                0x0000000020000034                __bss_end__ = _ebss

._user_heap_stack
                0x0000000020000034      0x604 load address 0x0000000008000a24
                0x0000000020000038                . = ALIGN (0x8)
 *fill*         0x0000000020000034        0x4 
                [!provide]                        PROVIDE (end = .)
                0x0000000020000038                PROVIDE (_end = .)
                0x0000000020000238                . = (. + _Min_Heap_Size)
 *fill*         0x0000000020000038      0x200 
                0x0000000020000638                . = (. + _Min_Stack_Size)
 *fill*         0x0000000020000238      0x400 
                0x0000000020000638                . = ALIGN (0x8)

/DISCARD/
 libc.a(*)
 libm.a(*)
 libgcc.a(*)

.ARM.attributes
                0x0000000000000000       0x30
 *(.ARM.attributes)
 .ARM.attributes
                0x0000000000000000       0x22 d:/programs/st/stm32cubeide_1.4.0/stm32cubeide/plugins/com.st.stm32cube.ide.mcu.externaltools.gnu-tools-for-stm32.7-2018-q2-update.win32_1.4.0.202007081208/tools/bin/../lib/gcc/arm-none-eabi/7.3.1/thumb/v7e-m/fpv4-sp/hard/crti.o
 .ARM.attributes
                0x0000000000000022       0x34 d:/programs/st/stm32cubeide_1.4.0/stm32cubeide/plugins/com.st.stm32cube.ide.mcu.externaltools.gnu-tools-for-stm32.7-2018-q2-update.win32_1.4.0.202007081208/tools/bin/../lib/gcc/arm-none-eabi/7.3.1/thumb/v7e-m/fpv4-sp/hard/crtbegin.o
 .ARM.attributes
                0x0000000000000056       0x39 Src/app/stm32f407_flash_app.o
 .ARM.attributes
                0x000000000000008f       0x39 Src/driver/stm32f407_flash_driver.o
 .ARM.attributes
                0x00000000000000c8       0x39 Src/driver/stm32f407_gpio_driver.o
 .ARM.attributes
                0x0000000000000101       0x39 Src/main.o
 .ARM.attributes
                0x000000000000013a       0x39 Src/middleware/stm32f407_flash_middleware.o
 .ARM.attributes
                0x0000000000000173       0x21 Startup/startup_stm32f407vgtx.o
 .ARM.attributes
                0x0000000000000194       0x34 d:/programs/st/stm32cubeide_1.4.0/stm32cubeide/plugins/com.st.stm32cube.ide.mcu.externaltools.gnu-tools-for-stm32.7-2018-q2-update.win32_1.4.0.202007081208/tools/bin/../lib/gcc/arm-none-eabi/7.3.1/../../../../arm-none-eabi/lib/thumb/v7e-m/fpv4-sp/hard\libc_nano.a(lib_a-init.o)
 .ARM.attributes
                0x00000000000001c8       0x22 d:/programs/st/stm32cubeide_1.4.0/stm32cubeide/plugins/com.st.stm32cube.ide.mcu.externaltools.gnu-tools-for-stm32.7-2018-q2-update.win32_1.4.0.202007081208/tools/bin/../lib/gcc/arm-none-eabi/7.3.1/thumb/v7e-m/fpv4-sp/hard/crtn.o
OUTPUT(Mydriver.elf elf32-littlearm)

.debug_info     0x0000000000000000     0x1c43
 .debug_info    0x0000000000000000      0x256 Src/app/stm32f407_flash_app.o
 .debug_info    0x0000000000000256      0x2ad Src/driver/stm32f407_flash_driver.o
 .debug_info    0x0000000000000503      0x7d0 Src/driver/stm32f407_gpio_driver.o
 .debug_info    0x0000000000000cd3      0xcbd Src/main.o
 .debug_info    0x0000000000001990      0x291 Src/middleware/stm32f407_flash_middleware.o
 .debug_info    0x0000000000001c21       0x22 Startup/startup_stm32f407vgtx.o

.debug_abbrev   0x0000000000000000      0x64f
 .debug_abbrev  0x0000000000000000       0xbc Src/app/stm32f407_flash_app.o
 .debug_abbrev  0x00000000000000bc      0x143 Src/driver/stm32f407_flash_driver.o
 .debug_abbrev  0x00000000000001ff      0x139 Src/driver/stm32f407_gpio_driver.o
 .debug_abbrev  0x0000000000000338      0x210 Src/main.o
 .debug_abbrev  0x0000000000000548       0xf5 Src/middleware/stm32f407_flash_middleware.o
 .debug_abbrev  0x000000000000063d       0x12 Startup/startup_stm32f407vgtx.o

.debug_aranges  0x0000000000000000      0x160
 .debug_aranges
                0x0000000000000000       0x30 Src/app/stm32f407_flash_app.o
 .debug_aranges
                0x0000000000000030       0x40 Src/driver/stm32f407_flash_driver.o
 .debug_aranges
                0x0000000000000070       0x68 Src/driver/stm32f407_gpio_driver.o
 .debug_aranges
                0x00000000000000d8       0x30 Src/main.o
 .debug_aranges
                0x0000000000000108       0x30 Src/middleware/stm32f407_flash_middleware.o
 .debug_aranges
                0x0000000000000138       0x28 Startup/startup_stm32f407vgtx.o

.debug_ranges   0x0000000000000000      0x108
 .debug_ranges  0x0000000000000000       0x20 Src/app/stm32f407_flash_app.o
 .debug_ranges  0x0000000000000020       0x30 Src/driver/stm32f407_flash_driver.o
 .debug_ranges  0x0000000000000050       0x58 Src/driver/stm32f407_gpio_driver.o
 .debug_ranges  0x00000000000000a8       0x20 Src/main.o
 .debug_ranges  0x00000000000000c8       0x20 Src/middleware/stm32f407_flash_middleware.o
 .debug_ranges  0x00000000000000e8       0x20 Startup/startup_stm32f407vgtx.o

.debug_macro    0x0000000000000000     0x24a4
 .debug_macro   0x0000000000000000       0xa7 Src/app/stm32f407_flash_app.o
 .debug_macro   0x00000000000000a7      0xa60 Src/app/stm32f407_flash_app.o
 .debug_macro   0x0000000000000b07       0x22 Src/app/stm32f407_flash_app.o
 .debug_macro   0x0000000000000b29       0x8e Src/app/stm32f407_flash_app.o
 .debug_macro   0x0000000000000bb7       0x51 Src/app/stm32f407_flash_app.o
 .debug_macro   0x0000000000000c08       0xef Src/app/stm32f407_flash_app.o
 .debug_macro   0x0000000000000cf7       0x6a Src/app/stm32f407_flash_app.o
 .debug_macro   0x0000000000000d61      0x1df Src/app/stm32f407_flash_app.o
 .debug_macro   0x0000000000000f40      0x323 Src/app/stm32f407_flash_app.o
 .debug_macro   0x0000000000001263      0x1c6 Src/app/stm32f407_flash_app.o
 .debug_macro   0x0000000000001429       0x99 Src/driver/stm32f407_flash_driver.o
 .debug_macro   0x00000000000014c2       0x94 Src/driver/stm32f407_gpio_driver.o
 .debug_macro   0x0000000000001556      0x208 Src/main.o
 .debug_macro   0x000000000000175e       0x40 Src/main.o
 .debug_macro   0x000000000000179e       0x18 Src/main.o
 .debug_macro   0x00000000000017b6       0x94 Src/main.o
 .debug_macro   0x000000000000184a       0x3c Src/main.o
 .debug_macro   0x0000000000001886       0x34 Src/main.o
 .debug_macro   0x00000000000018ba       0x16 Src/main.o
 .debug_macro   0x00000000000018d0       0x57 Src/main.o
 .debug_macro   0x0000000000001927       0x97 Src/main.o
 .debug_macro   0x00000000000019be      0x330 Src/main.o
 .debug_macro   0x0000000000001cee       0xfd Src/main.o
 .debug_macro   0x0000000000001deb       0x10 Src/main.o
 .debug_macro   0x0000000000001dfb       0x52 Src/main.o
 .debug_macro   0x0000000000001e4d       0x1f Src/main.o
 .debug_macro   0x0000000000001e6c       0x43 Src/main.o
 .debug_macro   0x0000000000001eaf       0x20 Src/main.o
 .debug_macro   0x0000000000001ecf      0x1a3 Src/main.o
 .debug_macro   0x0000000000002072       0x10 Src/main.o
 .debug_macro   0x0000000000002082       0x1c Src/main.o
 .debug_macro   0x000000000000209e       0x52 Src/main.o
 .debug_macro   0x00000000000020f0       0x40 Src/main.o
 .debug_macro   0x0000000000002130       0x10 Src/main.o
 .debug_macro   0x0000000000002140       0x40 Src/main.o
 .debug_macro   0x0000000000002180       0xd7 Src/main.o
 .debug_macro   0x0000000000002257       0x1c Src/main.o
 .debug_macro   0x0000000000002273       0x3d Src/main.o
 .debug_macro   0x00000000000022b0       0x16 Src/main.o
 .debug_macro   0x00000000000022c6      0x145 Src/main.o
 .debug_macro   0x000000000000240b       0x99 Src/middleware/stm32f407_flash_middleware.o

.debug_line     0x0000000000000000     0x1a74
 .debug_line    0x0000000000000000      0x4ac Src/app/stm32f407_flash_app.o
 .debug_line    0x00000000000004ac      0x4dd Src/driver/stm32f407_flash_driver.o
 .debug_line    0x0000000000000989      0x55f Src/driver/stm32f407_gpio_driver.o
 .debug_line    0x0000000000000ee8      0x6a3 Src/main.o
 .debug_line    0x000000000000158b      0x465 Src/middleware/stm32f407_flash_middleware.o
 .debug_line    0x00000000000019f0       0x84 Startup/startup_stm32f407vgtx.o

.debug_str      0x0000000000000000     0xa48d
 .debug_str     0x0000000000000000     0x592d Src/app/stm32f407_flash_app.o
                                       0x5ab2 (size before relaxing)
 .debug_str     0x000000000000592d      0x11f Src/driver/stm32f407_flash_driver.o
                                       0x5a51 (size before relaxing)
 .debug_str     0x0000000000005a4c      0x57b Src/driver/stm32f407_gpio_driver.o
                                       0x54eb (size before relaxing)
 .debug_str     0x0000000000005fc7     0x4417 Src/main.o
                                       0xa130 (size before relaxing)
 .debug_str     0x000000000000a3de       0x7e Src/middleware/stm32f407_flash_middleware.o
                                       0x5aae (size before relaxing)
 .debug_str     0x000000000000a45c       0x31 Startup/startup_stm32f407vgtx.o
                                         0x61 (size before relaxing)

.comment        0x0000000000000000       0x7b
 .comment       0x0000000000000000       0x7b Src/app/stm32f407_flash_app.o
                                         0x7c (size before relaxing)
 .comment       0x000000000000007b       0x7c Src/driver/stm32f407_flash_driver.o
 .comment       0x000000000000007b       0x7c Src/driver/stm32f407_gpio_driver.o
 .comment       0x000000000000007b       0x7c Src/main.o
 .comment       0x000000000000007b       0x7c Src/middleware/stm32f407_flash_middleware.o

.debug_frame    0x0000000000000000      0x400
 .debug_frame   0x0000000000000000       0x7c Src/app/stm32f407_flash_app.o
 .debug_frame   0x000000000000007c       0xc8 Src/driver/stm32f407_flash_driver.o
 .debug_frame   0x0000000000000144      0x19c Src/driver/stm32f407_gpio_driver.o
 .debug_frame   0x00000000000002e0       0x78 Src/main.o
 .debug_frame   0x0000000000000358       0x7c Src/middleware/stm32f407_flash_middleware.o
 .debug_frame   0x00000000000003d4       0x2c d:/programs/st/stm32cubeide_1.4.0/stm32cubeide/plugins/com.st.stm32cube.ide.mcu.externaltools.gnu-tools-for-stm32.7-2018-q2-update.win32_1.4.0.202007081208/tools/bin/../lib/gcc/arm-none-eabi/7.3.1/../../../../arm-none-eabi/lib/thumb/v7e-m/fpv4-sp/hard\libc_nano.a(lib_a-init.o)
