Archive member included to satisfy reference by file (symbol)

d:/programs/st/stm32cubeide_1.4.0/stm32cubeide/plugins/com.st.stm32cube.ide.mcu.externaltools.gnu-tools-for-stm32.7-2018-q2-update.win32_1.4.0.202007081208/tools/bin/../lib/gcc/arm-none-eabi/7.3.1/../../../../arm-none-eabi/lib/thumb/v7e-m/fpv4-sp/hard\libc_nano.a(lib_a-errno.o)
                              Src/syscalls.o (__errno)
d:/programs/st/stm32cubeide_1.4.0/stm32cubeide/plugins/com.st.stm32cube.ide.mcu.externaltools.gnu-tools-for-stm32.7-2018-q2-update.win32_1.4.0.202007081208/tools/bin/../lib/gcc/arm-none-eabi/7.3.1/../../../../arm-none-eabi/lib/thumb/v7e-m/fpv4-sp/hard\libc_nano.a(lib_a-exit.o)
                              d:/programs/st/stm32cubeide_1.4.0/stm32cubeide/plugins/com.st.stm32cube.ide.mcu.externaltools.gnu-tools-for-stm32.7-2018-q2-update.win32_1.4.0.202007081208/tools/bin/../lib/gcc/arm-none-eabi/7.3.1/../../../../arm-none-eabi/lib/thumb/v7e-m/fpv4-sp/hard/crt0.o (exit)
d:/programs/st/stm32cubeide_1.4.0/stm32cubeide/plugins/com.st.stm32cube.ide.mcu.externaltools.gnu-tools-for-stm32.7-2018-q2-update.win32_1.4.0.202007081208/tools/bin/../lib/gcc/arm-none-eabi/7.3.1/../../../../arm-none-eabi/lib/thumb/v7e-m/fpv4-sp/hard\libc_nano.a(lib_a-impure.o)
                              d:/programs/st/stm32cubeide_1.4.0/stm32cubeide/plugins/com.st.stm32cube.ide.mcu.externaltools.gnu-tools-for-stm32.7-2018-q2-update.win32_1.4.0.202007081208/tools/bin/../lib/gcc/arm-none-eabi/7.3.1/../../../../arm-none-eabi/lib/thumb/v7e-m/fpv4-sp/hard\libc_nano.a(lib_a-exit.o) (_global_impure_ptr)
d:/programs/st/stm32cubeide_1.4.0/stm32cubeide/plugins/com.st.stm32cube.ide.mcu.externaltools.gnu-tools-for-stm32.7-2018-q2-update.win32_1.4.0.202007081208/tools/bin/../lib/gcc/arm-none-eabi/7.3.1/../../../../arm-none-eabi/lib/thumb/v7e-m/fpv4-sp/hard\libc_nano.a(lib_a-init.o)
                              d:/programs/st/stm32cubeide_1.4.0/stm32cubeide/plugins/com.st.stm32cube.ide.mcu.externaltools.gnu-tools-for-stm32.7-2018-q2-update.win32_1.4.0.202007081208/tools/bin/../lib/gcc/arm-none-eabi/7.3.1/../../../../arm-none-eabi/lib/thumb/v7e-m/fpv4-sp/hard/crt0.o (__libc_init_array)
d:/programs/st/stm32cubeide_1.4.0/stm32cubeide/plugins/com.st.stm32cube.ide.mcu.externaltools.gnu-tools-for-stm32.7-2018-q2-update.win32_1.4.0.202007081208/tools/bin/../lib/gcc/arm-none-eabi/7.3.1/../../../../arm-none-eabi/lib/thumb/v7e-m/fpv4-sp/hard\libc_nano.a(lib_a-memset.o)
                              d:/programs/st/stm32cubeide_1.4.0/stm32cubeide/plugins/com.st.stm32cube.ide.mcu.externaltools.gnu-tools-for-stm32.7-2018-q2-update.win32_1.4.0.202007081208/tools/bin/../lib/gcc/arm-none-eabi/7.3.1/../../../../arm-none-eabi/lib/thumb/v7e-m/fpv4-sp/hard/crt0.o (memset)
d:/programs/st/stm32cubeide_1.4.0/stm32cubeide/plugins/com.st.stm32cube.ide.mcu.externaltools.gnu-tools-for-stm32.7-2018-q2-update.win32_1.4.0.202007081208/tools/bin/../lib/gcc/arm-none-eabi/7.3.1/thumb/v7e-m/fpv4-sp/hard\libgcc.a(_arm_addsubdf3.o)
                              Src/main.o (__aeabi_dadd)
d:/programs/st/stm32cubeide_1.4.0/stm32cubeide/plugins/com.st.stm32cube.ide.mcu.externaltools.gnu-tools-for-stm32.7-2018-q2-update.win32_1.4.0.202007081208/tools/bin/../lib/gcc/arm-none-eabi/7.3.1/thumb/v7e-m/fpv4-sp/hard\libgcc.a(_arm_muldivdf3.o)
                              Src/main.o (__aeabi_dmul)
d:/programs/st/stm32cubeide_1.4.0/stm32cubeide/plugins/com.st.stm32cube.ide.mcu.externaltools.gnu-tools-for-stm32.7-2018-q2-update.win32_1.4.0.202007081208/tools/bin/../lib/gcc/arm-none-eabi/7.3.1/thumb/v7e-m/fpv4-sp/hard\libgcc.a(_arm_fixunsdfsi.o)
                              Src/main.o (__aeabi_d2uiz)
d:/programs/st/stm32cubeide_1.4.0/stm32cubeide/plugins/com.st.stm32cube.ide.mcu.externaltools.gnu-tools-for-stm32.7-2018-q2-update.win32_1.4.0.202007081208/tools/bin/../lib/gcc/arm-none-eabi/7.3.1/thumb/v7e-m/fpv4-sp/hard\libgcc.a(_arm_truncdfsf2.o)
                              Src/main.o (__aeabi_d2f)

Allocating common symbols
Common symbol       size              file

RxFifo              0x4               Src/main.o
DataNode1           0x4               Src/main.o
huart5              0x4               Src/main.o
DataNode2           0x4               Src/main.o
TxMailbox           0x4               Src/main.o
BufferRead          0x4               Src/main.o
RxData              0x8               Src/main.o
hcan1               0x24              Src/main.o
TxHeader            0x14              Src/main.o
RxHeader            0x1c              Src/main.o

Discarded input sections

 .text          0x0000000000000000        0x0 d:/programs/st/stm32cubeide_1.4.0/stm32cubeide/plugins/com.st.stm32cube.ide.mcu.externaltools.gnu-tools-for-stm32.7-2018-q2-update.win32_1.4.0.202007081208/tools/bin/../lib/gcc/arm-none-eabi/7.3.1/thumb/v7e-m/fpv4-sp/hard/crti.o
[...]
Memory Configuration

Name             Origin             Length             Attributes
RAM              0x0000000020000000 0x0000000000020000 xrw
ROM              0x0000000008000000 0x0000000000100000 xr
*default*        0x0000000000000000 0xffffffffffffffff

Linker script and memory map

LOAD d:/programs/st/stm32cubeide_1.4.0/stm32cubeide/plugins/com.st.stm32cube.ide.mcu.externaltools.gnu-tools-for-stm32.7-2018-q2-update.win32_1.4.0.202007081208/tools/bin/../lib/gcc/arm-none-eabi/7.3.1/thumb/v7e-m/fpv4-sp/hard/crti.o
LOAD d:/programs/st/stm32cubeide_1.4.0/stm32cubeide/plugins/com.st.stm32cube.ide.mcu.externaltools.gnu-tools-for-stm32.7-2018-q2-update.win32_1.4.0.202007081208/tools/bin/../lib/gcc/arm-none-eabi/7.3.1/thumb/v7e-m/fpv4-sp/hard/crtbegin.o
LOAD d:/programs/st/stm32cubeide_1.4.0/stm32cubeide/plugins/com.st.stm32cube.ide.mcu.externaltools.gnu-tools-for-stm32.7-2018-q2-update.win32_1.4.0.202007081208/tools/bin/../lib/gcc/arm-none-eabi/7.3.1/../../../../arm-none-eabi/lib/thumb/v7e-m/fpv4-sp/hard/crt0.o
LOAD Src/app/stm32f407_can_app.o
LOAD Src/app/stm32f407_flash_app.o
LOAD Src/app/stm32f407_gpio_app.o
LOAD Src/driver/stm32f407_can_driver.o
LOAD Src/driver/stm32f407_flash_driver.o
LOAD Src/driver/stm32f407_gpio_driver.o
LOAD Src/driver/stm32f407_rcc_driver.o
LOAD Src/driver/stm32f407_usart_driver.o
LOAD Src/main.o
LOAD Src/syscalls.o
LOAD Src/sysmem.o
LOAD Src/middleware/stm32f407_can_middleware.o
LOAD Src/middleware/stm32f407_flash_middleware.o
LOAD Src/middleware/stm32f407_gpio_middleware.o
LOAD Startup/startup_stm32f407vgtx.o
START GROUP
LOAD d:/programs/st/stm32cubeide_1.4.0/stm32cubeide/plugins/com.st.stm32cube.ide.mcu.externaltools.gnu-tools-for-stm32.7-2018-q2-update.win32_1.4.0.202007081208/tools/bin/../lib/gcc/arm-none-eabi/7.3.1/../../../../arm-none-eabi/lib/thumb/v7e-m/fpv4-sp/hard\libc_nano.a
LOAD d:/programs/st/stm32cubeide_1.4.0/stm32cubeide/plugins/com.st.stm32cube.ide.mcu.externaltools.gnu-tools-for-stm32.7-2018-q2-update.win32_1.4.0.202007081208/tools/bin/../lib/gcc/arm-none-eabi/7.3.1/../../../../arm-none-eabi/lib/thumb/v7e-m/fpv4-sp/hard\libm.a
END GROUP
START GROUP
LOAD d:/programs/st/stm32cubeide_1.4.0/stm32cubeide/plugins/com.st.stm32cube.ide.mcu.externaltools.gnu-tools-for-stm32.7-2018-q2-update.win32_1.4.0.202007081208/tools/bin/../lib/gcc/arm-none-eabi/7.3.1/thumb/v7e-m/fpv4-sp/hard\libgcc.a
LOAD d:/programs/st/stm32cubeide_1.4.0/stm32cubeide/plugins/com.st.stm32cube.ide.mcu.externaltools.gnu-tools-for-stm32.7-2018-q2-update.win32_1.4.0.202007081208/tools/bin/../lib/gcc/arm-none-eabi/7.3.1/../../../../arm-none-eabi/lib/thumb/v7e-m/fpv4-sp/hard\libc_nano.a
END GROUP
START GROUP
LOAD d:/programs/st/stm32cubeide_1.4.0/stm32cubeide/plugins/com.st.stm32cube.ide.mcu.externaltools.gnu-tools-for-stm32.7-2018-q2-update.win32_1.4.0.202007081208/tools/bin/../lib/gcc/arm-none-eabi/7.3.1/thumb/v7e-m/fpv4-sp/hard\libgcc.a
LOAD d:/programs/st/stm32cubeide_1.4.0/stm32cubeide/plugins/com.st.stm32cube.ide.mcu.externaltools.gnu-tools-for-stm32.7-2018-q2-update.win32_1.4.0.202007081208/tools/bin/../lib/gcc/arm-none-eabi/7.3.1/../../../../arm-none-eabi/lib/thumb/v7e-m/fpv4-sp/hard\libc_nano.a
LOAD d:/programs/st/stm32cubeide_1.4.0/stm32cubeide/plugins/com.st.stm32cube.ide.mcu.externaltools.gnu-tools-for-stm32.7-2018-q2-update.win32_1.4.0.202007081208/tools/bin/../lib/gcc/arm-none-eabi/7.3.1/../../../../arm-none-eabi/lib/thumb/v7e-m/fpv4-sp/hard\libnosys.a
END GROUP
START GROUP
LOAD d:/programs/st/stm32cubeide_1.4.0/stm32cubeide/plugins/com.st.stm32cube.ide.mcu.externaltools.gnu-tools-for-stm32.7-2018-q2-update.win32_1.4.0.202007081208/tools/bin/../lib/gcc/arm-none-eabi/7.3.1/thumb/v7e-m/fpv4-sp/hard\libgcc.a
LOAD d:/programs/st/stm32cubeide_1.4.0/stm32cubeide/plugins/com.st.stm32cube.ide.mcu.externaltools.gnu-tools-for-stm32.7-2018-q2-update.win32_1.4.0.202007081208/tools/bin/../lib/gcc/arm-none-eabi/7.3.1/../../../../arm-none-eabi/lib/thumb/v7e-m/fpv4-sp/hard\libc_nano.a
LOAD d:/programs/st/stm32cubeide_1.4.0/stm32cubeide/plugins/com.st.stm32cube.ide.mcu.externaltools.gnu-tools-for-stm32.7-2018-q2-update.win32_1.4.0.202007081208/tools/bin/../lib/gcc/arm-none-eabi/7.3.1/../../../../arm-none-eabi/lib/thumb/v7e-m/fpv4-sp/hard\libnosys.a
END GROUP
LOAD d:/programs/st/stm32cubeide_1.4.0/stm32cubeide/plugins/com.st.stm32cube.ide.mcu.externaltools.gnu-tools-for-stm32.7-2018-q2-update.win32_1.4.0.202007081208/tools/bin/../lib/gcc/arm-none-eabi/7.3.1/thumb/v7e-m/fpv4-sp/hard/crtend.o
LOAD d:/programs/st/stm32cubeide_1.4.0/stm32cubeide/plugins/com.st.stm32cube.ide.mcu.externaltools.gnu-tools-for-stm32.7-2018-q2-update.win32_1.4.0.202007081208/tools/bin/../lib/gcc/arm-none-eabi/7.3.1/thumb/v7e-m/fpv4-sp/hard/crtn.o
                0x0000000020020000                _estack = (ORIGIN (RAM) + LENGTH (RAM))
                0x0000000000000200                _Min_Heap_Size = 0x200
                0x0000000000000400                _Min_Stack_Size = 0x400

.isr_vector     0x0000000008000000      0x1a8
                0x0000000008000000                . = ALIGN (0x4)
 *(.isr_vector)
 .isr_vector    0x0000000008000000      0x1a8 Startup/startup_stm32f407vgtx.o
                0x0000000008000000                g_pfnVectors
                0x00000000080001a8                . = ALIGN (0x4)

.text           0x00000000080001a8     0x1ed0
                0x00000000080001a8                . = ALIGN (0x4)
 *(.text)
 .text          0x00000000080001a8       0x40 d:/programs/st/stm32cubeide_1.4.0/stm32cubeide/plugins/com.st.stm32cube.ide.mcu.externaltools.gnu-tools-for-stm32.7-2018-q2-update.win32_1.4.0.202007081208/tools/bin/../lib/gcc/arm-none-eabi/7.3.1/thumb/v7e-m/fpv4-sp/hard/crtbegin.o
 .text          0x00000000080001e8      0x378 d:/programs/st/stm32cubeide_1.4.0/stm32cubeide/plugins/com.st.stm32cube.ide.mcu.externaltools.gnu-tools-for-stm32.7-2018-q2-update.win32_1.4.0.202007081208/tools/bin/../lib/gcc/arm-none-eabi/7.3.1/thumb/v7e-m/fpv4-sp/hard\libgcc.a(_arm_addsubdf3.o)
                0x00000000080001e8                __aeabi_drsub
                0x00000000080001f0                __aeabi_dsub
                0x00000000080001f0                __subdf3
                0x00000000080001f4                __aeabi_dadd
                0x00000000080001f4                __adddf3
                0x000000000800046c                __floatunsidf
                0x000000000800046c                __aeabi_ui2d
                0x000000000800048c                __floatsidf
                0x000000000800048c                __aeabi_i2d
                0x00000000080004b0                __aeabi_f2d
                0x00000000080004b0                __extendsfdf2
                0x00000000080004f4                __floatundidf
                0x00000000080004f4                __aeabi_ul2d
                0x0000000008000504                __floatdidf
                0x0000000008000504                __aeabi_l2d
 .text          0x0000000008000560      0x424 d:/programs/st/stm32cubeide_1.4.0/stm32cubeide/plugins/com.st.stm32cube.ide.mcu.externaltools.gnu-tools-for-stm32.7-2018-q2-update.win32_1.4.0.202007081208/tools/bin/../lib/gcc/arm-none-eabi/7.3.1/thumb/v7e-m/fpv4-sp/hard\libgcc.a(_arm_muldivdf3.o)
                0x0000000008000560                __aeabi_dmul
                0x0000000008000560                __muldf3
                0x00000000080007b4                __divdf3
                0x00000000080007b4                __aeabi_ddiv
 .text          0x0000000008000984       0x40 d:/programs/st/stm32cubeide_1.4.0/stm32cubeide/plugins/com.st.stm32cube.ide.mcu.externaltools.gnu-tools-for-stm32.7-2018-q2-update.win32_1.4.0.202007081208/tools/bin/../lib/gcc/arm-none-eabi/7.3.1/thumb/v7e-m/fpv4-sp/hard\libgcc.a(_arm_fixunsdfsi.o)
                0x0000000008000984                __aeabi_d2uiz
                0x0000000008000984                __fixunsdfsi
 .text          0x00000000080009c4       0xa0 d:/programs/st/stm32cubeide_1.4.0/stm32cubeide/plugins/com.st.stm32cube.ide.mcu.externaltools.gnu-tools-for-stm32.7-2018-q2-update.win32_1.4.0.202007081208/tools/bin/../lib/gcc/arm-none-eabi/7.3.1/thumb/v7e-m/fpv4-sp/hard\libgcc.a(_arm_truncdfsf2.o)
                0x00000000080009c4                __truncdfsf2
                0x00000000080009c4                __aeabi_d2f
 *(.text*)
 .text.CAN_GetRxMessage
                0x0000000008000a64       0x32 Src/app/stm32f407_can_app.o
                0x0000000008000a64                CAN_GetRxMessage
 .text.CAN_Init
                0x0000000008000a96       0x26 Src/app/stm32f407_can_app.o
                0x0000000008000a96                CAN_Init
 .text.CAN_Start
                0x0000000008000abc       0x26 Src/app/stm32f407_can_app.o
                0x0000000008000abc                CAN_Start
 .text.CAN_ConfigFilter
                0x0000000008000ae2       0x2a Src/app/stm32f407_can_app.o
                0x0000000008000ae2                CAN_ConfigFilter
 .text.CAN_BaudRate
                0x0000000008000b0c       0x26 Src/app/stm32f407_can_app.o
                0x0000000008000b0c                CAN_BaudRate
 *fill*         0x0000000008000b32        0x2 
 .text.Fls_Read
                0x0000000008000b34       0x34 Src/app/stm32f407_flash_app.o
                0x0000000008000b34                Fls_Read
 .text.Fls_Write
                0x0000000008000b68       0x38 Src/app/stm32f407_flash_app.o
                0x0000000008000b68                Fls_Write
 .text.Fls_Erase
                0x0000000008000ba0       0x34 Src/app/stm32f407_flash_app.o
                0x0000000008000ba0                Fls_Erase
 .text.CAN_StatusMailBox
                0x0000000008000bd4       0x2c Src/driver/stm32f407_can_driver.o
                0x0000000008000bd4                CAN_StatusMailBox
 .text.CAN_GetID
                0x0000000008000c00       0x2c Src/driver/stm32f407_can_driver.o
                0x0000000008000c00                CAN_GetID
 .text.CAN_GetDataLength
                0x0000000008000c2c       0x2c Src/driver/stm32f407_can_driver.o
                0x0000000008000c2c                CAN_GetDataLength
 .text.CAN_ReadData
                0x0000000008000c58       0x98 Src/driver/stm32f407_can_driver.o
                0x0000000008000c58                CAN_ReadData
 .text.CAN_Release
                0x0000000008000cf0       0x28 Src/driver/stm32f407_can_driver.o
                0x0000000008000cf0                CAN_Release
 .text.CAN_ExitSleepMode
                0x0000000008000d18       0x28 Src/driver/stm32f407_can_driver.o
                0x0000000008000d18                CAN_ExitSleepMode
 .text.CAN_RXTimeTrigger
                0x0000000008000d40       0x48 Src/driver/stm32f407_can_driver.o
                0x0000000008000d40                CAN_RXTimeTrigger
 .text.CAN_AutoRetransmit
                0x0000000008000d88       0x28 Src/driver/stm32f407_can_driver.o
                0x0000000008000d88                CAN_AutoRetransmit
 .text.CAN_LockFIFOMode
                0x0000000008000db0       0x28 Src/driver/stm32f407_can_driver.o
                0x0000000008000db0                CAN_LockFIFOMode
 .text.CAN_SetMCRINRQ
                0x0000000008000dd8       0x40 Src/driver/stm32f407_can_driver.o
                0x0000000008000dd8                CAN_SetMCRINRQ
 .text.CAN_InitModeFilter
                0x0000000008000e18       0x50 Src/driver/stm32f407_can_driver.o
                0x0000000008000e18                CAN_InitModeFilter
 .text.CAN_DeInitFilter
                0x0000000008000e68       0x30 Src/driver/stm32f407_can_driver.o
                0x0000000008000e68                CAN_DeInitFilter
 .text.CAN_FilterScale
                0x0000000008000e98       0x68 Src/driver/stm32f407_can_driver.o
                0x0000000008000e98                CAN_FilterScale
 .text.CAN_FilterMode
                0x0000000008000f00       0x30 Src/driver/stm32f407_can_driver.o
                0x0000000008000f00                CAN_FilterMode
 .text.CAN_FilterFIFOAs
                0x0000000008000f30       0x30 Src/driver/stm32f407_can_driver.o
                0x0000000008000f30                CAN_FilterFIFOAs
 .text.CAN_InitFilter
                0x0000000008000f60       0x30 Src/driver/stm32f407_can_driver.o
                0x0000000008000f60                CAN_InitFilter
 .text.CAN_SetBitTime1
                0x0000000008000f90       0x34 Src/driver/stm32f407_can_driver.o
                0x0000000008000f90                CAN_SetBitTime1
 .text.CAN_SetBitTime2
                0x0000000008000fc4       0x34 Src/driver/stm32f407_can_driver.o
                0x0000000008000fc4                CAN_SetBitTime2
 .text.CAN_setBitBRP
                0x0000000008000ff8       0x2c Src/driver/stm32f407_can_driver.o
                0x0000000008000ff8                CAN_setBitBRP
 .text.Flash_Read_Driver
                0x0000000008001024       0x4a Src/driver/stm32f407_flash_driver.o
                0x0000000008001024                Flash_Read_Driver
 *fill*         0x000000000800106e        0x2 
 .text.FLASH_Write_Word
                0x0000000008001070       0xa8 Src/driver/stm32f407_flash_driver.o
                0x0000000008001070                FLASH_Write_Word
 .text.Flash_ASync_Erase
                0x0000000008001118       0x1a Src/driver/stm32f407_flash_driver.o
                0x0000000008001118                Flash_ASync_Erase
 *fill*         0x0000000008001132        0x2 
 .text.Flash_Sync_Erase
                0x0000000008001134       0xc0 Src/driver/stm32f407_flash_driver.o
                0x0000000008001134                Flash_Sync_Erase
 .text.Linh_FLASH_Unlock
                0x00000000080011f4       0x34 Src/driver/stm32f407_flash_driver.o
                0x00000000080011f4                Linh_FLASH_Unlock
 .text.GPIO_PeriClockControl
                0x0000000008001228      0x1d4 Src/driver/stm32f407_gpio_driver.o
                0x0000000008001228                GPIO_PeriClockControl
 .text.GPIO_Init
                0x00000000080013fc      0x15a Src/driver/stm32f407_gpio_driver.o
                0x00000000080013fc                GPIO_Init
 .text.GPIO_TogglePin
                0x0000000008001556       0x2a Src/driver/stm32f407_gpio_driver.o
                0x0000000008001556                GPIO_TogglePin
 .text.UART5_Config
                0x0000000008001580       0xa4 Src/driver/stm32f407_usart_driver.o
                0x0000000008001580                UART5_Config
 .text.UART_Transmit1
                0x0000000008001624       0x50 Src/driver/stm32f407_usart_driver.o
                0x0000000008001624                UART_Transmit1
 .text.main     0x0000000008001674      0x14c Src/main.o
                0x0000000008001674                main
 .text.CAN_SetInterrupt
                0x00000000080017c0       0x2c Src/main.o
 *fill*         0x00000000080017ec        0x4 
 .text.CAN1_RX0_IRQHandler
                0x00000000080017f0       0xf0 Src/main.o
                0x00000000080017f0                CAN1_RX0_IRQHandler
 .text.Systick_Delay_ms
                0x00000000080018e0       0x48 Src/main.o
                0x00000000080018e0                Systick_Delay_ms
 .text.MX_CAN1_Init
                0x0000000008001928       0xc4 Src/main.o
 .text.GPIO_Lib_Config
                0x00000000080019ec       0xb4 Src/main.o
 .text.TachSo   0x0000000008001aa0      0x1dc Src/main.o
                0x0000000008001aa0                TachSo
 .text.STM32F4_CANRecive
                0x0000000008001c7c       0x8e Src/middleware/stm32f407_can_middleware.o
                0x0000000008001c7c                STM32F4_CANRecive
 .text.STM32F4_CANInit
                0x0000000008001d0a       0x7a Src/middleware/stm32f407_can_middleware.o
                0x0000000008001d0a                STM32F4_CANInit
 .text.STM32F4_CANStart
                0x0000000008001d84       0x26 Src/middleware/stm32f407_can_middleware.o
                0x0000000008001d84                STM32F4_CANStart
 .text.STM32F4_CANConfigFilter
                0x0000000008001daa       0x96 Src/middleware/stm32f407_can_middleware.o
                0x0000000008001daa                STM32F4_CANConfigFilter
 .text.STM32F4_CANSetBaudrate
                0x0000000008001e40       0xf0 Src/middleware/stm32f407_can_middleware.o
                0x0000000008001e40                STM32F4_CANSetBaudrate
 .text.Fls_IPW_Read
                0x0000000008001f30       0x28 Src/middleware/stm32f407_flash_middleware.o
                0x0000000008001f30                Fls_IPW_Read
 .text.Fls_IPW_SectorWrite
                0x0000000008001f58       0x26 Src/middleware/stm32f407_flash_middleware.o
                0x0000000008001f58                Fls_IPW_SectorWrite
 .text.Fls_IPW_SectorErase
                0x0000000008001f7e       0x46 Src/middleware/stm32f407_flash_middleware.o
                0x0000000008001f7e                Fls_IPW_SectorErase
 .text.Reset_Handler
                0x0000000008001fc4       0x50 Startup/startup_stm32f407vgtx.o
                0x0000000008001fc4                Reset_Handler
 .text.Default_Handler
                0x0000000008002014        0x2 Startup/startup_stm32f407vgtx.o
                0x0000000008002014                RTC_Alarm_IRQHandler
                0x0000000008002014                HASH_RNG_IRQHandler
                0x0000000008002014                EXTI2_IRQHandler
                0x0000000008002014                TIM8_CC_IRQHandler
                0x0000000008002014                DebugMon_Handler
                0x0000000008002014                TIM1_CC_IRQHandler
                0x0000000008002014                DMA2_Stream5_IRQHandler
                0x0000000008002014                HardFault_Handler
                0x0000000008002014                DMA1_Stream5_IRQHandler
                0x0000000008002014                SysTick_Handler
                0x0000000008002014                PVD_IRQHandler
                0x0000000008002014                SDIO_IRQHandler
                0x0000000008002014                TAMP_STAMP_IRQHandler
                0x0000000008002014                PendSV_Handler
                0x0000000008002014                NMI_Handler
                0x0000000008002014                CAN2_RX1_IRQHandler
                0x0000000008002014                EXTI3_IRQHandler
                0x0000000008002014                TIM8_TRG_COM_TIM14_IRQHandler
                0x0000000008002014                TIM1_UP_TIM10_IRQHandler
                0x0000000008002014                TIM8_UP_TIM13_IRQHandler
                0x0000000008002014                I2C3_ER_IRQHandler
                0x0000000008002014                LCD_TFT_IRQHandler
                0x0000000008002014                EXTI0_IRQHandler
                0x0000000008002014                I2C2_EV_IRQHandler
                0x0000000008002014                DMA1_Stream2_IRQHandler
                0x0000000008002014                FPU_IRQHandler
                0x0000000008002014                OTG_HS_WKUP_IRQHandler
                0x0000000008002014                UsageFault_Handler
                0x0000000008002014                CAN2_SCE_IRQHandler
                0x0000000008002014                DMA2_Stream2_IRQHandler
                0x0000000008002014                SPI1_IRQHandler
                0x0000000008002014                TIM6_DAC_IRQHandler
                0x0000000008002014                TIM1_BRK_TIM9_IRQHandler
                0x0000000008002014                DCMI_IRQHandler
                0x0000000008002014                CAN2_RX0_IRQHandler
                0x0000000008002014                DMA2_Stream3_IRQHandler
                0x0000000008002014                USART6_IRQHandler
                0x0000000008002014                USART3_IRQHandler
                0x0000000008002014                CRYP_IRQHandler
                0x0000000008002014                CAN1_RX1_IRQHandler
                0x0000000008002014                UART5_IRQHandler
                0x0000000008002014                DMA2_Stream0_IRQHandler
                0x0000000008002014                TIM4_IRQHandler
                0x0000000008002014                I2C1_EV_IRQHandler
                0x0000000008002014                DMA1_Stream6_IRQHandler
                0x0000000008002014                DMA1_Stream1_IRQHandler
                0x0000000008002014                UART4_IRQHandler
                0x0000000008002014                LCD_TFT_1_IRQHandler
                0x0000000008002014                TIM3_IRQHandler
                0x0000000008002014                RCC_IRQHandler
                0x0000000008002014                TIM8_BRK_TIM12_IRQHandler
                0x0000000008002014                Default_Handler
                0x0000000008002014                EXTI15_10_IRQHandler
                0x0000000008002014                ADC_IRQHandler
                0x0000000008002014                DMA1_Stream7_IRQHandler
                0x0000000008002014                TIM7_IRQHandler
                0x0000000008002014                CAN2_TX_IRQHandler
                0x0000000008002014                TIM5_IRQHandler
                0x0000000008002014                DMA2_Stream7_IRQHandler
                0x0000000008002014                I2C3_EV_IRQHandler
                0x0000000008002014                EXTI9_5_IRQHandler
                0x0000000008002014                RTC_WKUP_IRQHandler
                0x0000000008002014                ETH_WKUP_IRQHandler
                0x0000000008002014                SPI2_IRQHandler
                0x0000000008002014                OTG_HS_EP1_IN_IRQHandler
                0x0000000008002014                MemManage_Handler
                0x0000000008002014                DMA1_Stream0_IRQHandler
                0x0000000008002014                CAN1_TX_IRQHandler
                0x0000000008002014                SVC_Handler
                0x0000000008002014                EXTI4_IRQHandler
                0x0000000008002014                FSMC_IRQHandler
                0x0000000008002014                ETH_IRQHandler
                0x0000000008002014                OTG_HS_EP1_OUT_IRQHandler
                0x0000000008002014                WWDG_IRQHandler
                0x0000000008002014                TIM2_IRQHandler
                0x0000000008002014                OTG_FS_WKUP_IRQHandler
                0x0000000008002014                TIM1_TRG_COM_TIM11_IRQHandler
                0x0000000008002014                OTG_HS_IRQHandler
                0x0000000008002014                EXTI1_IRQHandler
                0x0000000008002014                USART2_IRQHandler
                0x0000000008002014                I2C2_ER_IRQHandler
                0x0000000008002014                DMA2_Stream1_IRQHandler
                0x0000000008002014                CAN1_SCE_IRQHandler
                0x0000000008002014                DMA2_Stream4_IRQHandler
                0x0000000008002014                BusFault_Handler
                0x0000000008002014                USART1_IRQHandler
                0x0000000008002014                OTG_FS_IRQHandler
                0x0000000008002014                SPI3_IRQHandler
                0x0000000008002014                DMA1_Stream4_IRQHandler
                0x0000000008002014                I2C1_ER_IRQHandler
                0x0000000008002014                DMA2_Stream6_IRQHandler
                0x0000000008002014                DMA1_Stream3_IRQHandler
 *fill*         0x0000000008002016        0x2 
 .text.__libc_init_array
                0x0000000008002018       0x48 d:/programs/st/stm32cubeide_1.4.0/stm32cubeide/plugins/com.st.stm32cube.ide.mcu.externaltools.gnu-tools-for-stm32.7-2018-q2-update.win32_1.4.0.202007081208/tools/bin/../lib/gcc/arm-none-eabi/7.3.1/../../../../arm-none-eabi/lib/thumb/v7e-m/fpv4-sp/hard\libc_nano.a(lib_a-init.o)
                0x0000000008002018                __libc_init_array
 *(.glue_7)
 .glue_7        0x0000000008002060        0x0 linker stubs
 *(.glue_7t)
 .glue_7t       0x0000000008002060        0x0 linker stubs
 *(.eh_frame)
 .eh_frame      0x0000000008002060        0x0 d:/programs/st/stm32cubeide_1.4.0/stm32cubeide/plugins/com.st.stm32cube.ide.mcu.externaltools.gnu-tools-for-stm32.7-2018-q2-update.win32_1.4.0.202007081208/tools/bin/../lib/gcc/arm-none-eabi/7.3.1/thumb/v7e-m/fpv4-sp/hard/crtbegin.o
 *(.init)
 .init          0x0000000008002060        0x4 d:/programs/st/stm32cubeide_1.4.0/stm32cubeide/plugins/com.st.stm32cube.ide.mcu.externaltools.gnu-tools-for-stm32.7-2018-q2-update.win32_1.4.0.202007081208/tools/bin/../lib/gcc/arm-none-eabi/7.3.1/thumb/v7e-m/fpv4-sp/hard/crti.o
                0x0000000008002060                _init
 .init          0x0000000008002064        0x8 d:/programs/st/stm32cubeide_1.4.0/stm32cubeide/plugins/com.st.stm32cube.ide.mcu.externaltools.gnu-tools-for-stm32.7-2018-q2-update.win32_1.4.0.202007081208/tools/bin/../lib/gcc/arm-none-eabi/7.3.1/thumb/v7e-m/fpv4-sp/hard/crtn.o
 *(.fini)
 .fini          0x000000000800206c        0x4 d:/programs/st/stm32cubeide_1.4.0/stm32cubeide/plugins/com.st.stm32cube.ide.mcu.externaltools.gnu-tools-for-stm32.7-2018-q2-update.win32_1.4.0.202007081208/tools/bin/../lib/gcc/arm-none-eabi/7.3.1/thumb/v7e-m/fpv4-sp/hard/crti.o
                0x000000000800206c                _fini
 .fini          0x0000000008002070        0x8 d:/programs/st/stm32cubeide_1.4.0/stm32cubeide/plugins/com.st.stm32cube.ide.mcu.externaltools.gnu-tools-for-stm32.7-2018-q2-update.win32_1.4.0.202007081208/tools/bin/../lib/gcc/arm-none-eabi/7.3.1/thumb/v7e-m/fpv4-sp/hard/crtn.o
                0x0000000008002078                . = ALIGN (0x4)
                0x0000000008002078                _etext = .

.vfp11_veneer   0x0000000008002078        0x0
 .vfp11_veneer  0x0000000008002078        0x0 linker stubs

.v4_bx          0x0000000008002078        0x0
 .v4_bx         0x0000000008002078        0x0 linker stubs

.iplt           0x0000000008002078        0x0
 .iplt          0x0000000008002078        0x0 d:/programs/st/stm32cubeide_1.4.0/stm32cubeide/plugins/com.st.stm32cube.ide.mcu.externaltools.gnu-tools-for-stm32.7-2018-q2-update.win32_1.4.0.202007081208/tools/bin/../lib/gcc/arm-none-eabi/7.3.1/thumb/v7e-m/fpv4-sp/hard/crtbegin.o

.rel.dyn        0x0000000008002078        0x0
 .rel.iplt      0x0000000008002078        0x0 d:/programs/st/stm32cubeide_1.4.0/stm32cubeide/plugins/com.st.stm32cube.ide.mcu.externaltools.gnu-tools-for-stm32.7-2018-q2-update.win32_1.4.0.202007081208/tools/bin/../lib/gcc/arm-none-eabi/7.3.1/thumb/v7e-m/fpv4-sp/hard/crtbegin.o

.rodata         0x0000000008002078        0x0
                0x0000000008002078                . = ALIGN (0x4)
 *(.rodata)
 *(.rodata*)
                0x0000000008002078                . = ALIGN (0x4)

.ARM.extab      0x0000000008002078        0x0
                0x0000000008002078                . = ALIGN (0x4)
 *(.ARM.extab* .gnu.linkonce.armextab.*)
                0x0000000008002078                . = ALIGN (0x4)

.ARM            0x0000000008002078        0x0
                0x0000000008002078                . = ALIGN (0x4)
                0x0000000008002078                __exidx_start = .
 *(.ARM.exidx*)
                0x0000000008002078                __exidx_end = .
                0x0000000008002078                . = ALIGN (0x4)

.preinit_array  0x0000000008002078        0x0
                0x0000000008002078                . = ALIGN (0x4)
                0x0000000008002078                PROVIDE (__preinit_array_start = .)
 *(.preinit_array*)
                0x0000000008002078                PROVIDE (__preinit_array_end = .)
                0x0000000008002078                . = ALIGN (0x4)

.init_array     0x0000000008002078        0x4
                0x0000000008002078                . = ALIGN (0x4)
                0x0000000008002078                PROVIDE (__init_array_start = .)
 *(SORT_BY_NAME(.init_array.*))
 *(.init_array*)
 .init_array    0x0000000008002078        0x4 d:/programs/st/stm32cubeide_1.4.0/stm32cubeide/plugins/com.st.stm32cube.ide.mcu.externaltools.gnu-tools-for-stm32.7-2018-q2-update.win32_1.4.0.202007081208/tools/bin/../lib/gcc/arm-none-eabi/7.3.1/thumb/v7e-m/fpv4-sp/hard/crtbegin.o
                0x000000000800207c                PROVIDE (__init_array_end = .)
                0x000000000800207c                . = ALIGN (0x4)

.fini_array     0x000000000800207c        0x4
                0x000000000800207c                . = ALIGN (0x4)
                [!provide]                        PROVIDE (__fini_array_start = .)
 *(SORT_BY_NAME(.fini_array.*))
 *(.fini_array*)
 .fini_array    0x000000000800207c        0x4 d:/programs/st/stm32cubeide_1.4.0/stm32cubeide/plugins/com.st.stm32cube.ide.mcu.externaltools.gnu-tools-for-stm32.7-2018-q2-update.win32_1.4.0.202007081208/tools/bin/../lib/gcc/arm-none-eabi/7.3.1/thumb/v7e-m/fpv4-sp/hard/crtbegin.o
                [!provide]                        PROVIDE (__fini_array_end = .)
                0x0000000008002080                . = ALIGN (0x4)
                0x0000000008002080                _sidata = LOADADDR (.data)

.data           0x0000000020000000       0x10 load address 0x0000000008002080
                0x0000000020000000                . = ALIGN (0x4)
                0x0000000020000000                _sdata = .
 *(.data)
 *(.data*)
 .data.v        0x0000000020000000        0x4 Src/main.o
                0x0000000020000000                v
 .data.s        0x0000000020000004        0x4 Src/main.o
                0x0000000020000004                s
 .data.p        0x0000000020000008        0x4 Src/main.o
                0x0000000020000008                p
 .data.t        0x000000002000000c        0x4 Src/main.o
                0x000000002000000c                t
                0x0000000020000010                . = ALIGN (0x4)
                0x0000000020000010                _edata = .

.igot.plt       0x0000000020000010        0x0 load address 0x0000000008002090
 .igot.plt      0x0000000020000010        0x0 d:/programs/st/stm32cubeide_1.4.0/stm32cubeide/plugins/com.st.stm32cube.ide.mcu.externaltools.gnu-tools-for-stm32.7-2018-q2-update.win32_1.4.0.202007081208/tools/bin/../lib/gcc/arm-none-eabi/7.3.1/thumb/v7e-m/fpv4-sp/hard/crtbegin.o
                0x0000000020000010                . = ALIGN (0x4)

.bss            0x0000000020000010       0xac load address 0x0000000008002090
                0x0000000020000010                _sbss = .
                0x0000000020000010                __bss_start__ = _sbss
 *(.bss)
 .bss           0x0000000020000010       0x1c d:/programs/st/stm32cubeide_1.4.0/stm32cubeide/plugins/com.st.stm32cube.ide.mcu.externaltools.gnu-tools-for-stm32.7-2018-q2-update.win32_1.4.0.202007081208/tools/bin/../lib/gcc/arm-none-eabi/7.3.1/thumb/v7e-m/fpv4-sp/hard/crtbegin.o
 *(.bss*)
 .bss.Fls_eJobResult
                0x000000002000002c        0x1 Src/app/stm32f407_flash_app.o
 *fill*         0x000000002000002d        0x3 
 .bss.UartTx    0x0000000020000030       0x11 Src/main.o
                0x0000000020000030                UartTx
 *fill*         0x0000000020000041        0x3 
 .bss.temps     0x0000000020000044        0x4 Src/main.o
                0x0000000020000044                temps
 *(COMMON)
 COMMON         0x0000000020000048       0x74 Src/main.o
                0x0000000020000048                RxFifo
                0x000000002000004c                DataNode1
                0x0000000020000050                huart5
                0x0000000020000054                DataNode2
                0x0000000020000058                TxMailbox
                0x000000002000005c                BufferRead
                0x0000000020000060                RxData
                0x0000000020000068                hcan1
                0x000000002000008c                TxHeader
                0x00000000200000a0                RxHeader
                0x00000000200000bc                . = ALIGN (0x4)
                0x00000000200000bc                _ebss = .
                0x00000000200000bc                __bss_end__ = _ebss

._user_heap_stack
                0x00000000200000bc      0x604 load address 0x0000000008002090
                0x00000000200000c0                . = ALIGN (0x8)
 *fill*         0x00000000200000bc        0x4 
                [!provide]                        PROVIDE (end = .)
                0x00000000200000c0                PROVIDE (_end = .)
                0x00000000200002c0                . = (. + _Min_Heap_Size)
 *fill*         0x00000000200000c0      0x200 
                0x00000000200006c0                . = (. + _Min_Stack_Size)
 *fill*         0x00000000200002c0      0x400 
                0x00000000200006c0                . = ALIGN (0x8)

/DISCARD/
 libc.a(*)
 libm.a(*)
 libgcc.a(*)

.ARM.attributes
                0x0000000000000000       0x30
 *(.ARM.attributes)
 .ARM.attributes
                0x0000000000000000       0x22 d:/programs/st/stm32cubeide_1.4.0/stm32cubeide/plugins/com.st.stm32cube.ide.mcu.externaltools.gnu-tools-for-stm32.7-2018-q2-update.win32_1.4.0.202007081208/tools/bin/../lib/gcc/arm-none-eabi/7.3.1/thumb/v7e-m/fpv4-sp/hard/crti.o
 .ARM.attributes
                0x0000000000000022       0x34 d:/programs/st/stm32cubeide_1.4.0/stm32cubeide/plugins/com.st.stm32cube.ide.mcu.externaltools.gnu-tools-for-stm32.7-2018-q2-update.win32_1.4.0.202007081208/tools/bin/../lib/gcc/arm-none-eabi/7.3.1/thumb/v7e-m/fpv4-sp/hard/crtbegin.o
 .ARM.attributes
                0x0000000000000056       0x39 Src/app/stm32f407_can_app.o
 .ARM.attributes
                0x000000000000008f       0x39 Src/app/stm32f407_flash_app.o
 .ARM.attributes
                0x00000000000000c8       0x39 Src/driver/stm32f407_can_driver.o
 .ARM.attributes
                0x0000000000000101       0x39 Src/driver/stm32f407_flash_driver.o
 .ARM.attributes
                0x000000000000013a       0x39 Src/driver/stm32f407_gpio_driver.o
 .ARM.attributes
                0x0000000000000173       0x39 Src/driver/stm32f407_usart_driver.o
 .ARM.attributes
                0x00000000000001ac       0x39 Src/main.o
 .ARM.attributes
                0x00000000000001e5       0x39 Src/middleware/stm32f407_can_middleware.o
 .ARM.attributes
                0x000000000000021e       0x39 Src/middleware/stm32f407_flash_middleware.o
 .ARM.attributes
                0x0000000000000257       0x21 Startup/startup_stm32f407vgtx.o
 .ARM.attributes
                0x0000000000000278       0x34 d:/programs/st/stm32cubeide_1.4.0/stm32cubeide/plugins/com.st.stm32cube.ide.mcu.externaltools.gnu-tools-for-stm32.7-2018-q2-update.win32_1.4.0.202007081208/tools/bin/../lib/gcc/arm-none-eabi/7.3.1/../../../../arm-none-eabi/lib/thumb/v7e-m/fpv4-sp/hard\libc_nano.a(lib_a-init.o)
 .ARM.attributes
                0x00000000000002ac       0x22 d:/programs/st/stm32cubeide_1.4.0/stm32cubeide/plugins/com.st.stm32cube.ide.mcu.externaltools.gnu-tools-for-stm32.7-2018-q2-update.win32_1.4.0.202007081208/tools/bin/../lib/gcc/arm-none-eabi/7.3.1/thumb/v7e-m/fpv4-sp/hard\libgcc.a(_arm_addsubdf3.o)
 .ARM.attributes
                0x00000000000002ce       0x22 d:/programs/st/stm32cubeide_1.4.0/stm32cubeide/plugins/com.st.stm32cube.ide.mcu.externaltools.gnu-tools-for-stm32.7-2018-q2-update.win32_1.4.0.202007081208/tools/bin/../lib/gcc/arm-none-eabi/7.3.1/thumb/v7e-m/fpv4-sp/hard\libgcc.a(_arm_muldivdf3.o)
 .ARM.attributes
                0x00000000000002f0       0x22 d:/programs/st/stm32cubeide_1.4.0/stm32cubeide/plugins/com.st.stm32cube.ide.mcu.externaltools.gnu-tools-for-stm32.7-2018-q2-update.win32_1.4.0.202007081208/tools/bin/../lib/gcc/arm-none-eabi/7.3.1/thumb/v7e-m/fpv4-sp/hard\libgcc.a(_arm_fixunsdfsi.o)
 .ARM.attributes
                0x0000000000000312       0x22 d:/programs/st/stm32cubeide_1.4.0/stm32cubeide/plugins/com.st.stm32cube.ide.mcu.externaltools.gnu-tools-for-stm32.7-2018-q2-update.win32_1.4.0.202007081208/tools/bin/../lib/gcc/arm-none-eabi/7.3.1/thumb/v7e-m/fpv4-sp/hard\libgcc.a(_arm_truncdfsf2.o)
 .ARM.attributes
                0x0000000000000334       0x22 d:/programs/st/stm32cubeide_1.4.0/stm32cubeide/plugins/com.st.stm32cube.ide.mcu.externaltools.gnu-tools-for-stm32.7-2018-q2-update.win32_1.4.0.202007081208/tools/bin/../lib/gcc/arm-none-eabi/7.3.1/thumb/v7e-m/fpv4-sp/hard/crtn.o
OUTPUT(Mydriver.elf elf32-littlearm)

.debug_info     0x0000000000000000     0x42e9
 .debug_info    0x0000000000000000      0x518 Src/app/stm32f407_can_app.o
 .debug_info    0x0000000000000518      0x256 Src/app/stm32f407_flash_app.o
 .debug_info    0x000000000000076e      0x9ad Src/driver/stm32f407_can_driver.o
 .debug_info    0x000000000000111b      0x2ad Src/driver/stm32f407_flash_driver.o
 .debug_info    0x00000000000013c8      0x7d0 Src/driver/stm32f407_gpio_driver.o
 .debug_info    0x0000000000001b98      0x849 Src/driver/stm32f407_usart_driver.o
 .debug_info    0x00000000000023e1     0x16d3 Src/main.o
 .debug_info    0x0000000000003ab4      0x582 Src/middleware/stm32f407_can_middleware.o
 .debug_info    0x0000000000004036      0x291 Src/middleware/stm32f407_flash_middleware.o
 .debug_info    0x00000000000042c7       0x22 Startup/startup_stm32f407vgtx.o

.debug_abbrev   0x0000000000000000      0xbea
 .debug_abbrev  0x0000000000000000      0x105 Src/app/stm32f407_can_app.o
 .debug_abbrev  0x0000000000000105       0xbc Src/app/stm32f407_flash_app.o
 .debug_abbrev  0x00000000000001c1      0x1a3 Src/driver/stm32f407_can_driver.o
 .debug_abbrev  0x0000000000000364      0x143 Src/driver/stm32f407_flash_driver.o
 .debug_abbrev  0x00000000000004a7      0x139 Src/driver/stm32f407_gpio_driver.o
 .debug_abbrev  0x00000000000005e0      0x144 Src/driver/stm32f407_usart_driver.o
 .debug_abbrev  0x0000000000000724      0x2ab Src/main.o
 .debug_abbrev  0x00000000000009cf      0x114 Src/middleware/stm32f407_can_middleware.o
 .debug_abbrev  0x0000000000000ae3       0xf5 Src/middleware/stm32f407_flash_middleware.o
 .debug_abbrev  0x0000000000000bd8       0x12 Startup/startup_stm32f407vgtx.o

.debug_aranges  0x0000000000000000      0x360
 .debug_aranges
                0x0000000000000000       0x48 Src/app/stm32f407_can_app.o
 .debug_aranges
                0x0000000000000048       0x30 Src/app/stm32f407_flash_app.o
 .debug_aranges
                0x0000000000000078       0xe0 Src/driver/stm32f407_can_driver.o
 .debug_aranges
                0x0000000000000158       0x40 Src/driver/stm32f407_flash_driver.o
 .debug_aranges
                0x0000000000000198       0x68 Src/driver/stm32f407_gpio_driver.o
 .debug_aranges
                0x0000000000000200       0x70 Src/driver/stm32f407_usart_driver.o
 .debug_aranges
                0x0000000000000270       0x50 Src/main.o
 .debug_aranges
                0x00000000000002c0       0x48 Src/middleware/stm32f407_can_middleware.o
 .debug_aranges
                0x0000000000000308       0x30 Src/middleware/stm32f407_flash_middleware.o
 .debug_aranges
                0x0000000000000338       0x28 Startup/startup_stm32f407vgtx.o

.debug_ranges   0x0000000000000000      0x2c8
 .debug_ranges  0x0000000000000000       0x38 Src/app/stm32f407_can_app.o
 .debug_ranges  0x0000000000000038       0x20 Src/app/stm32f407_flash_app.o
 .debug_ranges  0x0000000000000058       0xd0 Src/driver/stm32f407_can_driver.o
 .debug_ranges  0x0000000000000128       0x30 Src/driver/stm32f407_flash_driver.o
 .debug_ranges  0x0000000000000158       0x58 Src/driver/stm32f407_gpio_driver.o
 .debug_ranges  0x00000000000001b0       0x60 Src/driver/stm32f407_usart_driver.o
 .debug_ranges  0x0000000000000210       0x40 Src/main.o
 .debug_ranges  0x0000000000000250       0x38 Src/middleware/stm32f407_can_middleware.o
 .debug_ranges  0x0000000000000288       0x20 Src/middleware/stm32f407_flash_middleware.o
 .debug_ranges  0x00000000000002a8       0x20 Startup/startup_stm32f407vgtx.o

.debug_macro    0x0000000000000000     0x2ae6
 .debug_macro   0x0000000000000000       0xb5 Src/app/stm32f407_can_app.o
 .debug_macro   0x00000000000000b5      0xa60 Src/app/stm32f407_can_app.o
 .debug_macro   0x0000000000000b15       0x22 Src/app/stm32f407_can_app.o
 .debug_macro   0x0000000000000b37       0x8e Src/app/stm32f407_can_app.o
 .debug_macro   0x0000000000000bc5       0x51 Src/app/stm32f407_can_app.o
 .debug_macro   0x0000000000000c16       0xef Src/app/stm32f407_can_app.o
 .debug_macro   0x0000000000000d05       0x6a Src/app/stm32f407_can_app.o
 .debug_macro   0x0000000000000d6f      0x1df Src/app/stm32f407_can_app.o
 .debug_macro   0x0000000000000f4e       0x16 Src/app/stm32f407_can_app.o
 .debug_macro   0x0000000000000f64       0x8e Src/app/stm32f407_can_app.o
 .debug_macro   0x0000000000000ff2      0x160 Src/app/stm32f407_can_app.o
 .debug_macro   0x0000000000001152      0x33f Src/app/stm32f407_can_app.o
 .debug_macro   0x0000000000001491       0xb8 Src/app/stm32f407_flash_app.o
 .debug_macro   0x0000000000001549      0x1c6 Src/app/stm32f407_flash_app.o
 .debug_macro   0x000000000000170f       0xab Src/driver/stm32f407_can_driver.o
 .debug_macro   0x00000000000017ba      0x15a Src/driver/stm32f407_can_driver.o
 .debug_macro   0x0000000000001914       0xaa Src/driver/stm32f407_flash_driver.o
 .debug_macro   0x00000000000019be       0xa5 Src/driver/stm32f407_gpio_driver.o
 .debug_macro   0x0000000000001a63       0xab Src/driver/stm32f407_usart_driver.o
 .debug_macro   0x0000000000001b0e       0x88 Src/driver/stm32f407_usart_driver.o
 .debug_macro   0x0000000000001b96      0x233 Src/main.o
 .debug_macro   0x0000000000001dc9       0x46 Src/main.o
 .debug_macro   0x0000000000001e0f       0x18 Src/main.o
 .debug_macro   0x0000000000001e27       0x3c Src/main.o
 .debug_macro   0x0000000000001e63       0x34 Src/main.o
 .debug_macro   0x0000000000001e97       0x16 Src/main.o
 .debug_macro   0x0000000000001ead       0x97 Src/main.o
 .debug_macro   0x0000000000001f44      0x330 Src/main.o
 .debug_macro   0x0000000000002274       0xfd Src/main.o
 .debug_macro   0x0000000000002371       0x10 Src/main.o
 .debug_macro   0x0000000000002381       0x52 Src/main.o
 .debug_macro   0x00000000000023d3       0x1f Src/main.o
 .debug_macro   0x00000000000023f2       0x43 Src/main.o
 .debug_macro   0x0000000000002435       0x20 Src/main.o
 .debug_macro   0x0000000000002455      0x1a3 Src/main.o
 .debug_macro   0x00000000000025f8       0x10 Src/main.o
 .debug_macro   0x0000000000002608       0x1c Src/main.o
 .debug_macro   0x0000000000002624       0x52 Src/main.o
 .debug_macro   0x0000000000002676       0x40 Src/main.o
 .debug_macro   0x00000000000026b6       0x10 Src/main.o
 .debug_macro   0x00000000000026c6       0x40 Src/main.o
 .debug_macro   0x0000000000002706       0xd7 Src/main.o
 .debug_macro   0x00000000000027dd       0x1c Src/main.o
 .debug_macro   0x00000000000027f9       0x3d Src/main.o
 .debug_macro   0x0000000000002836       0x16 Src/main.o
 .debug_macro   0x000000000000284c      0x145 Src/main.o
 .debug_macro   0x0000000000002991       0xab Src/middleware/stm32f407_can_middleware.o
 .debug_macro   0x0000000000002a3c       0xaa Src/middleware/stm32f407_flash_middleware.o

.debug_line     0x0000000000000000     0x32f5
 .debug_line    0x0000000000000000      0x4fb Src/app/stm32f407_can_app.o
 .debug_line    0x00000000000004fb      0x4e2 Src/app/stm32f407_flash_app.o
 .debug_line    0x00000000000009dd      0x659 Src/driver/stm32f407_can_driver.o
 .debug_line    0x0000000000001036      0x513 Src/driver/stm32f407_flash_driver.o
 .debug_line    0x0000000000001549      0x595 Src/driver/stm32f407_gpio_driver.o
 .debug_line    0x0000000000001ade      0x56e Src/driver/stm32f407_usart_driver.o
 .debug_line    0x000000000000204c      0x838 Src/main.o
 .debug_line    0x0000000000002884      0x552 Src/middleware/stm32f407_can_middleware.o
 .debug_line    0x0000000000002dd6      0x49b Src/middleware/stm32f407_flash_middleware.o
 .debug_line    0x0000000000003271       0x84 Startup/startup_stm32f407vgtx.o

.debug_str      0x0000000000000000     0xb830
 .debug_str     0x0000000000000000     0x5ba8 Src/app/stm32f407_can_app.o
                                       0x5d75 (size before relaxing)
 .debug_str     0x0000000000005ba8      0xb5e Src/app/stm32f407_flash_app.o
                                       0x6562 (size before relaxing)
 .debug_str     0x0000000000006706      0x2c2 Src/driver/stm32f407_can_driver.o
                                       0x5f32 (size before relaxing)
 .debug_str     0x00000000000069c8      0x115 Src/driver/stm32f407_flash_driver.o
                                       0x6501 (size before relaxing)
 .debug_str     0x0000000000006add      0x53e Src/driver/stm32f407_gpio_driver.o
                                       0x5f9b (size before relaxing)
 .debug_str     0x000000000000701b      0x15f Src/driver/stm32f407_usart_driver.o
                                       0x5fa4 (size before relaxing)
 .debug_str     0x000000000000717a     0x4522 Src/main.o
                                       0xb1a2 (size before relaxing)
 .debug_str     0x000000000000b69c       0xe5 Src/middleware/stm32f407_can_middleware.o
                                       0x5e03 (size before relaxing)
 .debug_str     0x000000000000b781       0x7e Src/middleware/stm32f407_flash_middleware.o
                                       0x655e (size before relaxing)
 .debug_str     0x000000000000b7ff       0x31 Startup/startup_stm32f407vgtx.o
                                         0x61 (size before relaxing)

.comment        0x0000000000000000       0x7b
 .comment       0x0000000000000000       0x7b Src/app/stm32f407_can_app.o
                                         0x7c (size before relaxing)
 .comment       0x000000000000007b       0x7c Src/app/stm32f407_flash_app.o
 .comment       0x000000000000007b       0x7c Src/driver/stm32f407_can_driver.o
 .comment       0x000000000000007b       0x7c Src/driver/stm32f407_flash_driver.o
 .comment       0x000000000000007b       0x7c Src/driver/stm32f407_gpio_driver.o
 .comment       0x000000000000007b       0x7c Src/driver/stm32f407_usart_driver.o
 .comment       0x000000000000007b       0x7c Src/main.o
 .comment       0x000000000000007b       0x7c Src/middleware/stm32f407_can_middleware.o
 .comment       0x000000000000007b       0x7c Src/middleware/stm32f407_flash_middleware.o

.debug_frame    0x0000000000000000      0xd4c
 .debug_frame   0x0000000000000000       0xe8 Src/app/stm32f407_can_app.o
 .debug_frame   0x00000000000000e8       0x7c Src/app/stm32f407_flash_app.o
 .debug_frame   0x0000000000000164      0x3f8 Src/driver/stm32f407_can_driver.o
 .debug_frame   0x000000000000055c       0xc8 Src/driver/stm32f407_flash_driver.o
 .debug_frame   0x0000000000000624      0x19c Src/driver/stm32f407_gpio_driver.o
 .debug_frame   0x00000000000007c0      0x1b0 Src/driver/stm32f407_usart_driver.o
 .debug_frame   0x0000000000000970      0x108 Src/main.o
 .debug_frame   0x0000000000000a78       0xe8 Src/middleware/stm32f407_can_middleware.o
 .debug_frame   0x0000000000000b60       0x7c Src/middleware/stm32f407_flash_middleware.o
 .debug_frame   0x0000000000000bdc       0x2c d:/programs/st/stm32cubeide_1.4.0/stm32cubeide/plugins/com.st.stm32cube.ide.mcu.externaltools.gnu-tools-for-stm32.7-2018-q2-update.win32_1.4.0.202007081208/tools/bin/../lib/gcc/arm-none-eabi/7.3.1/../../../../arm-none-eabi/lib/thumb/v7e-m/fpv4-sp/hard\libc_nano.a(lib_a-init.o)
 .debug_frame   0x0000000000000c08       0xac d:/programs/st/stm32cubeide_1.4.0/stm32cubeide/plugins/com.st.stm32cube.ide.mcu.externaltools.gnu-tools-for-stm32.7-2018-q2-update.win32_1.4.0.202007081208/tools/bin/../lib/gcc/arm-none-eabi/7.3.1/thumb/v7e-m/fpv4-sp/hard\libgcc.a(_arm_addsubdf3.o)
 .debug_frame   0x0000000000000cb4       0x50 d:/programs/st/stm32cubeide_1.4.0/stm32cubeide/plugins/com.st.stm32cube.ide.mcu.externaltools.gnu-tools-for-stm32.7-2018-q2-update.win32_1.4.0.202007081208/tools/bin/../lib/gcc/arm-none-eabi/7.3.1/thumb/v7e-m/fpv4-sp/hard\libgcc.a(_arm_muldivdf3.o)
 .debug_frame   0x0000000000000d04       0x24 d:/programs/st/stm32cubeide_1.4.0/stm32cubeide/plugins/com.st.stm32cube.ide.mcu.externaltools.gnu-tools-for-stm32.7-2018-q2-update.win32_1.4.0.202007081208/tools/bin/../lib/gcc/arm-none-eabi/7.3.1/thumb/v7e-m/fpv4-sp/hard\libgcc.a(_arm_fixunsdfsi.o)
 .debug_frame   0x0000000000000d28       0x24 d:/programs/st/stm32cubeide_1.4.0/stm32cubeide/plugins/com.st.stm32cube.ide.mcu.externaltools.gnu-tools-for-stm32.7-2018-q2-update.win32_1.4.0.202007081208/tools/bin/../lib/gcc/arm-none-eabi/7.3.1/thumb/v7e-m/fpv4-sp/hard\libgcc.a(_arm_truncdfsf2.o)
