../Src/Can_BxCan.c:2:10:CAN_Driver_TSR	16	static
../Src/Can_BxCan.c:14:9:CAN_SetUpID	24	static
../Src/Can_BxCan.c:23:9:CAN_SetUpLD	24	static
../Src/Can_BxCan.c:32:9:CAN_WriteData	24	static
../Src/Can_BxCan.c:49:9:CAN_IPVSetTransmission	16	static
../Src/Can_BxCan.c:58:9:CAN_StatusMailBox	16	static
../Src/Can_BxCan.c:69:10:CAN_GetID	16	static
../Src/Can_BxCan.c:78:9:CAN_GetDataLength	16	static
../Src/Can_BxCan.c:87:9:CAN_ReadData	24	static
../Src/Can_BxCan.c:103:9:CAN_Release	16	static
../Src/Can_BxCan.c:112:9:CAN_ExitSleepMode	16	static
../Src/Can_BxCan.c:121:9:CAN_RXTimeTrigger	24	static
../Src/Can_BxCan.c:136:9:CAN_AutoRetransmit	16	static
../Src/Can_BxCan.c:145:9:CAN_LockFIFOMode	16	static
../Src/Can_BxCan.c:154:9:CAN_SetBitTime	24	static
../Src/Can_BxCan.c:167:9:CAN_SetMCRINRQ	16	static
../Src/Can_BxCan.c:176:9:CAN_InitModeFilter	24	static
../Src/Can_BxCan.c:194:9:CAN_DeInitFilter	24	static
../Src/Can_BxCan.c:202:9:CAN_FilterScale	24	static
../Src/Can_BxCan.c:221:9:CAN_FilterMode	24	static
../Src/Can_BxCan.c:230:9:CAN_FilterFIFOAs	24	static
../Src/Can_BxCan.c:239:9:CAN_InitFilter	24	static
