../Src/Can_BxCan.c:2:10:CAN_Driver_TSR	16	static
../Src/Can_BxCan.c:9:9:CAN_SetUpID	24	static
../Src/Can_BxCan.c:18:9:CAN_SetUpLD	24	static
../Src/Can_BxCan.c:27:9:CAN_WriteData	24	static
../Src/Can_BxCan.c:44:9:CAN_IPVSetTransmission	16	static
../Src/Can_BxCan.c:53:9:CAN_StatusMailBox	16	static
../Src/Can_BxCan.c:64:10:CAN_GetID	16	static
../Src/Can_BxCan.c:73:9:CAN_GetDataLength	16	static
../Src/Can_BxCan.c:82:9:CAN_ReadData	24	static
../Src/Can_BxCan.c:98:9:CAN_Release	16	static
../Src/Can_BxCan.c:107:9:CAN_ExitSleepMode	16	static
../Src/Can_BxCan.c:116:9:CAN_RXTimeTrigger	24	static
../Src/Can_BxCan.c:131:9:CAN_AutoRetransmit	16	static
../Src/Can_BxCan.c:141:9:CAN_LockFIFOMode	16	static
../Src/Can_BxCan.c:150:9:CAN_SetBitTime	24	static
../Src/Can_BxCan.c:163:9:CAN_SetMCRINRQ	16	static
../Src/Can_BxCan.c:173:9:CAN_InitModeFilter	24	static
../Src/Can_BxCan.c:191:9:CAN_DeInitFilter	24	static
../Src/Can_BxCan.c:199:9:CAN_FilterScale	24	static
../Src/Can_BxCan.c:218:9:CAN_FilterMode	24	static
../Src/Can_BxCan.c:227:9:CAN_FilterFIFOAs	24	static
../Src/Can_BxCan.c:236:9:CAN_InitFilter	24	static
